06-10 13:25:09.173   621   665 W PackageManager: Unknown permission com.amazon.venezia.DEEP_LINK_TO_3P_APP in package com.amazon.paladin
06-10 13:25:09.173   621   665 W PackageManager: Unknown permission com.amazon.tv.launcher.permission.DEEPLINK in package com.amazon.paladin
06-10 13:25:09.173   621   665 W PackageManager: Unknown permission com.amazon.fwp.permission.FWP_APP in package com.amazon.paladin
06-10 13:25:09.173   621   665 W PackageManager: Unknown permission com.amazon.sm.permission.READ_SMART_MOTION_STATUS in package com.amazon.paladin
06-10 13:25:09.173   621   665 W PackageManager: Unknown permission android.permission.FOREGROUND_SERVICE in package com.amazon.alexa.webmediaplayer.fireos
06-10 13:25:09.176   621   665 W PackageManager: Unknown permission amazon.aosp.permission.INJECT_EVENTS in package com.amazon.alexa.timeoutmanagerapp
06-10 13:25:09.176   621   665 W PackageManager: Unknown permission android.permission.FOREGROUND_SERVICE in package com.amazon.apl.awsanalyticsextension
06-10 13:25:09.178   621   665 W PackageManager: Unknown permission com.amazon.crashreporterservice.permission.CRASH_ACCESS in package com.amazon.device.crashmanager
06-10 13:25:09.178   621   665 W PackageManager: Unknown permission com.amazon.permission.ESPRESSO_SHOT_PERMISSION in package com.amazon.device.crashmanager
06-10 13:25:09.179   621   665 W PackageManager: Unknown permission com.amazon.cloudstreaming.RECEIVE_PURGE_EVENT in package com.amazon.device.crashmanager
06-10 13:25:09.179   621   665 W PackageManager: Unknown permission com.amazon.cloudstreaming.RECEIVE_END_SESSION in package com.amazon.device.crashmanager
06-10 13:25:09.179   621   665 W PackageManager: Unknown permission com.amazon.dcp.sso.permission.MULTIPLE_PROFILE_AWARE in package com.amazon.whisperjoin.middleware.np
06-10 13:25:09.180   621   665 W PackageManager: Unknown permission android.permission.BLUETOOTH_SCAN in package com.amazon.whisperjoin.middleware.np
06-10 13:25:09.180   621   665 W PackageManager: Unknown permission android.permission.BLUETOOTH_CONNECT in package com.amazon.whisperjoin.middleware.np
06-10 13:25:09.180   621   665 W PackageManager: Unknown permission android.permission.BLUETOOTH_ADVERTISE in package com.amazon.whisperjoin.middleware.np
06-10 13:25:09.180   621   665 W PackageManager: Unknown permission android.permission.ACCESS_BACKGROUND_LOCATION in package com.amazon.whisperjoin.middleware.np
06-10 13:25:09.180   621   665 W PackageManager: Unknown permission com.amazon.whisperjoin.deviceprovisioningservice.FFSServiceAction.permission in package com.amazon.whisperjoin.middleware.np
06-10 13:25:09.181   621   665 W PackageManager: Unknown permission com.amazon.knight.input.permission.FILTER_INPUT_EVENTS in package com.amazon.knight.ecs
06-10 13:25:09.182   621   665 W PackageManager: Unknown permission com.amazon.dcp.sso.permission.MULTIPLE_PROFILE_AWARE in package com.amazon.device.smarthome.adapters.ble
06-10 13:25:09.182   621   665 W PackageManager: Unknown permission amazon.permission.WRITE_EXTERNAL_STORAGE in package com.amazon.device.smarthome.adapters.ble
06-10 13:25:09.182   621   665 W PackageManager: Unknown permission android.permission.FOREGROUND_SERVICE in package com.amazon.device.smarthome.adapters.ble
06-10 13:25:09.182   621   665 W PackageManager: Unknown permission com.amazon.dcp.sso.permission.MULTIPLE_PROFILE_AWARE in package com.android.systemui
06-10 13:25:09.183   621   665 W PackageManager: Unknown permission com.amazon.weather.permission.ACCESS_WEATHER_DATA in package com.android.systemui
06-10 13:25:09.183   621   665 W PackageManager: Unknown permission com.amazon.anchordian.permission.PILL_PERSISTENCY_SETTER in package com.android.systemui
06-10 13:25:09.183   621   665 W PackageManager: Unknown permission android.permission.FOREGROUND_SERVICE in package com.amazon.alexa.identity
06-10 13:25:09.183   621   665 W PackageManager: Unknown permission amazon.camera.CAMERA_OPERATIONS in package com.amazon.alexa.identity
06-10 13:25:09.184   621   665 W PackageManager: Unknown permission com.amazon.edgecvs.permission.ACCESS in package com.amazon.alexa.identity
06-10 13:25:09.184   621   665 W PackageManager: Unknown permission com.amazon.alexa.ms.kinex.VISUAL_ATTENTION_BIND in package com.amazon.alexa.identity
06-10 13:25:09.185   621   665 W PackageManager: Unknown permission com.amazon.adep.permission.GET_STATUS in package com.amazon.adep
06-10 13:25:09.186   621   665 W PackageManager: Unknown permission com.amazon.adep.permission.GET_INFORMATION in package com.amazon.adep
06-10 13:25:09.186   621   665 W PackageManager: Unknown permission android.permission.REQUEST_DELETE_PACKAGES in package com.amazon.adep
06-10 13:25:09.186   621   665 W PackageManager: Unknown permission com.amazon.settings.AMAZONTABLETSETTINGS_PERMISSION in package com.amazon.adep
06-10 13:25:09.186   621   665 W PackageManager: Unknown permission android.permission.QUERY_ALL_PACKAGES in package com.amazon.adep
06-10 13:25:09.186   621   665 W PackageManager: Unknown permission android.permission.FOREGROUND_SERVICE in package com.amazon.adep
06-10 13:25:09.186   621   665 W PackageManager: Unknown permission android.permission.FOREGROUND_SERVICE in package com.amazon.aria
06-10 13:25:09.187   621   665 W PackageManager: Unknown permission com.amazon.theia.sm.permission.FRAMEWORK in package com.amazon.aria
06-10 13:25:09.187   621   665 W PackageManager: Unknown permission com.amazon.venezia.DEEP_LINK_TO_3P_APP in package com.amazon.aria
06-10 13:25:09.187   621   665 W PackageManager: Unknown permission com.amazon.tv.launcher.permission.DEEPLINK in package com.amazon.aria
06-10 13:25:09.188   621   665 W PackageManager: Unknown permission com.amazon.permission.SET_FLAG_EXPANDED_SOFTKEYS in package com.amazon.avod
06-10 13:25:09.188   621   665 W PackageManager: Unknown permission com.amazon.permission.CONFIG_SOFTKEYS in package com.amazon.avod
06-10 13:25:09.190   621   665 W PackageManager: Unknown permission android.permission.POST_NOTIFICATIONS in package com.amazon.avod
06-10 13:25:09.190   621   665 W PackageManager: Unknown permission android.permission.SCHEDULE_EXACT_ALARM in package com.amazon.avod
06-10 13:25:09.190   621   665 W PackageManager: Unknown permission android.permission.FOREGROUND_SERVICE in package com.amazon.avod
06-10 13:25:09.191   621   665 W PackageManager: Unknown permission com.amazon.tv.devicecontrol.READ in package com.amazon.whad
06-10 13:25:09.191   621   665 W PackageManager: Unknown permission com.amazon.permission.GET_INPUT_SWITCH in package com.amazon.whad
06-10 13:25:09.194   621   665 W PackageManager: Unknown permission com.amazon.permission.READ_AMBIENT_STATE in package com.amazon.alexa.externalmediaplayer.fireos
06-10 13:25:09.194   621   665 W PackageManager: Unknown permission android.permission.FOREGROUND_SERVICE in package com.amazon.alexa.externalmediaplayer.fireos
06-10 13:25:09.195   621   665 W PackageManager: Unknown permission android.permission.FOREGROUND_SERVICE in package com.amazon.alarms
06-10 13:25:09.196   621   665 W PackageManager: Unknown permission com.amazon.vizzini.PLAY_TTS in package com.amazon.alarms
06-10 13:25:09.198   621   665 W PackageManager: Unknown permission com.amazon.permission.READ_AMBIENT_STATE in package com.amazon.bishop
06-10 13:25:09.198   621   665 W PackageManager: Unknown permission amazon.music.permission.LAUNCH_ALEXA_MUSIC in package com.amazon.bishop
06-10 13:25:09.198   621   665 W PackageManager: Unknown permission com.amazon.knight.permission.SIM_CONNECTION in package com.amazon.bishop
06-10 13:25:09.198   621   665 W PackageManager: Unknown permission amazon.swhags.SWHAGS_SERVICE_COMMUNICATION in package com.amazon.bishop
06-10 13:25:09.198   621   665 W PackageManager: Unknown permission android.permission.FOREGROUND_SERVICE in package com.amazon.bishop
06-10 13:25:09.199   621   665 W PackageManager: Unknown permission com.amazon.permission.MODIFY_NETWORK_POWER_SETTINGS in package com.amazon.ssdpservice
06-10 13:25:09.199   621   665 W PackageManager: Unknown permission android.permission.ACCESS_ADSERVICES_ATTRIBUTION in package com.amazon.cloud9
06-10 13:25:09.199   621   665 W PackageManager: Unknown permission android.permission.BLUETOOTH_CONNECT in package com.amazon.cloud9
06-10 13:25:09.199   621   665 W PackageManager: Unknown permission android.permission.BLUETOOTH_ADVERTISE in package com.amazon.cloud9
06-10 13:25:09.199   621   665 W PackageManager: Unknown permission android.permission.BLUETOOTH_SCAN in package com.amazon.cloud9
06-10 13:25:09.199   621   665 W PackageManager: Unknown permission android.permission.FOREGROUND_SERVICE_MEDIA_PLAYBACK in package com.amazon.cloud9
06-10 13:25:09.199   621   665 W PackageManager: Unknown permission android.permission.FOREGROUND_SERVICE_DATA_SYNC in package com.amazon.cloud9
06-10 13:25:09.199   621   665 W PackageManager: Not granting permission android.permission.GET_ACCOUNTS to package com.amazon.cloud9 because it was previously installed without
06-10 13:25:09.199   621   665 W PackageManager: Unknown permission android.permission.POST_NOTIFICATIONS in package com.amazon.cloud9
06-10 13:25:09.199   621   665 W PackageManager: Unknown permission android.permission.QUERY_ALL_PACKAGES in package com.amazon.cloud9
06-10 13:25:09.199   621   665 W PackageManager: Not granting permission android.permission.READ_EXTERNAL_STORAGE to package com.amazon.cloud9 because it was previously installed without
06-10 13:25:09.199   621   665 W PackageManager: Unknown permission android.permission.READ_MEDIA_AUDIO in package com.amazon.cloud9
06-10 13:25:09.199   621   665 W PackageManager: Unknown permission android.permission.READ_MEDIA_IMAGES in package com.amazon.cloud9
06-10 13:25:09.199   621   665 W PackageManager: Unknown permission android.permission.READ_MEDIA_VIDEO in package com.amazon.cloud9
06-10 13:25:09.199   621   665 W PackageManager: Unknown permission android.permission.USE_BIOMETRIC in package com.amazon.cloud9
06-10 13:25:09.199   621   665 W PackageManager: Not granting permission android.permission.WRITE_EXTERNAL_STORAGE to package com.amazon.cloud9 because it was previously installed without
06-10 13:25:09.199   621   665 W PackageManager: Unknown permission android.permission.CREDENTIAL_MANAGER_QUERY_CANDIDATE_CREDENTIALS in package com.amazon.cloud9
06-10 13:25:09.199   621   665 W PackageManager: Unknown permission android.permission.CREDENTIAL_MANAGER_SET_ALLOWED_PROVIDERS in package com.amazon.cloud9
06-10 13:25:09.199   621   665 W PackageManager: Unknown permission android.permission.CREDENTIAL_MANAGER_SET_ORIGIN in package com.amazon.cloud9
06-10 13:25:09.199   621   665 W PackageManager: Unknown permission com.google.android.apps.now.CURRENT_ACCOUNT_ACCESS in package com.amazon.cloud9
06-10 13:25:09.201   621   665 W PackageManager: Unknown permission com.amazon.settings.PARENT_MONITORING in package com.amazon.cloud9
06-10 13:25:09.202   621   665 W PackageManager: Unknown permission com.amazon.knight.permission.SIM_CONNECTION in package com.amazon.cloud9
06-10 13:25:09.202   621   665 W PackageManager: Unknown permission com.google.android.gms.permission.AD_ID in package com.amazon.cloud9
06-10 13:25:09.202   621   665 W PackageManager: Unknown permission com.amazon.dcp.sso.permission.MULTIPLE_PROFILE_AWARE in package com.amazon.cloud9
06-10 13:25:09.202   621   665 W PackageManager: Unknown permission amazon.permission.AMZN_KEY in package com.amazon.wifi.sync
06-10 13:25:09.203   621   665 W PackageManager: Unknown permission com.amazon.permission.AMAZON_UNIFIED_NETWORK in package com.amazon.wifi.sync
06-10 13:25:09.203   621   665 W PackageManager: Unknown permission amazon.aosp.permission.NETWORK_SETTINGS in package com.amazon.wifi.sync
06-10 13:25:09.206   621   665 W PackageManager: Unknown permission com.amazon.theia.sm.permission.FRAMEWORK in package com.amazon.alexaviz
06-10 13:25:09.206   621   665 W PackageManager: Unknown permission com.google.android.gallery3d.permission.GALLERY_PROVIDER in package com.android.bluetooth
06-10 13:25:09.206   621   665 W PackageManager: Unknown permission com.android.gallery3d.permission.GALLERY_PROVIDER in package com.android.bluetooth
06-10 13:25:09.207   621   665 W PackageManager: Unknown permission android.permission.FOREGROUND_SERVICE in package com.amazon.webview.chromium
06-10 13:25:09.207   621   665 W PackageManager: Unknown permission com.amazon.knight.permission.SIM_CONNECTION in package com.amazon.bluejay
06-10 13:25:09.207   621   665 W PackageManager: Unknown permission android.permission.FOREGROUND_SERVICE in package com.amazon.bluejay
06-10 13:25:09.208   621   665 W PackageManager: Unknown permission com.amazon.vizzini.PLAY_TTS in package com.amazon.bluejay
06-10 13:25:09.208   621   665 W PackageManager: Unknown permission com.amazon.knight.permission.SIM_CONNECTION in package com.amazon.alexa.awaservice
06-10 13:25:09.208   621   665 W PackageManager: Unknown permission amazon.permission.WRITE_EXTERNAL_STORAGE in package com.amazon.device.gadgetscontrolmanager
06-10 13:25:09.208   621   665 W PackageManager: Unknown permission com.amazon.knight.permission.SIM_CONNECTION in package com.amazon.alexa.youtube.app
06-10 13:25:09.247   621   633 E PinnerService: Could not pin file /system/bin/perfrecoveryd with error open failed: EACCES (Permission denied)
06-10 13:25:09.247   621   633 E PinnerService: Failed to pin file = /system/bin/perfrecoveryd
06-10 13:25:09.248   621   633 E PinnerService: Could not pin file /system/bin/trackerd with error open failed: EACCES (Permission denied)
06-10 13:25:09.248   621   633 E PinnerService: Failed to pin file = /system/bin/trackerd
06-10 13:25:09.257   621   633 E PinnerService: Could not pin file /system/bin/lmkd with error open failed: EACCES (Permission denied)
06-10 13:25:09.257   621   633 E PinnerService: Failed to pin file = /system/bin/lmkd
06-10 13:25:09.257   621   633 E PinnerService: Could not pin file /system/bin/servicemanager with error open failed: EACCES (Permission denied)
06-10 13:25:09.257   621   633 E PinnerService: Failed to pin file = /system/bin/servicemanager
06-10 13:25:09.259   621   633 E PinnerService: Could not pin file /system/bin/integrity_logger with error open failed: EACCES (Permission denied)
06-10 13:25:09.259   621   633 E PinnerService: Failed to pin file = /system/bin/integrity_logger
06-10 13:25:09.259   621   633 E PinnerService: Could not pin file /system/vendor/bin/securetime with error open failed: EACCES (Permission denied)
06-10 13:25:09.259   621   633 E PinnerService: Failed to pin file = /system/vendor/bin/securetime
06-10 13:25:09.335   621   621 I SystemServer: StartLockSettingsService
06-10 13:25:09.335   621   621 I SystemServiceManager: Starting com.android.server.LockSettingsService$Lifecycle
06-10 13:25:09.338   621   663 I ActivityManager: Config changes=8 {1.0 ?mcc?mnc [en_IN] ldltr sw480dp w960dp h456dp 160dpi lrg long land desk night=48 finger -keyb/v/h -nav/h s.5}
06-10 13:25:09.349   621   665 W MountService: No primary storage mounted!
06-10 13:25:09.351   621   665 I MountService: Running fstrim idle maintenance
06-10 13:25:09.356   621   621 I SystemServiceManager: Starting com.android.server.DeviceIdleController
06-10 13:25:09.361   621   621 I SystemServiceManager: Starting com.android.server.devicepolicy.DevicePolicyManagerService$Lifecycle
06-10 13:25:09.376   621   621 I SystemServer: StartStatusBarManagerService
06-10 13:25:09.381   621   621 I SystemServer: StartClipboardService
06-10 13:25:09.386   621   621 I SystemServer: StartNetworkManagementService
06-10 13:25:09.389   621   670 I NetworkManagement: onDaemonConnected()
06-10 13:25:09.394   621   621 I SystemServiceManager: Starting com.android.server.TextServicesManagerService$Lifecycle
06-10 13:25:09.396   621   621 W TextServicesManagerService: no available spell checker services found
06-10 13:25:09.398   621   621 I SystemServer: StartNetworkScoreService
06-10 13:25:09.402   621   621 I SystemServer: StartNetworkStatsService
06-10 13:25:09.417   621   621 I SystemServer: StartNetworkPolicyManagerService
06-10 13:25:09.425   621   621 I SystemServer: No Wi-Fi NAN Service (NAN support Not Present)
06-10 13:25:09.427   621   621 I SystemServiceManager: Starting com.android.server.wifi.p2p.WifiP2pService
06-10 13:25:09.461   621   633 I UsageStatsService: User[0] Rollover scheduled @ 2024-06-11 17:26:15(1718106975846)
06-10 13:25:09.468   621   621 I SystemServiceManager: Starting com.android.server.wifi.WifiService
06-10 13:25:09.751   621   621 I SystemServiceManager: Starting com.android.server.wifi.scanner.WifiScanningService
06-10 13:25:09.773   621   621 I SystemServiceManager: Starting com.android.server.wifi.RttService
06-10 13:25:09.776   621   621 I SystemServiceManager: Starting com.android.server.ethernet.EthernetService
06-10 13:25:09.785   621   621 I SystemServer: StartConnectivityService
06-10 13:25:09.796   621   621 E ConnectivityService: Ignoring protectedNetwork 10
06-10 13:25:09.796   621   621 E ConnectivityService: Ignoring protectedNetwork 11
06-10 13:25:09.796   621   621 E ConnectivityService: Ignoring protectedNetwork 12
06-10 13:25:09.797   621   621 E ConnectivityService: Ignoring protectedNetwork 14
06-10 13:25:09.797   621   621 E ConnectivityService: Ignoring protectedNetwork 15
06-10 13:25:09.808   621   621 I SystemServer: StartNsdService
06-10 13:25:09.812   621   621 I SystemServer: StartUpdateLockService
06-10 13:25:09.814   621   621 I SystemServiceManager: Starting com.android.server.RecoverySystemService
06-10 13:25:09.816   621   621 I SystemServiceManager: Starting com.android.server.notification.NotificationManagerService
06-10 13:25:10.100   621   621 W SystemServiceManager: Service com.android.server.notification.NotificationManagerService took 280 ms in onStart
06-10 13:25:10.101   621   621 I SystemServiceManager: Starting com.android.server.storage.DeviceStorageMonitorService
06-10 13:25:10.104   621   621 I SystemServer: StartLocationManagerService
06-10 13:25:10.108   621   621 I SystemServer: StartCountryDetectorService
06-10 13:25:10.109   621   621 I SystemServer: StartSearchManagerService
06-10 13:25:10.110   621   621 I SystemServiceManager: Starting com.android.server.search.SearchManagerService$Lifecycle
06-10 13:25:10.116   621   621 I SystemServiceManager: Starting com.android.server.DropBoxManagerService
06-10 13:25:10.123   621   621 I SystemServer: StartAudioService
06-10 13:25:10.123   621   621 I SystemServiceManager: Starting com.android.server.audio.AudioService$Lifecycle
06-10 13:25:10.359   184   669 I vold    : Trimmed 2579218432 bytes on /data in 1003ms
06-10 13:25:10.373   184   669 I vold    : Trimmed 259854336 bytes on /cache in 13ms
06-10 13:25:10.380   621   641 W DropBoxManagerService: Unrecognized file: /data/system/dropbox/traces_commonlog.txt
06-10 13:25:10.631   621   621 W WindowOrientationListener: Cannot detect sensors. Not enabled
06-10 13:25:10.631   621   621 W WindowOrientationListener: Cannot detect sensors. Invalid disable
06-10 13:25:10.643   621   621 I SystemServiceManager: Starting com.android.server.DockObserver
06-10 13:25:10.644   621   621 W DockObserver: This kernel does not have dock station support
06-10 13:25:10.645   621   621 I SystemServer: StartWiredAccessoryManager
06-10 13:25:10.647   621   621 W WiredAccessoryManager: This kernel does not have wired headset support
06-10 13:25:10.647   621   621 W WiredAccessoryManager: This kernel does not have usb audio support
06-10 13:25:10.647   621   621 W WiredAccessoryManager: This kernel does not have HDMI audio support
06-10 13:25:10.649   621   621 I SystemServiceManager: Starting com.android.server.midi.MidiService$Lifecycle
06-10 13:25:10.652   621   621 I SystemServiceManager: Starting com.android.server.usb.UsbService$Lifecycle
06-10 13:25:10.655   621   621 W UsbAudioManagerCallback: Card serial file not found
06-10 13:25:10.665   621   621 I SystemServer: StartSerialService
06-10 13:25:10.670   621   621 I SystemServiceManager: Starting com.android.server.twilight.TwilightService
06-10 13:25:10.670   621   621 I SystemServiceManager: Starting com.android.server.job.JobSchedulerService
06-10 13:25:10.692   621   621 I SystemServiceManager: Starting com.android.server.soundtrigger.SoundTriggerService
06-10 13:25:10.694   621   621 I SystemServiceManager: Starting com.android.server.backup.BackupManagerService$Lifecycle
06-10 13:25:10.697   621   621 I SystemServiceManager: Starting com.android.server.appwidget.AppWidgetService
06-10 13:25:10.711   621   621 I SystemServiceManager: Starting com.android.server.voiceinteraction.VoiceInteractionManagerService
06-10 13:25:10.714   621   621 I SystemServiceManager: Starting com.android.server.SensorNotificationService
06-10 13:25:10.715   621   621 I SystemServiceManager: Starting com.android.server.ContextHubSystemService
06-10 13:25:10.716   621   621 I SystemServer: StartDiskStatsService
06-10 13:25:10.718   621   621 I SystemServer: StartSamplingProfilerService
06-10 13:25:10.724   621   621 I SystemServer: StartCommonTimeManagementService
06-10 13:25:10.726   621   621 I SystemServer: CertBlacklister
06-10 13:25:10.727   621   621 I SystemServiceManager: Starting com.android.server.emergency.EmergencyAffordanceService
06-10 13:25:10.728   621   621 I SystemServiceManager: Starting com.android.server.dreams.DreamManagerService
06-10 13:25:10.732   621   621 I SystemServer: StartAssetAtlasService
06-10 13:25:10.737   621   621 I SystemServiceManager: Starting com.android.server.print.PrintManagerService
06-10 13:25:10.741   621   621 I SystemServiceManager: Starting com.android.server.restrictions.RestrictionsManagerService
06-10 13:25:10.743   621   621 I SystemServiceManager: Starting com.android.server.media.MediaSessionService
06-10 13:25:10.751   621   621 I SystemServer: StartMediaRouterService
06-10 13:25:10.753   621   621 I SystemServiceManager: Starting com.android.server.trust.TrustManagerService
06-10 13:25:10.766   621   621 I FrameworkJumpTable: Successfully loaded all classes
06-10 13:25:10.785   621   621 I FrameworkJumpTable: Successfully loaded all methods
06-10 13:25:10.787   621   621 I FrameworkJumpTable: Successfully loaded all fields
06-10 13:25:10.787   621   621 I FrameworkJumpTable: Successfully loaded all constructors
06-10 13:25:10.789   621   621 I SystemServer: StartBackgroundDexOptService
06-10 13:25:10.790   621   621 I SystemServiceManager: Starting com.android.server.pm.ShortcutService$Lifecycle
06-10 13:25:10.795   621   621 I SystemServiceManager: Starting com.android.server.pm.LauncherAppsService
06-10 13:25:10.797   621   621 I SystemServiceManager: Starting com.android.server.media.projection.MediaProjectionManagerService
06-10 13:25:10.804   621   621 I SystemServiceManager: Starting com.android.server.MmsServiceBroker
06-10 13:25:10.807   621   621 I SystemServiceManager: Starting com.amazon.android.service.thermal.ThermalService
06-10 13:25:10.946   621   621 I SystemServiceManager: Starting com.amazon.android.service.MarketplaceService
06-10 13:25:10.950   621   621 I SystemServiceManager: Starting com.amazon.android.service.amazonprofile.AmazonProfileService
06-10 13:25:10.956   621   621 I SystemServiceManager: Starting com.amazon.server.protometrics.AmazonProtometricsService
06-10 13:25:10.964   621   621 I SystemServiceManager: Starting com.amazon.android.server.arcusservice.ArcusService
06-10 13:25:10.969   621   621 I SystemServiceManager: Starting com.amazon.server.amazonama.AmazonMobileAccessoryService
06-10 13:25:10.989   621   621 I SystemServiceManager: Starting com.amazon.android.service.pm.AmazonPackageManagerService
06-10 13:25:10.991   621   621 I SystemServiceManager: Starting com.amazon.service.bspdiagservice.BspDiagService
06-10 13:25:11.000   621   621 I SystemServiceManager: Starting com.amazon.server.amazonchipble.AmazonChipBleManagerService
06-10 13:25:11.001   621   621 I SystemServiceManager: Starting com.amazon.android.service.DeviceInfoService
06-10 13:25:11.003   621   621 I SystemServiceManager: Starting com.amazon.fireos.runtimepersistent.RuntimePersistentService
06-10 13:25:11.006   621   621 I SystemServiceManager: Starting com.amazon.android.service.banyannativesystemservice.BanyanNativeSystemService
06-10 13:25:11.009   621   621 I SystemServiceManager: Starting com.android.server.display.AmazonLedBrightnessControllerService
06-10 13:25:11.011   621   728 W ContextImpl: Calling a method in the system process without a qualified user: android.app.ContextImpl.bindService:1450 com.amazon.android.service.banyannativesystemservice.BanyanNativeSystemService$2.run:201 <bottom of call stack> <bottom of call stack> <bottom of call stack> 
06-10 13:25:11.011   621   728 W ActivityManager: Unable to start service Intent { cmp=com.amazon.banyan.core/.android.CoreService } U=0: not found
06-10 13:25:11.013   621   621 I SystemServiceManager: Starting com.amazon.android.service.nativeaccessorcatalog.AndroidBTProxySystemService
06-10 13:25:11.015   621   621 I SystemServiceManager: Starting com.amazon.android.service.AmazonWifiService
06-10 13:25:11.055   621   621 I SystemServiceManager: Starting com.amazon.server.wirelessmetrics.AmazonWirelessMetricsService
06-10 13:25:11.058   621   621 I SystemServiceManager: Starting com.amazon.android.service.davsnativesystemservice.DAVSNativeSystemService
06-10 13:25:11.060   621   621 W ContextImpl: Calling a method in the system process without a qualified user: android.app.ContextImpl.bindService:1450 com.amazon.android.service.davsnativesystemservice.DAVSNativeSystemService.tryGetDAVS:154 com.amazon.android.service.davsnativesystemservice.DAVSNativeSystemService.onStart:133 com.android.server.SystemServiceManager.startService:132 com.android.server.SystemServer.startOtherServices:1246 
06-10 13:25:11.060   621   621 W ActivityManager: Unable to start service Intent { cmp=com.amazon.device.smarthome.dshs.services/.devicesmarthomeservice.SmartHomeDAVSService } U=0: not found
06-10 13:25:11.061   621   621 I SystemServiceManager: Starting com.amazon.android.service.thermaleventmonitor.ThermalEventMonitor
06-10 13:25:11.066   621   621 I SystemServiceManager: Starting com.amazon.android.crl.CRLSetManagerService
06-10 13:25:11.084   621   621 I SystemServiceManager: Starting com.amazon.android.service.fireospowerpolicymanager.PowerPolicyManagerService
06-10 13:25:11.088   621   621 W PowerPolicyManagerResources: No Power Policy Set
06-10 13:25:11.088   621   621 W PowerPolicyManagerService: No Power Policy to use.
06-10 13:25:11.089   621   621 I SystemServiceManager: Starting com.amazon.android.service.devicemodelinfo.DeviceModelInfoService
06-10 13:25:11.093   621   621 I SystemServiceManager: Starting com.fireos.service.eve.EveService
06-10 13:25:11.101   621   621 I SystemServiceManager: Starting com.amazon.android.service.AmazonProductPolicyService
06-10 13:25:11.105   621   621 I SystemServiceManager: Starting com.amazon.android.server.media.AmazonAudioService
06-10 13:25:11.109   621   621 I SystemServiceManager: Starting com.amazon.android.server.am.AmazonActivityManagerService
06-10 13:25:11.111   621   621 I SystemServiceManager: Starting com.amazon.server.crash.CrashDetectorService
06-10 13:25:11.113   621   621 I SystemServiceManager: Starting com.amazon.android.service.perfrecoverydhelper.PerfrecoverydHelperService
06-10 13:25:11.114   621   621 I SystemServiceManager: Starting com.amazon.android.server.devicepolicy.AmazonDevicePolicyManagerService
06-10 13:25:11.116   621   621 I SystemServiceManager: Starting com.amazon.android.server.db.AmazonDropBoxManagerService
06-10 13:25:11.122   621   621 I AmazonDropBoxManagerService: Hardware doesn't have a RTC
06-10 13:25:11.125   621   621 I SystemServiceManager: Starting com.amazon.android.service.wifidiags.WifiDiagsService
06-10 13:25:11.131   621   621 I SystemServiceManager: Starting com.amazon.android.mediacodeclogger.AmazonMediaCodecLoggerService
06-10 13:25:11.134   621   621 I AmazonMediaCodecLoggerService: AmazonMediaCodecLoggerService getSystemServiceName : amazonmediacodecloggerservice
06-10 13:25:11.135   621   621 I SystemServiceManager: Starting com.amazon.server.gadgetsservice.GadgetsProximityDetectionService
06-10 13:25:11.137   621   621 I SystemServiceManager: Starting com.amazon.server.amazoninloc.InlocManagerService
06-10 13:25:11.141   621   621 I SystemServiceManager: Starting com.amazon.android.server.accessibility.AmazonAccessibilityManagerService
06-10 13:25:11.143   621   621 I SystemServiceManager: Starting com.amazon.device.smarthome.test.service.SmartHomeTestUtilityService
06-10 13:25:11.150   621   621 I SystemServiceManager: Starting com.android.server.display.AmazonGlobalDimmingService
06-10 13:25:11.159   621   621 I SystemServiceManager: Starting com.amazon.server.amazonmesh.MeshManagerService
06-10 13:25:11.163   621   621 I SystemServiceManager: Starting amazon.fireos.debug.FireOSDebugService
06-10 13:25:11.165   621   621 I SystemServiceManager: Starting com.amazon.android.service.credentialmanager.CredentialManagerService
06-10 13:25:11.166   621   621 I SystemServiceManager: Starting com.amazon.android.os.SharedFileService
06-10 13:25:11.172   621   621 I SystemServiceManager: Starting com.amazon.android.service.keepalivebt.AmazonKeepAliveBtService
06-10 13:25:11.173   621   621 I SystemServiceManager: Starting com.amazon.android.service.nativeaccessorcatalog.SimProxySystemService
06-10 13:25:11.175   621   621 I SystemServiceManager: Starting com.android.server.pm.BetaHybridPackageManagerService
06-10 13:25:11.175   621   621 I SystemServiceManager: Starting com.amazon.fireos.service.timeservice.service.TimeService
06-10 13:25:11.177   621   621 I SystemServiceManager: Starting com.amazon.android.server.ads.identifier.AdvertisingIdManagerService
06-10 13:25:11.184   621   621 I SystemServiceManager: Starting com.amazon.android.internal.server.input.AmazonInputManagerService
06-10 13:25:11.195   621   621 I SystemServiceManager: Starting com.amazon.android.service.nativeaccessorcatalog.AndroidNetProxySystemService
06-10 13:25:11.196   621   621 I SystemServiceManager: Starting com.android.server.power.AmazonPowerManagerService
06-10 13:25:11.200   621   621 I SystemServiceManager: Starting com.amazon.fireos.parentalcontrol.PCONManagerService
06-10 13:25:11.203   621   621 I SystemServiceManager: Starting com.amazon.android.server.wm.AmazonWindowManagerService
06-10 13:25:11.205   621   621 I SystemServiceManager: Starting com.amazon.android.service.temperatureobserver.ThermalTemperatureObserverService
06-10 13:25:11.206   621   621 I SysfsTempObserver: SysfsTemperatureObserver initialization
06-10 13:25:11.206   621   621 I TempObsvrUtils: SysfsTemperatureObserverUtils
06-10 13:25:11.206   621   621 I SysfsTempObserver: Setting initial Screen State = true
06-10 13:25:11.216   621   621 E TempObsvrUtils: File not found.
06-10 13:25:11.216   621   621 E TempObsvrUtils: java.io.FileNotFoundException: /sys/class/thermal/thermal_zone10/trip_point_0_type (No such file or directory)
06-10 13:25:11.216   621   621 E TempObsvrUtils: 	at java.io.FileInputStream.open(Native Method)
06-10 13:25:11.216   621   621 E TempObsvrUtils: 	at java.io.FileInputStream.<init>(FileInputStream.java:146)
06-10 13:25:11.216   621   621 E TempObsvrUtils: 	at java.io.FileInputStream.<init>(FileInputStream.java:99)
06-10 13:25:11.216   621   621 E TempObsvrUtils: 	at java.io.FileReader.<init>(FileReader.java:58)
06-10 13:25:11.216   621   621 E TempObsvrUtils: 	at com.amazon.android.service.temperatureobserver.Utils.readThermalAttributeLockedString(Utils.java:127)
06-10 13:25:11.216   621   621 E TempObsvrUtils: 	at com.amazon.android.service.temperatureobserver.ThermalZone.findDefaultCriticalTrip(ThermalZone.java:245)
06-10 13:25:11.216   621   621 E TempObsvrUtils: 	at com.amazon.android.service.temperatureobserver.ThermalZone.<init>(ThermalZone.java:64)
06-10 13:25:11.216   621   621 E TempObsvrUtils: 	at com.amazon.android.service.temperatureobserver.SysfsTemperatureObserver.init(SysfsTemperatureObserver.java:324)
06-10 13:25:11.216   621   621 E TempObsvrUtils: 	at com.amazon.android.service.temperatureobserver.SysfsTemperatureObserver.<init>(SysfsTemperatureObserver.java:157)
06-10 13:25:11.216   621   621 E TempObsvrUtils: 	at com.amazon.android.service.temperatureobserver.SysfsTemperatureObserver.<init>(SysfsTemperatureObserver.java:152)
06-10 13:25:11.216   621   621 E TempObsvrUtils: 	at java.lang.reflect.Constructor.newInstance0(Native Method)
06-10 13:25:11.216   621   621 E TempObsvrUtils: 	at java.lang.reflect.Constructor.newInstance(Constructor.java:430)
06-10 13:25:11.216   621   621 E TempObsvrUtils: 	at com.amazon.fireos.FireOSInit.getInstances(FireOSInit.java:264)
06-10 13:25:11.216   621   621 E TempObsvrUtils: 	at com.amazon.fireos.FireOSInit.getInstance(FireOSInit.java:218)
06-10 13:25:11.216   621   621 E TempObsvrUtils: 	at com.amazon.android.service.temperatureobserver.ThermalTemperatureObserverService.<init>(ThermalTemperatureObserverService.java:62)
06-10 13:25:11.216   621   621 E TempObsvrUtils: 	at java.lang.reflect.Constructor.newInstance0(Native Method)
06-10 13:25:11.216   621   621 E TempObsvrUtils: 	at java.lang.reflect.Constructor.newInstance(Constructor.java:430)
06-10 13:25:11.216   621   621 E TempObsvrUtils: 	at com.android.server.SystemServiceManager.startService(SystemServiceManager.java:111)
06-10 13:25:11.216   621   621 E TempObsvrUtils: 	at com.android.server.SystemServer.startOtherServices(SystemServer.java:1246)
06-10 13:25:11.216   621   621 E TempObsvrUtils: 	at com.android.server.SystemServer.run(SystemServer.java:352)
06-10 13:25:11.216   621   621 E TempObsvrUtils: 	at com.android.server.SystemServer.main(SystemServer.java:234)
06-10 13:25:11.216   621   621 E TempObsvrUtils: 	at java.lang.reflect.Method.invoke(Native Method)
06-10 13:25:11.216   621   621 E TempObsvrUtils: 	at com.android.internal.os.ZygoteInit$MethodAndArgsCaller.run(ZygoteInit.java:911)
06-10 13:25:11.216   621   621 E TempObsvrUtils: 	at com.android.internal.os.ZygoteInit.main(ZygoteInit.java:801)
06-10 13:25:11.220   621   621 I SystemServiceManager: Starting com.amazon.server.UsageStats.AmazonUsageStatsService
06-10 13:25:11.244   621   621 I SystemServiceManager: Starting com.amazon.android.service.nativeaccessorcatalog.BasicUtilsSystemService
06-10 13:25:11.246   621   621 I SystemServiceManager: Starting com.amazon.android.server.pm.AmazonUserManagerService
06-10 13:25:11.267   621   621 E LockSettingsStorage: Cannot read file java.io.FileNotFoundException: /data/system/gatekeeper.password.key: open failed: ENOENT (No such file or directory)
06-10 13:25:11.267   621   621 E LockSettingsStorage: Cannot read file java.io.FileNotFoundException: /data/system/password.key: open failed: ENOENT (No such file or directory)
06-10 13:25:11.268   621   621 E LockSettingsStorage: Cannot read file java.io.FileNotFoundException: /data/system/gatekeeper.pattern.key: open failed: ENOENT (No such file or directory)
06-10 13:25:11.269   621   621 E LockSettingsStorage: Cannot read file java.io.FileNotFoundException: /data/system/gatekeeper.gesture.key: open failed: ENOENT (No such file or directory)
06-10 13:25:11.269   621   621 E LockSettingsStorage: Cannot read file java.io.FileNotFoundException: /data/system/gesture.key: open failed: ENOENT (No such file or directory)
06-10 13:25:11.269   621   621 I SystemServiceManager: Starting phase 480
06-10 13:25:11.280   621   621 I DevicePolicyManagerService: Set ro.device_owner property to false
06-10 13:25:11.284   621   621 I SystemServiceManager: Starting phase 500
06-10 13:25:11.295   621   621 I WifiService: WifiService starting up with Wi-Fi enabled
06-10 13:25:11.313   621   621 W SoundTriggerHelper: listModules status=0, # of modules=0
06-10 13:25:11.317   621   621 I AmazonProfileService: CC:Feature is enabled? false
06-10 13:25:11.318   621   621 I AmazonProfileService: Post OTA flow enabled:true & OTA:false & OOBE complete:true
06-10 13:25:11.387   621   621 W SystemServiceManager: Service com.amazon.android.server.arcusservice.ArcusService took 70 ms in onBootPhase
06-10 13:25:11.407   621   621 I PropertyCollector@22042726308: Start init service read_diskstat
06-10 13:25:11.407   621   621 I PropertyCollector@22042726308: Poll init service read_diskstat
06-10 13:25:11.610   621   621 I PropertyCollector@22042570308: Start init service amzn_mmc_utils
06-10 13:25:11.610   621   621 I PropertyCollector@22042570308: Poll init service amzn_mmc_utils
06-10 13:25:11.612   621   767 E BspDiagService: processData() error, from:UeventCollector@22039634154
06-10 13:25:11.740   621   621 W SystemServiceManager: Service com.amazon.service.bspdiagservice.BspDiagService took 337 ms in onBootPhase
06-10 13:25:11.764   621   621 I AmazonProfileService: Returning the default programId on device
06-10 13:25:11.780   621   744 W ContextImpl: Calling a method in the system process without a qualified user: android.app.ContextImpl.bindService:1450 com.amazon.minerva.client.core.MinervaServiceConnection.getService:101 com.amazon.minerva.client.core.MinervaServiceWrapper.getBoundService:104 com.amazon.minerva.client.core.MinervaServiceWrapper.createServiceConnectionFrom:72 com.amazon.minerva.client.api.AmazonMinervaClient.<init>:58 
06-10 13:25:11.792   621   621 I AmazonPowerManagerVendorCallback:  input brightness = 102 normalized brighness =40.0 transformed brightness =26.436544797087176 final brightness =25.13985814617348
06-10 13:25:11.793   621   621 I AmazonPowerManagerVendorCallback: Register home screen off timeout setting observer.
06-10 13:25:11.794   621   621 I AmazonPowerManagerVendorCallback: Register activity switch observer.
06-10 13:25:11.796   621   647 W KeyguardServiceDelegate: onScreenTurningOn(): no keyguard service!
06-10 13:25:11.945   621   621 I ActivityManager: System now ready
06-10 13:25:11.952   621   621 I SystemServer: Making services ready
06-10 13:25:11.952   621   621 I SystemServiceManager: Starting phase 550
06-10 13:25:11.955   621   621 W ActivityManager: Unable to start service Intent { act=com.android.ITelecomService cmp=com.android.server.telecom/.components.TelecomService } U=0: not found
06-10 13:25:12.014   621   621 W SystemServiceManager: Service com.android.server.content.ContentService$Lifecycle took 59 ms in onBootPhase
06-10 13:25:12.016   621   621 E InputMethodManagerService: Ignoring updateSystemUiLocked due to an invalid token. uid:1000 token:null
06-10 13:25:12.016   621   621 I InputMethodManagerService: All the enabled IMEs are gone. Reset default enabled IMEs.
06-10 13:25:12.016   621   621 W InputMethodUtils: Found no fallback locale. imis=[]
06-10 13:25:12.017   621   621 W InputMethodUtils: No software keyboard is found. imis=[] systemLocale=en_IN fallbackLocale=null
06-10 13:25:12.017   621   621 W TextServicesManagerService: no available spell checker services found
06-10 13:25:12.045   621   642 I ActivityManager: Start proc 789:com.android.bluetooth/1002 for service com.android.bluetooth/.btservice.AdapterService
06-10 13:25:12.046   621   634 I ActivityManager: Force stopping com.android.providers.media appid=10034 user=-1: vold reset
06-10 13:25:12.066   621   621 I SystemServer: WebViewFactory preparation
06-10 13:25:12.096   621   621 I ActivityManager: Start proc 804:WebViewLoader-armeabi-v7a/1037 [android.webkit.WebViewFactory$RelroFileCreator] for 
06-10 13:25:12.113   621   621 I ActivityManager: Start proc 822:com.android.systemui/u0a30 for service com.android.systemui/.SystemUIService
06-10 13:25:12.372   822   822 E ActivityThread: Failed to find provider info for com.amazon.settings.provider.settingsproxy
06-10 13:25:12.403   621   631 W ActivityManager: Unable to start service Intent { cmp=com.amazon.multimodal.systemui/.MMSystemUIService } U=0: not found
06-10 13:25:12.408   789   789 I FrameworkJumpTable: Successfully loaded all classes
06-10 13:25:12.422   789   789 I FrameworkJumpTable: Successfully loaded all methods
06-10 13:25:12.424   789   789 I FrameworkJumpTable: Successfully loaded all fields
06-10 13:25:12.424   789   789 I FrameworkJumpTable: Successfully loaded all constructors
06-10 13:25:12.710   621   621 I SystemServiceManager: Starting phase 600
06-10 13:25:12.713   621   621 W ActivityManager: Unable to start service Intent { act=android.service.notification.NotificationListenerService cmp=com.amazon.knight.blink/.BlinkNotificationListenerService } U=0: not found
06-10 13:25:12.713   621   621 W NotificationListeners: Unable to bind notification listener service: Intent { act=android.service.notification.NotificationListenerService cmp=com.amazon.knight.blink/.BlinkNotificationListenerService (has extras) }
06-10 13:25:12.723   621   621 I JSBlockerArcusConfig: Register product=cronos buildConfig=knightfamily
06-10 13:25:12.723   621   621 I JSBlockerArcusConfig: Opened Arcus configuration: {"BLOCKING_ENABLED":false,"IGNORE_LIST":[],"MAX_JOB_QUEUE_SIZE_PERCENTAGE_THRESHOLD":0.5,"MONITOR_LIST":["android.uid.system:1000"],"COOLDOWN_PERIOD":28800000}
06-10 13:25:12.735   621   621 W LocationManagerService: no network location provider found
06-10 13:25:12.741   621   621 E LocationManagerService: no geocoder provider found
06-10 13:25:12.757   621   621 I MmsServiceBroker: Delay connecting to MmsService until an API is called
06-10 13:25:12.762   621   621 W VoiceInteractionManagerService: no available voice interaction services found for user 0
06-10 13:25:12.762   621   621 W VoiceInteractionManagerService: no available voice recognition services found for user 0
06-10 13:25:12.764   621   621 I ActivityManager: START u0 {act=android.intent.action.MAIN cat=[android.intent.category.HOME] flg=0x10000100 cmp=com.android.settings/.FallbackHome} from uid 0 on display 0
06-10 13:25:12.781   621   621 I ActivityManager: Loaded persisted task ids for user 0
06-10 13:25:12.797   621   621 I ActivityManager: Start proc 907:com.android.settings/1000 for activity com.android.settings/.FallbackHome
06-10 13:25:12.799   621   621 I AmazonInCoreOomAdjPolicyVendorCallback: onSystemReady is called
06-10 13:25:12.801   621   647 I AmazonPowerManagerVendorCallback:  input brightness = 102 normalized brighness =40.0 transformed brightness =26.436544797087176 final brightness =25.13985814617348
06-10 13:25:12.870   621   621 W ContextImpl: Calling a method in the system process without a qualified user: android.app.ContextImpl.startService:1386 com.android.server.content.SyncManager$13.run:662 android.os.Handler.handleCallback:751 android.os.Handler.dispatchMessage:95 android.os.Looper.loop:154 
06-10 13:25:12.875   621   621 W ActivityManager: Removing no longer valid recent: TaskRecord{9900b0a #1 I=com.android.settings/.FallbackHome U=0 StackId=0 sz=1}
06-10 13:25:13.161   907   956 W ContextImpl: Calling a method in the system process without a qualified user: android.app.ContextImpl.bindService:1450 android.content.ContextWrapper.bindService:636 com.amazon.minerva.client.core.MinervaServiceConnection.getService:112 com.amazon.minerva.client.core.MinervaServiceWrapper.getBoundService:95 com.amazon.minerva.client.core.MinervaServiceWrapper.getInstance:59 
06-10 13:25:13.205   621   632 I ActivityManager: Start proc 968:com.amazon.imp/u0a107 for content provider com.amazon.imp/com.amazon.identity.framework.GenericIPCContentDirectBootProvider
06-10 13:25:13.301   621   639 E BatteryStatsService: no controller energy info supplied
06-10 13:25:13.302   621   639 E KernelCpuSpeedReader: Failed to read cpu-freq: /sys/devices/system/cpu/cpu0/cpufreq/stats/time_in_state (No such file or directory)
06-10 13:25:13.313   621   639 E BatteryStatsService: no controller energy info supplied
06-10 13:25:13.313   621   639 E KernelCpuSpeedReader: Failed to read cpu-freq: /sys/devices/system/cpu/cpu0/cpufreq/stats/time_in_state (No such file or directory)
06-10 13:25:13.445   621   689 E ActivityThread: Failed to find provider info for com.android.calendar
06-10 13:25:13.445   621   689 E ActivityThread: Failed to find provider info for com.android.calendar
06-10 13:25:13.450   621   633 I SyncManager: Got SyncJobService instance.
06-10 13:25:13.580   621   857 I ActivityManager: user 0 is still locked. Cannot load recents
06-10 13:25:13.759   907  1039 E ActivityThread: Failed to find provider info for com.amazon.paladin.MMFlagsProvider
06-10 13:25:13.760   907  1039 E ActivityThread: Failed to find provider info for com.amazon.paladin.MMFlagsProvider
06-10 13:25:13.771   907  1044 E ActivityThread: Failed to find provider info for com.amazon.paladin.MMFlagsProvider
06-10 13:25:13.772   907  1044 E ActivityThread: Failed to find provider info for com.amazon.paladin.MMFlagsProvider
06-10 13:25:13.813   907   907 I FrameworkJumpTable: Successfully loaded all classes
06-10 13:25:13.825   907   907 I FrameworkJumpTable: Successfully loaded all methods
06-10 13:25:13.827   907   907 I FrameworkJumpTable: Successfully loaded all fields
06-10 13:25:13.827   907   907 I FrameworkJumpTable: Successfully loaded all constructors
06-10 13:25:13.969   621   631 W PowerPolicyManagerService: Not valid activity or service not runfalse/com.android.settings/com.android.settings
06-10 13:25:13.999   621   634 W ActivityManager: Unable to start service Intent { flg=0x100 cmp=com.android.systemui/.keyguard.KeyguardService } U=0: not found
06-10 13:25:13.999   621   634 W KeyguardServiceDelegate: onScreenTurningOn(): no keyguard service!
06-10 13:25:14.068   621   634 I ActivityManager: Start proc 1078:com.amazon.alarms/u0a71 for broadcast com.amazon.alarms/.receiver.PrivacyModeReceiver
06-10 13:25:14.069   621   727 I RuntimePersistent: Set process com.amazon.alarms to non persistent, maxAdj=99999
06-10 13:25:14.378   621   993 W ActivityManager: Unable to start service Intent { act=com.amazon.alexa.datastore.datastoreservice.bind pkg=com.amazon.alexa.datastore.app (has extras) } U=0: not found
06-10 13:25:14.382   621   993 W ActivityManager: Unable to start service Intent { act=com.amazon.alexa.datastore.datastoreservice.bind pkg=com.amazon.alexa.datastore.app (has extras) } U=0: not found
06-10 13:25:14.384   621   993 W ActivityManager: Unable to start service Intent { act=com.amazon.alexa.datastore.datastoreservice.bind pkg=com.amazon.alexa.datastore.app (has extras) } U=0: not found
06-10 13:25:14.396   621   993 W ActivityManager: Unable to start service Intent { act=com.amazon.alexa.datastore.datastoreservice.bind pkg=com.amazon.alexa.datastore.app (has extras) } U=0: not found
06-10 13:25:14.429   621   993 W ActivityManager: Unable to start service Intent { act=amazon.speech.intent.action.GET_SIMCLIENT cmp=amazon.speech.sim/.service.SpeechInteractionService } U=0: not found
06-10 13:25:14.641   621   643 I SystemServiceManager: Starting phase 1000
06-10 13:25:14.657   621  1156 I APSArcusHelper: Arcus app id is: 
06-10 13:25:14.657   621  1156 E APSArcusHelper: Arcus AppId is null
06-10 13:25:14.657   621   643 I AmazonProfileService: Register activity switch observer
06-10 13:25:14.685   621  1159 W ActivityManager: Unable to start service Intent { cmp=com.amazon.NativeAccessorProxyServices/.AndroidBTProxyService } U=0: not found
06-10 13:25:14.702   621   643 E AmazonProductPolicyServ: Could not read file java.io.FileNotFoundException: /proc/backlight_status (No such file or directory)
06-10 13:25:14.702   621   643 I AmazonProductPolicyServ: Boot phase completed pwrMgrOnBootSleep = false, backlight = null isSilentOTAApplied? null
06-10 13:25:14.710   621  1165 W ActivityManager: Unable to start service Intent { cmp=com.amazon.NativeAccessorProxyServices/.SimProxyService } U=0: not found
06-10 13:25:14.710   621   643 E AmazonInputManagerService: Could not read the bit button map java.io.FileNotFoundException: /data/system/toggleBitButtonMap.txt (No such file or directory)
06-10 13:25:14.711   621   643 I AmazonInputManagerService: Register activity switch observer
06-10 13:25:14.730   621   643 I ActivityManager: Start proc 1170:android.ext.services/u0a21 for on-hold
06-10 13:25:14.738   621   744 I AmazonProfileService: Returning the default programId on device
06-10 13:25:14.738   621   744 I AmazonProfileService: Registering callback for all programs
06-10 13:25:14.743   621   643 I ActivityManager: Start proc 1182:com.android.proxyhandler/u0a3 for on-hold
06-10 13:25:14.765   621   643 I ActivityManager: Start proc 1194:com.amazon.wirelessmetrics.service/u0a135 for on-hold
06-10 13:25:14.781   621   643 I ActivityManager: Start proc 1210:com.amazon.client.metrics/u0a36 for on-hold
06-10 13:25:15.858   621  1169 I ActivityManager: Start proc 1287:com.amazon.NativeAccessorProxyServices/u0a38 for service com.amazon.NativeAccessorProxyServices/.BasicUtilsProxyService
06-10 13:25:15.891   621   631 I AmazonPowerManagerVendorCallback: Wakelock acquired UID:1000 PID:621 Tag:WindowManager
06-10 13:25:15.957   621   634 W BackupManagerService: Proposed transport ComponentInfo{android/com.android.internal.backup.LocalTransportService} not whitelisted; ignoring
06-10 13:25:15.958   621   634 I BackupManagerService: Backup enabled => false
06-10 13:25:15.959   621   634 W SystemServiceManager: Service com.android.server.backup.BackupManagerService$Lifecycle took 67 ms in onUnlockUser
06-10 13:25:15.981   621   631 I ActivityManager: Start proc 1309:com.amazon.alexa.timeoutmanagerapp/u0a77 for broadcast com.amazon.alexa.timeoutmanagerapp/com.amazon.alexa.timeoutmanager.receiver.BootCompletedReceiver
06-10 13:25:16.004   621   727 I RuntimePersistent: Set process com.amazon.alarms to persistent, maxAdj=1001
