06-11 05:07:18.998   621  4141 I CrashReporterActivityManagerCallback: addErrorToDropBox inserted hashcode=28b3e9d208745b6d53057e56f963971d4ee54279 for eventType wtf.
06-11 05:07:19.000   621  4140 I CrashReporterActivityManagerCallback: addErrorToDropBox inserted hashcode=28b3e9d208745b6d53057e56f963971d4ee54279 for eventType wtf.
06-11 05:07:19.027   621   633 I CrashDescriptorUtil: addErrorToCommonLog Hash already present in file
06-11 05:07:19.034   621   633 I CrashDescriptorUtil: addErrorToCommonLog Hash already present in file
06-11 05:07:19.139   621  4147 I CrashReporterActivityManagerCallback: addErrorToDropBox inserted hashcode=869ea0404fceb2089a151c3067deda422b5c2c3 for eventType wtf.
06-11 05:07:19.157   621   633 I CrashDescriptorUtil: addErrorToCommonLog Hash already present in file
06-11 05:07:19.177   621  4148 I CrashReporterActivityManagerCallback: addErrorToDropBox inserted hashcode=869ea0404fceb2089a151c3067deda422b5c2c3 for eventType wtf.
06-11 05:07:19.201   621   633 I CrashDescriptorUtil: addErrorToCommonLog Hash already present in file
06-11 05:07:19.210   621  1257 I ActivityManager: Start proc 4149:com.amazon.device.smarthome.dshs.endpointdetectorCA/u0a50 for broadcast com.amazon.device.smarthome.dshs.endpointdetectorCA/.BootCompleteReceiver
06-11 05:07:19.220   621  4154 I CrashReporterActivityManagerCallback: addErrorToDropBox inserted hashcode=869ea0404fceb2089a151c3067deda422b5c2c3 for eventType wtf.
06-11 05:07:19.237   621   633 I CrashDescriptorUtil: addErrorToCommonLog Hash already present in file
06-11 05:07:19.340   621  4172 I CrashReporterActivityManagerCallback: addErrorToDropBox inserted hashcode=869ea0404fceb2089a151c3067deda422b5c2c3 for eventType wtf.
06-11 05:07:19.365   621  4173 I CrashReporterActivityManagerCallback: addErrorToDropBox inserted hashcode=869ea0404fceb2089a151c3067deda422b5c2c3 for eventType wtf.
06-11 05:07:19.428   621  4175 I CrashReporterActivityManagerCallback: addErrorToDropBox inserted hashcode=28b3e9d208745b6d53057e56f963971d4ee54279 for eventType wtf.
06-11 05:07:19.491   621   633 I CrashDescriptorUtil: addErrorToCommonLog Hash already present in file
06-11 05:07:19.498   621   633 I CrashDescriptorUtil: addErrorToCommonLog Hash already present in file
06-11 05:07:19.507   621   633 I CrashDescriptorUtil: addErrorToCommonLog Hash already present in file
06-11 05:07:19.613   621  4183 I CrashReporterActivityManagerCallback: addErrorToDropBox inserted hashcode=28b3e9d208745b6d53057e56f963971d4ee54279 for eventType wtf.
06-11 05:07:19.688   621   633 I CrashDescriptorUtil: addErrorToCommonLog Hash already present in file
06-11 05:07:19.732   621  1437 I ActivityManager: Start proc 4189:com.amazon.device.smarthome.dshs.multimodalux/u0a51 for broadcast com.amazon.device.smarthome.dshs.multimodalux/.BootCompleteReceiver
06-11 05:07:20.100   621  4213 I CrashReporterActivityManagerCallback: addErrorToDropBox inserted hashcode=28b3e9d208745b6d53057e56f963971d4ee54279 for eventType wtf.
06-11 05:07:20.516   621  1261 I ActivityManager: Start proc 4226:com.amazon.device.smarthome.ota/u0a52 for broadcast com.amazon.device.smarthome.ota/.service.BootReceiver
06-11 05:07:21.068   621  4254 I CrashReporterActivityManagerCallback: addErrorToDropBox inserted hashcode=28b3e9d208745b6d53057e56f963971d4ee54279 for eventType wtf.
06-11 05:07:21.176   621  1437 E AmazonPackageManagerService: Permission denied to remove amazon flags.
06-11 05:07:21.179   621  1256 I ActivityManager: Start proc 4258:com.amazon.discoveryservice.core.android/u0a18 for broadcast com.amazon.dialservice/.StartupIntentReceiver
06-11 05:07:21.309   621  4271 I CrashReporterActivityManagerCallback: addErrorToDropBox inserted hashcode=28b3e9d208745b6d53057e56f963971d4ee54279 for eventType wtf.
06-11 05:07:21.329   621  4273 I CrashReporterActivityManagerCallback: addErrorToDropBox inserted hashcode=28b3e9d208745b6d53057e56f963971d4ee54279 for eventType wtf.
06-11 05:07:21.410   621   633 I CrashDescriptorUtil: addErrorToCommonLog Hash already present in file
06-11 05:07:21.416   621   633 I CrashDescriptorUtil: addErrorToCommonLog Hash already present in file
06-11 05:07:21.418   621   633 I CrashDescriptorUtil: addErrorToCommonLog Hash already present in file
06-11 05:07:21.420   621   633 I CrashDescriptorUtil: addErrorToCommonLog Hash already present in file
06-11 05:07:21.696   621  4281 I CrashReporterActivityManagerCallback: addErrorToDropBox inserted hashcode=28b3e9d208745b6d53057e56f963971d4ee54279 for eventType wtf.
06-11 05:07:21.711   621  4282 I CrashReporterActivityManagerCallback: addErrorToDropBox inserted hashcode=28b3e9d208745b6d53057e56f963971d4ee54279 for eventType wtf.
06-11 05:07:21.716   621  4283 I CrashReporterActivityManagerCallback: addErrorToDropBox inserted hashcode=28b3e9d208745b6d53057e56f963971d4ee54279 for eventType wtf.
06-11 05:07:21.874   621   634 I ActivityManager: Waited long enough for: ServiceRecord{179c43c u0 amazon.speech.wakeword.datacollectservice/.DataCollectService}
06-11 05:07:21.883   621   633 I CrashDescriptorUtil: addErrorToCommonLog Hash already present in file
06-11 05:07:21.885   621   633 I CrashDescriptorUtil: addErrorToCommonLog Hash already present in file
06-11 05:07:21.887   621   633 I CrashDescriptorUtil: addErrorToCommonLog Hash already present in file
06-11 05:07:22.061   621  1261 W ActivityManager: Slow operation: 51ms so far, now at startProcess: returned from zygote!
06-11 05:07:22.061   621  1261 W ActivityManager: Slow operation: 51ms so far, now at startProcess: done updating battery stats
06-11 05:07:22.061   621  1261 W ActivityManager: Slow operation: 51ms so far, now at startProcess: building log message
06-11 05:07:22.061   621  1261 I ActivityManager: Start proc 4287:com.amazon.diode/u0a102 for broadcast com.amazon.diode/.StartEventReceiver
06-11 05:07:22.061   621  1261 W ActivityManager: Slow operation: 51ms so far, now at startProcess: starting to update pids map
06-11 05:07:22.061   621  1261 W ActivityManager: Slow operation: 51ms so far, now at startProcess: done updating pids map
06-11 05:07:22.061   621  1261 W ActivityManager: Slow operation: 52ms so far, now at startProcess: done starting proc!
06-11 05:07:22.072   621  4299 I CrashReporterActivityManagerCallback: addErrorToDropBox inserted hashcode=28b3e9d208745b6d53057e56f963971d4ee54279 for eventType wtf.
06-11 05:07:22.122   621   633 I CrashDescriptorUtil: addErrorToCommonLog Hash already present in file
06-11 05:07:22.136   621  4304 I CrashReporterActivityManagerCallback: addErrorToDropBox inserted hashcode=28b3e9d208745b6d53057e56f963971d4ee54279 for eventType wtf.
06-11 05:07:22.171   621  4306 I CrashReporterActivityManagerCallback: addErrorToDropBox inserted hashcode=28b3e9d208745b6d53057e56f963971d4ee54279 for eventType wtf.
06-11 05:07:22.185   621   633 I CrashDescriptorUtil: addErrorToCommonLog Hash already present in file
06-11 05:07:22.267   621   633 I CrashDescriptorUtil: addErrorToCommonLog Hash already present in file
06-11 05:07:22.371   621  4313 I CrashReporterActivityManagerCallback: addErrorToDropBox inserted hashcode=28b3e9d208745b6d53057e56f963971d4ee54279 for eventType wtf.
06-11 05:07:22.417   621   633 I CrashDescriptorUtil: addErrorToCommonLog Hash already present in file
06-11 05:07:22.817   621  4319 I CrashReporterActivityManagerCallback: addErrorToDropBox inserted hashcode=28b3e9d208745b6d53057e56f963971d4ee54279 for eventType wtf.
06-11 05:07:22.918   621   633 I CrashDescriptorUtil: addErrorToCommonLog Hash already present in file
06-11 05:07:22.950   621  4324 I CrashReporterActivityManagerCallback: addErrorToDropBox inserted hashcode=28b3e9d208745b6d53057e56f963971d4ee54279 for eventType wtf.
06-11 05:07:23.005   621   633 I CrashDescriptorUtil: addErrorToCommonLog Hash already present in file
06-11 05:07:23.163  4258  4258 W ActivityThread: ClassLoader.loadClass: The class loader returned by Thread.getContextClassLoader() may fail for processes that host multiple applications. You should explicitly specify a context class loader. For example: Thread.setContextClassLoader(getClass().getClassLoader());
06-11 05:07:23.218   621  4335 I CrashReporterActivityManagerCallback: addErrorToDropBox inserted hashcode=869ea0404fceb2089a151c3067deda422b5c2c3 for eventType wtf.
06-11 05:07:23.280   621  4340 I CrashReporterActivityManagerCallback: addErrorToDropBox inserted hashcode=869ea0404fceb2089a151c3067deda422b5c2c3 for eventType wtf.
06-11 05:07:23.332   621   633 I CrashDescriptorUtil: addErrorToCommonLog Hash already present in file
06-11 05:07:23.462   621   633 I CrashDescriptorUtil: addErrorToCommonLog Hash already present in file
06-11 05:07:23.485   621  3293 I BroadcastQueue: Delay finish: com.amazon.diode/.StartEventReceiver
06-11 05:07:23.489   621  4347 I CrashReporterActivityManagerCallback: addErrorToDropBox inserted hashcode=28b3e9d208745b6d53057e56f963971d4ee54279 for eventType wtf.
06-11 05:07:23.558   621   633 I CrashDescriptorUtil: addErrorToCommonLog Hash already present in file
06-11 05:07:23.583   621  4353 I CrashReporterActivityManagerCallback: addErrorToDropBox inserted hashcode=28b3e9d208745b6d53057e56f963971d4ee54279 for eventType wtf.
06-11 05:07:23.615   621  4354 I CrashReporterActivityManagerCallback: addErrorToDropBox inserted hashcode=28b3e9d208745b6d53057e56f963971d4ee54279 for eventType wtf.
06-11 05:07:23.654   621   633 I CrashDescriptorUtil: addErrorToCommonLog Hash already present in file
06-11 05:07:23.664   621   633 I CrashDescriptorUtil: addErrorToCommonLog Hash already present in file
06-11 05:07:23.664   621  4356 I CrashReporterActivityManagerCallback: addErrorToDropBox inserted hashcode=28b3e9d208745b6d53057e56f963971d4ee54279 for eventType wtf.
06-11 05:07:23.719   621  4357 I CrashReporterActivityManagerCallback: addErrorToDropBox inserted hashcode=28b3e9d208745b6d53057e56f963971d4ee54279 for eventType wtf.
06-11 05:07:23.728   621   633 I CrashDescriptorUtil: addErrorToCommonLog Hash already present in file
06-11 05:07:23.750   621  4359 I CrashReporterActivityManagerCallback: addErrorToDropBox inserted hashcode=28b3e9d208745b6d53057e56f963971d4ee54279 for eventType wtf.
06-11 05:07:23.771   621   633 I CrashDescriptorUtil: addErrorToCommonLog Hash already present in file
06-11 05:07:23.796   621   633 I CrashDescriptorUtil: addErrorToCommonLog Hash already present in file
06-11 05:07:23.802   621  4361 I CrashReporterActivityManagerCallback: addErrorToDropBox inserted hashcode=869ea0404fceb2089a151c3067deda422b5c2c3 for eventType wtf.
06-11 05:07:23.847   621   633 I CrashDescriptorUtil: addErrorToCommonLog Hash already present in file
06-11 05:07:23.873   621  1255 I BroadcastQueue: Resuming delayed broadcast
06-11 05:07:23.913   621  1255 I ActivityManager: Start proc 4362:com.amazon.gloria.smarthome/u0a104 for broadcast com.amazon.gloria.smarthome/com.amazon.multimodal.smarthome.capabilities.receiver.OnPackageUpdateReceiver
06-11 05:07:23.955   621  4375 I CrashReporterActivityManagerCallback: addErrorToDropBox inserted hashcode=28b3e9d208745b6d53057e56f963971d4ee54279 for eventType wtf.
06-11 05:07:23.984   621  1257 I ActivityManager: Killing 2613:com.amazon.wifilocker/u0a9 (adj 903): empty #17
06-11 05:07:24.018   621   633 I CrashDescriptorUtil: addErrorToCommonLog Hash already present in file
06-11 05:07:24.067   621  4376 I CrashReporterActivityManagerCallback: addErrorToDropBox inserted hashcode=28b3e9d208745b6d53057e56f963971d4ee54279 for eventType wtf.
06-11 05:07:24.102   621  4378 I CrashReporterActivityManagerCallback: addErrorToDropBox inserted hashcode=28b3e9d208745b6d53057e56f963971d4ee54279 for eventType wtf.
06-11 05:07:24.103   621   633 I CrashDescriptorUtil: addErrorToCommonLog Hash already present in file
06-11 05:07:24.134   621   633 I CrashDescriptorUtil: addErrorToCommonLog Hash already present in file
06-11 05:07:24.198   621  3293 I ActivityManager: Start proc 4379:com.amazon.hybridadidservice/u0a142 for broadcast com.amazon.hybridadidservice/.service.UpdateMauiReceiver
06-11 05:07:24.202   621  3293 I ActivityManager: Killing 2658:com.amazon.mlv/u0a113 (adj 903): empty #17
06-11 05:07:24.220   621  1437 I ActivityManager: Killing 2743:android.process.media/u0a34 (adj 903): empty #17
06-11 05:07:24.268   621  4392 I CrashReporterActivityManagerCallback: addErrorToDropBox inserted hashcode=869ea0404fceb2089a151c3067deda422b5c2c3 for eventType wtf.
06-11 05:07:24.293   621   633 I CrashDescriptorUtil: addErrorToCommonLog Hash already present in file
06-11 05:07:24.390   621  4394 I CrashReporterActivityManagerCallback: addErrorToDropBox inserted hashcode=869ea0404fceb2089a151c3067deda422b5c2c3 for eventType wtf.
06-11 05:07:24.420   621   633 I CrashDescriptorUtil: addErrorToCommonLog Hash already present in file
06-11 05:07:24.465   621  4395 I CrashReporterActivityManagerCallback: addErrorToDropBox inserted hashcode=28b3e9d208745b6d53057e56f963971d4ee54279 for eventType wtf.
06-11 05:07:24.484   621  4396 I CrashReporterActivityManagerCallback: addErrorToDropBox inserted hashcode=28b3e9d208745b6d53057e56f963971d4ee54279 for eventType wtf.
06-11 05:07:24.486   621  4397 I CrashReporterActivityManagerCallback: addErrorToDropBox inserted hashcode=28b3e9d208745b6d53057e56f963971d4ee54279 for eventType wtf.
06-11 05:07:24.532   621  1257 I ActivityManager: Process com.amazon.spotlight (pid 3249) has died
06-11 05:07:24.540   621   633 I CrashDescriptorUtil: addErrorToCommonLog Hash already present in file
06-11 05:07:24.548   621   633 I CrashDescriptorUtil: addErrorToCommonLog Hash already present in file
06-11 05:07:24.551   621   633 I CrashDescriptorUtil: addErrorToCommonLog Hash already present in file
06-11 05:07:24.583   621  1500 I ActivityManager: Start proc 4399:com.amazon.kindle.otter.oobe/u0a108 for broadcast com.amazon.kindle.otter.oobe/com.amazon.multimodal.smarthome.capabilities.receiver.OnPackageUpdateReceiver
06-11 05:07:24.590   621   727 I RuntimePersistent: Set process com.amazon.kindle.otter.oobe to non persistent, maxAdj=99999
06-11 05:07:24.623   621   634 W BroadcastQueue: Permission Denial: receiving Intent { act=com.amazon.dcp.sso.action.AmazonAccountPropertyService.property.changed flg=0x10000030 (has extras) } to ProcessRecord{e13d01a 2930:com.amazon.bluestone.keyboard/u0a65} (pid=2930, uid=10065) requires com.amazon.dcp.sso.permission.AmazonAccountPropertyService.property.changed due to sender com.amazon.imp (uid 10107)
06-11 05:07:25.128   621  4423 I CrashReporterActivityManagerCallback: addErrorToDropBox inserted hashcode=28b3e9d208745b6d53057e56f963971d4ee54279 for eventType wtf.
06-11 05:07:25.128   621  4424 I CrashReporterActivityManagerCallback: addErrorToDropBox inserted hashcode=28b3e9d208745b6d53057e56f963971d4ee54279 for eventType wtf.
06-11 05:07:25.190   621   633 I CrashDescriptorUtil: addErrorToCommonLog Hash already present in file
06-11 05:07:25.190   621  4425 I CrashReporterActivityManagerCallback: addErrorToDropBox inserted hashcode=28b3e9d208745b6d53057e56f963971d4ee54279 for eventType wtf.
06-11 05:07:25.226   621   633 I CrashDescriptorUtil: addErrorToCommonLog Hash already present in file
06-11 05:07:25.243   621  4426 I CrashReporterActivityManagerCallback: addErrorToDropBox inserted hashcode=28b3e9d208745b6d53057e56f963971d4ee54279 for eventType wtf.
06-11 05:07:25.266   621   633 I CrashDescriptorUtil: addErrorToCommonLog Hash already present in file
06-11 05:07:25.285   621  4427 I CrashReporterActivityManagerCallback: addErrorToDropBox inserted hashcode=28b3e9d208745b6d53057e56f963971d4ee54279 for eventType wtf.
06-11 05:07:25.289   621  4428 I CrashReporterActivityManagerCallback: addErrorToDropBox inserted hashcode=28b3e9d208745b6d53057e56f963971d4ee54279 for eventType wtf.
06-11 05:07:25.338   621   633 I CrashDescriptorUtil: addErrorToCommonLog Hash already present in file
06-11 05:07:25.384   621   633 I CrashDescriptorUtil: addErrorToCommonLog Hash already present in file
06-11 05:07:25.402   621   633 I CrashDescriptorUtil: addErrorToCommonLog Hash already present in file
06-11 05:07:25.477   621  4429 I CrashReporterActivityManagerCallback: addErrorToDropBox inserted hashcode=28b3e9d208745b6d53057e56f963971d4ee54279 for eventType wtf.
06-11 05:07:25.546   621   633 I CrashDescriptorUtil: addErrorToCommonLog Hash already present in file
06-11 05:07:25.562   621  4430 I CrashReporterActivityManagerCallback: addErrorToDropBox inserted hashcode=28b3e9d208745b6d53057e56f963971d4ee54279 for eventType wtf.
06-11 05:07:25.581   621  4431 I CrashReporterActivityManagerCallback: addErrorToDropBox inserted hashcode=28b3e9d208745b6d53057e56f963971d4ee54279 for eventType wtf.
06-11 05:07:25.629   621   633 I CrashDescriptorUtil: addErrorToCommonLog Hash already present in file
06-11 05:07:25.640   621   633 I CrashDescriptorUtil: addErrorToCommonLog Hash already present in file
06-11 05:07:25.736   621  4432 I CrashReporterActivityManagerCallback: addErrorToDropBox inserted hashcode=28b3e9d208745b6d53057e56f963971d4ee54279 for eventType wtf.
06-11 05:07:25.766   621  4433 I CrashReporterActivityManagerCallback: addErrorToDropBox inserted hashcode=28b3e9d208745b6d53057e56f963971d4ee54279 for eventType wtf.
06-11 05:07:25.773   621   633 I CrashDescriptorUtil: addErrorToCommonLog Hash already present in file
06-11 05:07:25.789   621  4435 I CrashReporterActivityManagerCallback: addErrorToDropBox inserted hashcode=28b3e9d208745b6d53057e56f963971d4ee54279 for eventType wtf.
06-11 05:07:25.807   621   633 I CrashDescriptorUtil: addErrorToCommonLog Hash already present in file
06-11 05:07:25.821   621   633 I CrashDescriptorUtil: addErrorToCommonLog Hash already present in file
06-11 05:07:25.917   621  4440 I CrashReporterActivityManagerCallback: addErrorToDropBox inserted hashcode=28b3e9d208745b6d53057e56f963971d4ee54279 for eventType wtf.
06-11 05:07:25.938   621  4441 I CrashReporterActivityManagerCallback: addErrorToDropBox inserted hashcode=28b3e9d208745b6d53057e56f963971d4ee54279 for eventType wtf.
06-11 05:07:25.951   621  4442 I CrashReporterActivityManagerCallback: addErrorToDropBox inserted hashcode=28b3e9d208745b6d53057e56f963971d4ee54279 for eventType wtf.
06-11 05:07:25.965   621   633 I CrashDescriptorUtil: addErrorToCommonLog Hash already present in file
06-11 05:07:25.984   621   633 I CrashDescriptorUtil: addErrorToCommonLog Hash already present in file
06-11 05:07:25.992   621   633 I CrashDescriptorUtil: addErrorToCommonLog Hash already present in file
06-11 05:07:26.088   621  4445 I CrashReporterActivityManagerCallback: addErrorToDropBox inserted hashcode=28b3e9d208745b6d53057e56f963971d4ee54279 for eventType wtf.
06-11 05:07:26.114   621  4446 I CrashReporterActivityManagerCallback: addErrorToDropBox inserted hashcode=28b3e9d208745b6d53057e56f963971d4ee54279 for eventType wtf.
06-11 05:07:26.126   621  4447 I CrashReporterActivityManagerCallback: addErrorToDropBox inserted hashcode=28b3e9d208745b6d53057e56f963971d4ee54279 for eventType wtf.
06-11 05:07:26.132   621   633 I CrashDescriptorUtil: addErrorToCommonLog Hash already present in file
06-11 05:07:26.154   621   633 I CrashDescriptorUtil: addErrorToCommonLog Hash already present in file
06-11 05:07:26.192   621   633 I CrashDescriptorUtil: addErrorToCommonLog Hash already present in file
06-11 05:07:26.257   621  4451 I CrashReporterActivityManagerCallback: addErrorToDropBox inserted hashcode=28b3e9d208745b6d53057e56f963971d4ee54279 for eventType wtf.
06-11 05:07:26.270   621  4452 I CrashReporterActivityManagerCallback: addErrorToDropBox inserted hashcode=28b3e9d208745b6d53057e56f963971d4ee54279 for eventType wtf.
06-11 05:07:26.289   621  4453 I CrashReporterActivityManagerCallback: addErrorToDropBox inserted hashcode=28b3e9d208745b6d53057e56f963971d4ee54279 for eventType wtf.
06-11 05:07:26.340   621   634 I ActivityManager: Start proc 4455:android.process.media/u0a34 for broadcast com.android.providers.media/.MtpReceiver
06-11 05:07:26.343   621  1500 I ActivityManager: Process com.amazon.device.logmanager (pid 3518) has died
06-11 05:07:26.365   621   633 I CrashDescriptorUtil: addErrorToCommonLog Hash already present in file
06-11 05:07:26.414   621   633 I CrashDescriptorUtil: addErrorToCommonLog Hash already present in file
06-11 05:07:26.416   621   633 I CrashDescriptorUtil: addErrorToCommonLog Hash already present in file
06-11 05:07:26.545   621  4472 I CrashReporterActivityManagerCallback: addErrorToDropBox inserted hashcode=869ea0404fceb2089a151c3067deda422b5c2c3 for eventType wtf.
06-11 05:07:26.582   621   633 I CrashDescriptorUtil: addErrorToCommonLog Hash already present in file
06-11 05:07:26.687   621  4474 I CrashReporterActivityManagerCallback: addErrorToDropBox inserted hashcode=28b3e9d208745b6d53057e56f963971d4ee54279 for eventType wtf.
06-11 05:07:26.699   621  4475 I CrashReporterActivityManagerCallback: addErrorToDropBox inserted hashcode=28b3e9d208745b6d53057e56f963971d4ee54279 for eventType wtf.
06-11 05:07:26.702   621  4478 I CrashReporterActivityManagerCallback: addErrorToDropBox inserted hashcode=28b3e9d208745b6d53057e56f963971d4ee54279 for eventType wtf.
06-11 05:07:26.738   621   633 I CrashDescriptorUtil: addErrorToCommonLog Hash already present in file
06-11 05:07:26.744   621   633 I CrashDescriptorUtil: addErrorToCommonLog Hash already present in file
06-11 05:07:26.780   621   633 I CrashDescriptorUtil: addErrorToCommonLog Hash already present in file
06-11 05:07:26.882   621  4482 I CrashReporterActivityManagerCallback: addErrorToDropBox inserted hashcode=28b3e9d208745b6d53057e56f963971d4ee54279 for eventType wtf.
06-11 05:07:26.981   621   633 I CrashDescriptorUtil: addErrorToCommonLog Hash already present in file
06-11 05:07:27.115   621  4483 I CrashReporterActivityManagerCallback: addErrorToDropBox inserted hashcode=28b3e9d208745b6d53057e56f963971d4ee54279 for eventType wtf.
06-11 05:07:27.136   621  4484 I CrashReporterActivityManagerCallback: addErrorToDropBox inserted hashcode=28b3e9d208745b6d53057e56f963971d4ee54279 for eventType wtf.
06-11 05:07:27.139   621   633 I CrashDescriptorUtil: addErrorToCommonLog Hash already present in file
06-11 05:07:27.204   621   633 I CrashDescriptorUtil: addErrorToCommonLog Hash already present in file
06-11 05:07:27.484  4399  4399 I FrameworkJumpTable: Successfully loaded all classes
06-11 05:07:27.507  4399  4399 I FrameworkJumpTable: Successfully loaded all methods
06-11 05:07:27.511  4399  4399 I FrameworkJumpTable: Successfully loaded all fields
06-11 05:07:27.511  4399  4399 I FrameworkJumpTable: Successfully loaded all constructors
06-11 05:07:27.555   621  4497 I CrashReporterActivityManagerCallback: addErrorToDropBox inserted hashcode=28b3e9d208745b6d53057e56f963971d4ee54279 for eventType wtf.
06-11 05:07:27.584   621  4498 I CrashReporterActivityManagerCallback: addErrorToDropBox inserted hashcode=28b3e9d208745b6d53057e56f963971d4ee54279 for eventType wtf.
06-11 05:07:27.598   621   633 I CrashDescriptorUtil: addErrorToCommonLog Hash already present in file
06-11 05:07:27.599   621  4501 I CrashReporterActivityManagerCallback: addErrorToDropBox inserted hashcode=28b3e9d208745b6d53057e56f963971d4ee54279 for eventType wtf.
06-11 05:07:27.624   621   633 I CrashDescriptorUtil: addErrorToCommonLog Hash already present in file
06-11 05:07:27.642   621   633 I CrashDescriptorUtil: addErrorToCommonLog Hash already present in file
06-11 05:07:27.707   621  1000 I ActivityManager: Killing 3111:com.amazon.providers.contentsupport/u0a7 (adj 903): empty #17
06-11 05:07:27.716   621   634 I ActivityManager: Waited long enough for: ServiceRecord{e4c8f01 u0 com.amazon.android.service.wifiprofilemanager/.WifiProfileManagerService}
06-11 05:07:27.764  1447  1447 I ECS_NightModeManager: Received event: BOOT_COMPLETE
06-11 05:07:27.764  1447  1447 I ECS_NightModeManager: Boot complete, updating night mode
06-11 05:07:27.767  1447  1447 I ECS_NightModeManager: Setting night mode type to: AUTOMATIC_MODE
06-11 05:07:27.768  1447  1447 I ECS_NightModeManager: sending NIGHT_TIME_ENDED broadcast
06-11 05:07:27.804  1447  1447 W ContextImpl: Calling a method in the system process without a qualified user: android.app.ContextImpl.sendBroadcast:906 android.content.ContextWrapper.sendBroadcast:421 com.amazon.knight.ecs.night.NightModeManager.notifyNightTimeState:536 com.amazon.knight.ecs.night.NightModeManager.handleNightTimeEnded:510 com.amazon.knight.ecs.night.NightModeManager.onNightTimeEnded:304 
06-11 05:07:27.807  1447  1447 I ECS_ECService: Received event: BOOT_COMPLETE
06-11 05:07:27.807  1447  1447 I ECS_ECStateMachine: Received event: BOOT_COMPLETE
06-11 05:07:27.807  1447  1447 I ECS_ProximityNormalizationLayer: Handling event: BOOT_COMPLETE
06-11 05:07:27.814  1447  1972 I ECS_ECStateMachine: handleEventInternal: BOOT_COMPLETE
06-11 05:07:27.829   621  1000 I ActivityManager: Start proc 4509:com.amazon.mlv/u0a113 for broadcast com.amazon.mlv/com.amazon.mlvlib.beta.MlvBootReceiver
06-11 05:07:28.312   621  4530 I CrashReporterActivityManagerCallback: addErrorToDropBox inserted hashcode=28b3e9d208745b6d53057e56f963971d4ee54279 for eventType wtf.
06-11 05:07:28.334   621  4529 I CrashReporterActivityManagerCallback: addErrorToDropBox inserted hashcode=28b3e9d208745b6d53057e56f963971d4ee54279 for eventType wtf.
06-11 05:07:28.343   621  4531 I CrashReporterActivityManagerCallback: addErrorToDropBox inserted hashcode=28b3e9d208745b6d53057e56f963971d4ee54279 for eventType wtf.
06-11 05:07:28.388   621   633 I CrashDescriptorUtil: addErrorToCommonLog Hash already present in file
06-11 05:07:28.421   621   633 I CrashDescriptorUtil: addErrorToCommonLog Hash already present in file
06-11 05:07:28.423   621   633 I CrashDescriptorUtil: addErrorToCommonLog Hash already present in file
06-11 05:07:28.580  4509  4509 I FrameworkJumpTable: Successfully loaded all classes
06-11 05:07:28.592   621  1000 I ActivityManager: Process com.amazon.alexa.identity (pid 2212) has died
06-11 05:07:28.619  4509  4509 I FrameworkJumpTable: Successfully loaded all methods
06-11 05:07:28.624  4509  4509 I FrameworkJumpTable: Successfully loaded all fields
06-11 05:07:28.625  4509  4509 I FrameworkJumpTable: Successfully loaded all constructors
06-11 05:07:28.711   621  1000 I ActivityManager: Start proc 4539:com.amazon.ods.kindleconnect/u0a115 for broadcast com.amazon.ods.kindleconnect/.receivers.BootActionsReceiver
06-11 05:07:28.730   621  3293 I ActivityManager: Start proc 4552:com.amazon.webview.chromium:AWVArcusServiceProcess/u0a134 for service com.amazon.webview.chromium/com.amazon.webview.awvdeploymentservice.service.AWVArcusService
06-11 05:07:28.842   621  1500 I ActivityManager: Start proc 4571:com.amazon.webview.chromium/u0a134 for content provider com.amazon.webview.chromium/com.amazon.webview.awvdeploymentservice.service.AWVArcusContentProvider
06-11 05:07:29.006   621  1255 I ActivityManager: Killing 2387:com.amazon.clockfaceselector/u0a92 (adj 903): empty #17
06-11 05:07:29.044   621   967 I ActivityManager: Start proc 4587:com.amazon.webview.chromium:webview_service/u0a134 for service com.amazon.webview.chromium/org.chromium.android_webview.services.VariationsSeedServer
06-11 05:07:29.084   621  1255 I ActivityManager: Process com.amazon.kindleautomatictimezone (pid 3482) has died
06-11 05:07:29.273   621  1255 I ActivityManager: Start proc 4602:com.amazon.webview.chromium:AWVMetricsProcess/u0a134 for service com.amazon.webview.chromium/com.amazon.webview.metrics.service.AWVMetricsService
06-11 05:07:29.494  4539  4539 I FrameworkJumpTable: Successfully loaded all classes
06-11 05:07:29.604  4539  4539 I FrameworkJumpTable: Successfully loaded all methods
06-11 05:07:29.610   621  1500 I ActivityManager: Killing 3578:com.amazon.adep/u0a69 (adj 903): empty #17
06-11 05:07:29.611  4539  4539 I FrameworkJumpTable: Successfully loaded all fields
06-11 05:07:29.612  4539  4539 I FrameworkJumpTable: Successfully loaded all constructors
06-11 05:07:29.987   621  1255 I ActivityManager: Start proc 4636:com.amazon.identity.auth.device.authorization/u0a106 for service com.amazon.identity.auth.device.authorization/.AmazonCredentialManagerService
06-11 05:07:30.541   621  1256 I ActivityManager: Start proc 4651:com.amazon.webview.chromium:sandboxed_process0/u0i0 for service com.amazon.kindle.otter.oobe/org.chromium.content.app.SandboxedProcessService0
06-11 05:07:30.709   621  2562 I ActivityManager: Killing 2334:com.amazon.logan/u0a32 (adj 903): empty #17
06-11 05:07:30.819   621  1491 I ActivityManager: Killing 3638:com.amazon.logan:a11ymetrics/u0a32 (adj 903): empty #17
06-11 05:07:30.838   621  1256 I ActivityManager: Killing 3652:com.amazon.afe.app/u0a70 (adj 903): empty #17
06-11 05:07:30.984   621  1255 I ActivityManager: Start proc 4676:com.amazon.logan/u0a32 for content provider com.amazon.logan/.provider.LoganProvider
06-11 05:07:31.127   621   634 I ActivityManager: Waited long enough for: ServiceRecord{7a4e74d u0 com.amazon.device.ddx/.DDXTaskService}
06-11 05:07:31.446   621   621 I ActivityManager: Start proc 4701:com.amazon.webview.chromium:webview_apk/u0a134 for service com.amazon.webview.chromium/org.chromium.android_webview.nonembedded.AwComponentUpdateService
06-11 05:07:32.219   621  3293 I ActivityManager: Start proc 4743:com.amazon.realtimeregistry.device/u0a43 for broadcast com.amazon.realtimeregistry.device/.RealtimeRegistryService$InitializationReceiver
06-11 05:07:32.228   621  3293 I ActivityManager: Killing 3867:com.amazon.device.crashmanager/u0a8 (adj 903): empty #17
06-11 05:07:32.229   621  3293 I ActivityManager: Killing 3772:com.amazon.alta.h2clientservice/u0a105 (adj 903): empty #18
06-11 05:07:32.234   621  3293 I ActivityManager: Killing 3816:com.amazon.assetsync.service/u0a85 (adj 903): empty #17
06-11 05:07:32.484  4743  4743 I FrameworkJumpTable: Successfully loaded all classes
06-11 05:07:32.502  4743  4743 I FrameworkJumpTable: Successfully loaded all methods
06-11 05:07:32.504  4743  4743 I FrameworkJumpTable: Successfully loaded all fields
06-11 05:07:32.504  4743  4743 I FrameworkJumpTable: Successfully loaded all constructors
06-11 05:07:32.572   621  3293 I ActivityManager: Start proc 4760:com.amazon.securitysyncclient/u0a118 for broadcast com.amazon.securitysyncclient/.BootCompleteReceiver
06-11 05:07:33.155   621  1000 I ActivityManager: Process com.amazon.realtimeregistry.device (pid 4743) has died
06-11 05:07:33.378   621  1261 W ActivityManager: Slow operation: 60ms so far, now at startProcess: returned from zygote!
06-11 05:07:33.378   621  1261 W ActivityManager: Slow operation: 60ms so far, now at startProcess: done updating battery stats
06-11 05:07:33.378   621  1261 W ActivityManager: Slow operation: 61ms so far, now at startProcess: building log message
06-11 05:07:33.379   621  1261 I ActivityManager: Start proc 4794:com.amazon.symphonydeviceclient/u0a123 for broadcast com.amazon.symphonydeviceclient/.receiver.BootCompleteReceiver
06-11 05:07:33.379   621  1261 W ActivityManager: Slow operation: 61ms so far, now at startProcess: starting to update pids map
06-11 05:07:33.379   621  1261 W ActivityManager: Slow operation: 61ms so far, now at startProcess: done updating pids map
06-11 05:07:33.379   621  1261 W ActivityManager: Slow operation: 62ms so far, now at startProcess: done starting proc!
06-11 05:07:33.434   621  1255 I ActivityManager: Killing 4083:com.amazon.device.metrics/u0a133 (adj 903): empty #17
06-11 05:07:33.851   621  1261 W ActivityManager: Slow operation: 85ms so far, now at startProcess: returned from zygote!
06-11 05:07:33.851   621  1261 W ActivityManager: Slow operation: 85ms so far, now at startProcess: done updating battery stats
06-11 05:07:33.851   621  1261 W ActivityManager: Slow operation: 85ms so far, now at startProcess: building log message
06-11 05:07:33.851   621  1261 I ActivityManager: Start proc 4816:com.amazon.theia_cvuploader/u0a126 for broadcast com.amazon.theia_cvuploader/.summarylogs.LogsBootReceiver
06-11 05:07:33.851   621  1261 W ActivityManager: Slow operation: 85ms so far, now at startProcess: starting to update pids map
06-11 05:07:33.851   621  1261 W ActivityManager: Slow operation: 85ms so far, now at startProcess: done updating pids map
06-11 05:07:33.851   621  1261 W ActivityManager: Slow operation: 85ms so far, now at startProcess: done starting proc!
06-11 05:07:33.854   621  1261 I ActivityManager: Killing 4287:com.amazon.diode/u0a102 (adj 903): empty #17
06-11 05:07:33.933   621   683 E ConnectivityService: RemoteException caught trying to send a callback msg for NetworkRequest [ LISTEN id=17, [ Capabilities: NOT_RESTRICTED&TRUSTED&NOT_VPN] ]
06-11 05:07:34.175   621   634 I ActivityManager: Waited long enough for: ServiceRecord{b5c4909 u0 com.amazon.device.rdmapplication/.services.RdmService}
06-11 05:07:34.541   621   634 I ActivityManager: Waited long enough for: ServiceRecord{916081f u0 com.amazon.device.smarthome.dshs.endpointdetectorCA/.EndpointDetectorCAService}
06-11 05:07:34.948   621  1256 I ActivityManager: Start proc 4836:com.amazon.venezia/u0a127 for broadcast com.amazon.venezia/.startup.BootCompleteBroadcastReceiver
06-11 05:07:34.952   621  1256 I ActivityManager: Killing 4362:com.amazon.gloria.smarthome/u0a104 (adj 903): empty #17
06-11 05:07:35.336  4836  4836 I FrameworkJumpTable: Successfully loaded all classes
06-11 05:07:35.376  4836  4836 I FrameworkJumpTable: Successfully loaded all methods
06-11 05:07:35.380  4836  4836 I FrameworkJumpTable: Successfully loaded all fields
06-11 05:07:35.380  4836  4836 I FrameworkJumpTable: Successfully loaded all constructors
06-11 05:07:35.487   621   634 I ActivityManager: Waited long enough for: ServiceRecord{6285a34 u0 com.amazon.device.smarthome.dshs.multimodalux/.SmartHomeMultiModalUxService}
06-11 05:07:35.512   621  1256 I ActivityManager: Killing 4379:com.amazon.hybridadidservice/u0a142 (adj 903): empty #17
06-11 05:07:35.558   621  1256 I ActivityManager: Start proc 4855:com.amazon.whisperlink.core.android/u0a62 for broadcast com.amazon.whisperlink.core.android/.StartupIntentReceiver
06-11 05:07:36.130   621  1256 I ActivityManager: Start proc 4893:com.amazon.wifi.sync/u0a37 for broadcast com.amazon.wifi.sync/.receiver.BootCompleteReceiver
06-11 05:07:36.160   621   634 I ActivityManager: Waited long enough for: ServiceRecord{9c8bbcc u0 com.amazon.device.smarthome.ota/.service.SmartHomeOtaService}
06-11 05:07:36.647  4893  4893 I FrameworkJumpTable: Successfully loaded all classes
06-11 05:07:36.687  4893  4893 I FrameworkJumpTable: Successfully loaded all methods
06-11 05:07:36.696  4893  4893 I FrameworkJumpTable: Successfully loaded all fields
06-11 05:07:36.696  4893  4893 I FrameworkJumpTable: Successfully loaded all constructors
06-11 05:07:36.997   621   634 I ActivityManager: Waited long enough for: ServiceRecord{c9c71ce u0 com.amazon.dialservice/.DialService}
06-11 05:07:37.303   621  1257 I ActivityManager: Start proc 4938:com.amazon.zordon/u0a132 for broadcast com.amazon.zordon/.receiver.BootReceiver
06-11 05:07:38.199   621  1261 I ActivityManager: Process com.amazon.kindle.otter.oobe (pid 4399) has died
06-11 05:07:38.201   621   683 E ConnectivityService: RemoteException caught trying to send a callback msg for NetworkRequest [ LISTEN id=18, [ Capabilities: INTERNET&NOT_RESTRICTED&TRUSTED] ]
06-11 05:07:38.216   621  1261 I ActivityManager: Killing 4651:com.amazon.webview.chromium:sandboxed_process0/u0a108i0 (adj 0): isolated not needed
06-11 05:07:38.374   621   639 E KernelCpuSpeedReader: Failed to read cpu-freq: /sys/devices/system/cpu/cpu0/cpufreq/stats/time_in_state (No such file or directory)
06-11 05:07:39.667   621  1000 W ActivityManager: Slow operation: 78ms so far, now at startProcess: returned from zygote!
06-11 05:07:39.667   621  1000 W ActivityManager: Slow operation: 78ms so far, now at startProcess: done updating battery stats
06-11 05:07:39.667   621  1000 W ActivityManager: Slow operation: 78ms so far, now at startProcess: building log message
06-11 05:07:39.667   621  1000 I ActivityManager: Start proc 5023:com.android.managedprovisioning/u0a33 for broadcast com.android.managedprovisioning/.BootReminder
06-11 05:07:39.667   621  1000 W ActivityManager: Slow operation: 78ms so far, now at startProcess: starting to update pids map
06-11 05:07:39.667   621  1000 W ActivityManager: Slow operation: 78ms so far, now at startProcess: done updating pids map
06-11 05:07:39.667   621  1000 W ActivityManager: Slow operation: 79ms so far, now at startProcess: done starting proc!
06-11 05:07:39.922  4938  5022 I FrameworkJumpTable: Successfully loaded all classes
06-11 05:07:39.940   621  1261 I ActivityManager: Start proc 5046:com.android.onetimeinitializer/u0a39 for broadcast com.android.onetimeinitializer/.OneTimeInitializerReceiver
06-11 05:07:40.065   208   268 I touchlogger: Current working frequency: 0x50 0x52
06-11 05:07:40.065   208   268 I touchlogger: Noise value: 0x64 0x64 0x6 0x6 0x8 0x6 0x5 0x5 0x64 0x64 0x64 0x64 0x64 0x64 0x64 0x64 0x64 0x64 0x64 0x64 0x6 0x7 0x5 0x5 0x6 0x6 0x64 0x64 0x64
06-11 05:07:40.077  4938  5022 I FrameworkJumpTable: Successfully loaded all methods
06-11 05:07:40.091  4938  5022 I FrameworkJumpTable: Successfully loaded all fields
06-11 05:07:40.091  4938  5022 I FrameworkJumpTable: Successfully loaded all constructors
06-11 05:07:40.377   621  1500 I ActivityManager: Process com.android.providers.downloads (pid 2681) has died
06-11 05:07:40.541   621  1000 I ActivityManager: Start proc 5069:com.android.providers.downloads/u0a25 for broadcast com.android.providers.downloads/.DownloadReceiver
06-11 05:07:40.613   621  1491 I ActivityManager: Process com.amazon.webview.chromium:AWVArcusServiceProcess (pid 4552) has died
06-11 05:07:41.725   907  5116 W ContextImpl: Calling a method in the system process without a qualified user: android.app.ContextImpl.startService:1386 android.content.ContextWrapper.startService:613 android.content.ContextWrapper.startService:613 com.android.settings.PostBootReceiver.handleBootCompleted:136 com.android.settings.PostBootReceiver.-wrap0:-1 
06-11 05:07:41.794   907   907 W ContextImpl: Calling a method in the system process without a qualified user: android.app.ContextImpl.sendBroadcast:906 android.content.ContextWrapper.sendBroadcast:421 com.amazon.settings.backend.SettingsProxyContentProviderHelper.sendUpdateSettingBroadcast:58 com.amazon.settings.backend.SettingsProxyContentProvider.insert:84 android.content.ContentProvider$Transport.insert:265 
06-11 05:07:41.898   907  5116 W ContextImpl: Calling a method in the system process without a qualified user: android.app.ContextImpl.startService:1386 android.content.ContextWrapper.startService:613 android.content.ContextWrapper.startService:613 com.android.settings.PostBootReceiver.handleBootCompleted:148 com.android.settings.PostBootReceiver.-wrap0:-1 
06-11 05:07:42.240   621  1491 I ActivityManager: Start proc 5131:com.android.phone/1001 for broadcast com.android.stk/.BootCompletedReceiver
06-11 05:07:42.759   621  2562 I ActivityManager: Process com.amazon.mlv (pid 4509) has died
06-11 05:07:42.803   907  5147 W ContextImpl: Calling a method in the system process without a qualified user: android.app.ContextImpl.bindService:1450 android.content.ContextWrapper.bindService:636 android.content.ContextWrapper.bindService:636 com.amazon.identity.auth.device.framework.BoundServiceCaller.call:105 com.amazon.identity.auth.device.framework.SyncBoundServiceCaller.startAsyncOperation:56 
06-11 05:07:42.806   907  5146 W ContextImpl: Calling a method in the system process without a qualified user: android.app.ContextImpl.bindService:1450 android.content.ContextWrapper.bindService:636 android.content.ContextWrapper.bindService:636 com.amazon.identity.auth.device.framework.BoundServiceCaller.call:105 com.amazon.identity.auth.device.framework.SyncBoundServiceCaller.startAsyncOperation:56 
06-11 05:07:42.857   907  5116 W ContextImpl: Calling a method in the system process without a qualified user: android.app.ContextImpl.sendBroadcast:906 android.content.ContextWrapper.sendBroadcast:421 com.amazon.settings.backend.SettingsProxyContentProviderHelper.sendUpdateSettingBroadcast:58 com.amazon.settings.backend.SettingsProxyContentProvider.insert:84 android.content.ContentProvider$Transport.insert:265 
06-11 05:07:43.101   621  1438 I ActivityManager: Process com.amazon.webview.chromium:webview_apk (pid 4701) has died
06-11 05:07:43.153   621  1438 I ActivityManager: Start proc 5164:com.mediatek.engineermode/1001 for broadcast com.mediatek.engineermode/.boot.EmBootupReceiver
06-11 05:07:43.362   907  5144 W ContextImpl: Calling a method in the system process without a qualified user: android.app.ContextImpl.bindService:1450 android.content.ContextWrapper.bindService:636 android.content.ContextWrapper.bindService:636 com.amazon.identity.auth.device.framework.BoundServiceCaller.call:105 com.amazon.identity.auth.device.framework.SyncBoundServiceCaller.startAsyncOperation:56 
06-11 05:07:43.606   907  5116 W ContextImpl: Calling a method in the system process without a qualified user: android.app.ContextImpl.startService:1386 android.content.ContextWrapper.startService:613 android.content.ContextWrapper.startService:613 com.android.settings.PostBootReceiver.handleBootCompleted:242 com.android.settings.PostBootReceiver.-wrap0:-1 
06-11 05:07:43.726   621  1491 I ActivityManager: Start proc 5187:com.ring.halo.messaging/u0a150 for broadcast com.ring.halo.messaging/.BootCompletedReceiver
06-11 05:07:43.807   907  5116 W ContextImpl: Calling a method in the system process without a qualified user: android.app.ContextImpl.sendBroadcast:906 android.content.ContextWrapper.sendBroadcast:421 com.amazon.settings.backend.SettingsProxyContentProviderHelper.sendUpdateSettingBroadcast:58 com.amazon.settings.backend.SettingsProxyContentProvider.insert:84 android.content.ContentProvider$Transport.insert:265 
06-11 05:07:44.128   621  1491 I ActivityManager: Start proc 5202:com.amazon.wifilocker/u0a9 for broadcast com.amazon.wifilocker/.receivers.WifiChangeReceiver
06-11 05:07:44.248   621  2562 I ActivityManager: Process com.amazon.ods.kindleconnect (pid 4539) has died
06-11 05:07:44.445   907  5144 W ContextImpl: Calling a method in the system process without a qualified user: android.app.ContextImpl.bindService:1450 android.content.ContextWrapper.bindService:636 android.content.ContextWrapper.bindService:636 com.amazon.identity.auth.device.framework.BoundServiceCaller.call:105 com.amazon.identity.auth.device.framework.SyncBoundServiceCaller.startAsyncOperation:56 
06-11 05:07:44.507   907  5163 W ContextImpl: Calling a method in the system process without a qualified user: android.app.ContextImpl.sendBroadcast:906 android.content.ContextWrapper.sendBroadcast:421 com.amazon.settings.backend.SettingsProxyContentProviderHelper.sendUpdateSettingBroadcast:58 com.amazon.settings.backend.SettingsProxyContentProvider.insert:84 android.content.ContentProvider$Transport.insert:265 
06-11 05:07:44.511   621  1261 I ActivityManager: Process com.amazon.webview.chromium:webview_service (pid 4587) has died
06-11 05:07:44.809   621  3293 I ActivityManager: Process com.amazon.identity.auth.device.authorization (pid 4636) has died
06-11 05:07:44.966   621  5239 I CrashReporterActivityManagerCallback: addErrorToDropBox inserted hashcode=28b3e9d208745b6d53057e56f963971d4ee54279 for eventType wtf.
06-11 05:07:45.046   621  1437 W ActivityManager: Slow operation: 54ms so far, now at startProcess: returned from zygote!
06-11 05:07:45.046   621  1437 W ActivityManager: Slow operation: 54ms so far, now at startProcess: done updating battery stats
06-11 05:07:45.046   621  1437 W ActivityManager: Slow operation: 54ms so far, now at startProcess: building log message
06-11 05:07:45.046   621  1437 I ActivityManager: Start proc 5241:com.amazon.diode/u0a102 for broadcast com.amazon.diode/.analyzer.TtsAnalyzer
06-11 05:07:45.046   621  1437 W ActivityManager: Slow operation: 54ms so far, now at startProcess: starting to update pids map
06-11 05:07:45.046   621  1437 W ActivityManager: Slow operation: 54ms so far, now at startProcess: done updating pids map
06-11 05:07:45.046   621  1437 W ActivityManager: Slow operation: 55ms so far, now at startProcess: done starting proc!
06-11 05:07:45.068   621  5246 I CrashReporterActivityManagerCallback: addErrorToDropBox inserted hashcode=28b3e9d208745b6d53057e56f963971d4ee54279 for eventType wtf.
06-11 05:07:45.185   621  5259 I CrashReporterActivityManagerCallback: addErrorToDropBox inserted hashcode=28b3e9d208745b6d53057e56f963971d4ee54279 for eventType wtf.
06-11 05:07:45.196   621   633 I CrashDescriptorUtil: addErrorToCommonLog Hash already present in file
06-11 05:07:45.296   621  3293 I ActivityManager: Process com.amazon.theia_cvuploader (pid 4816) has died
06-11 05:07:45.318   621   633 I CrashDescriptorUtil: addErrorToCommonLog Hash already present in file
06-11 05:07:45.342   621   633 I CrashDescriptorUtil: addErrorToCommonLog Hash already present in file
06-11 05:07:45.832   621  1261 I ActivityManager: Process com.amazon.securitysyncclient (pid 4760) has died
06-11 05:07:45.941   907  1935 W ContextImpl: Calling a method in the system process without a qualified user: android.app.ContextImpl.bindService:1450 android.content.ContextWrapper.bindService:636 amazon.speech.simclient.common.ServiceConnectionManager.bindCommon:327 amazon.speech.simclient.common.AsyncServiceConnectionManager$1.run:78 java.util.concurrent.ThreadPoolExecutor.runWorker:1133 
06-11 05:07:45.956   907  5144 W ContextImpl: Calling a method in the system process without a qualified user: android.app.ContextImpl.bindService:1450 android.content.ContextWrapper.bindService:636 android.content.ContextWrapper.bindService:636 com.amazon.identity.auth.device.framework.BoundServiceCaller.call:105 com.amazon.identity.auth.device.framework.SyncBoundServiceCaller.startAsyncOperation:56 
06-11 05:07:46.108   907  1935 W ContextImpl: Calling a method in the system process without a qualified user: android.app.ContextImpl.bindService:1450 android.content.ContextWrapper.bindService:636 amazon.speech.simclient.common.ServiceConnectionManager.bindCommon:327 amazon.speech.simclient.common.AsyncServiceConnectionManager$1.run:78 java.util.concurrent.ThreadPoolExecutor.runWorker:1133 
06-11 05:07:46.240   907  1935 W ContextImpl: Calling a method in the system process without a qualified user: android.app.ContextImpl.bindService:1450 android.content.ContextWrapper.bindService:636 amazon.speech.simclient.common.ServiceConnectionManager.bindCommon:327 amazon.speech.simclient.common.AsyncServiceConnectionManager$1.run:78 java.util.concurrent.ThreadPoolExecutor.runWorker:1133 
06-11 05:07:46.308   907  1935 W ContextImpl: Calling a method in the system process without a qualified user: android.app.ContextImpl.bindService:1450 android.content.ContextWrapper.bindService:636 amazon.speech.simclient.common.ServiceConnectionManager.bindCommon:327 amazon.speech.simclient.common.AsyncServiceConnectionManager$1.run:78 java.util.concurrent.ThreadPoolExecutor.runWorker:1133 
06-11 05:07:46.395   907  1935 W ContextImpl: Calling a method in the system process without a qualified user: android.app.ContextImpl.bindService:1450 android.content.ContextWrapper.bindService:636 amazon.speech.simclient.common.ServiceConnectionManager.bindCommon:327 amazon.speech.simclient.common.AsyncServiceConnectionManager$1.run:78 java.util.concurrent.ThreadPoolExecutor.runWorker:1133 
06-11 05:07:46.402   907  1935 W ContextImpl: Calling a method in the system process without a qualified user: android.app.ContextImpl.bindService:1450 android.content.ContextWrapper.bindService:636 amazon.speech.simclient.common.ServiceConnectionManager.bindCommon:327 amazon.speech.simclient.common.AsyncServiceConnectionManager$1.run:78 java.util.concurrent.ThreadPoolExecutor.runWorker:1133 
06-11 05:07:46.511   907  1935 W ContextImpl: Calling a method in the system process without a qualified user: android.app.ContextImpl.bindService:1450 android.content.ContextWrapper.bindService:636 amazon.speech.simclient.common.ServiceConnectionManager.bindCommon:327 amazon.speech.simclient.common.AsyncServiceConnectionManager$1.run:78 java.util.concurrent.ThreadPoolExecutor.runWorker:1133 
06-11 05:07:46.573   907  1935 W ContextImpl: Calling a method in the system process without a qualified user: android.app.ContextImpl.bindService:1450 android.content.ContextWrapper.bindService:636 amazon.speech.simclient.common.ServiceConnectionManager.bindCommon:327 amazon.speech.simclient.common.AsyncServiceConnectionManager$1.run:78 java.util.concurrent.ThreadPoolExecutor.runWorker:1133 
06-11 05:07:46.660   907  1935 W ContextImpl: Calling a method in the system process without a qualified user: android.app.ContextImpl.bindService:1450 android.content.ContextWrapper.bindService:636 amazon.speech.simclient.common.ServiceConnectionManager.bindCommon:327 amazon.speech.simclient.common.AsyncServiceConnectionManager$1.run:78 java.util.concurrent.ThreadPoolExecutor.runWorker:1133 
06-11 05:07:46.689   907  1935 W ContextImpl: Calling a method in the system process without a qualified user: android.app.ContextImpl.bindService:1450 android.content.ContextWrapper.bindService:636 amazon.speech.simclient.common.ServiceConnectionManager.bindCommon:327 amazon.speech.simclient.common.AsyncServiceConnectionManager$1.run:78 java.util.concurrent.ThreadPoolExecutor.runWorker:1133 
