06-11 05:08:23.969   621   633 E RemotePrintSpooler: 	at com.android.server.print.PrintManagerService$PrintManagerImpl$2.onPackageModified(PrintManagerService.java:772)
06-11 05:08:23.969   621   633 E RemotePrintSpooler: 	at com.android.internal.content.PackageMonitor.onReceive(PackageMonitor.java:370)
06-11 05:08:23.969   621   633 E RemotePrintSpooler: 	at android.app.LoadedApk$ReceiverDispatcher$Args.run(LoadedApk.java:1158)
06-11 05:08:23.969   621   633 E RemotePrintSpooler: 	at android.os.Handler.handleCallback(Handler.java:751)
06-11 05:08:23.969   621   633 E RemotePrintSpooler: 	at android.os.Handler.dispatchMessage(Handler.java:95)
06-11 05:08:23.969   621   633 E RemotePrintSpooler: 	at android.os.Looper.loop(Looper.java:154)
06-11 05:08:23.969   621   633 E RemotePrintSpooler: 	at android.os.HandlerThread.run(HandlerThread.java:61)
06-11 05:08:24.000   621  1253 I ActivityManager: Process com.amazon.logan (pid 5548) has died
06-11 05:08:37.459   621  1000 I ActivityManager: Process android.process.media (pid 4455) has died
06-11 05:08:37.460   621   636 W libprocessgroup: failed to kill pid 4455: No such process
06-11 05:08:40.080   208   268 I touchlogger: Current working frequency: 0x50 0x52
06-11 05:08:40.080   208   268 I touchlogger: Noise value: 0x64 0x64 0x6 0x6 0x8 0x6 0x5 0x5 0x64 0x64 0x64 0x64 0x64 0x64 0x64 0x64 0x64 0x64 0x64 0x64 0x6 0x7 0x5 0x5 0x6 0x6 0x64 0x64 0x64
06-11 05:08:43.405   907  1935 W ContextImpl: Calling a method in the system process without a qualified user: android.app.ContextImpl.bindService:1450 android.content.ContextWrapper.bindService:636 amazon.speech.simclient.common.ServiceConnectionManager.bindCommon:327 amazon.speech.simclient.common.AsyncServiceConnectionManager$1.run:78 java.util.concurrent.ThreadPoolExecutor.runWorker:1133 
06-11 05:08:43.439   907  1935 W ContextImpl: Calling a method in the system process without a qualified user: android.app.ContextImpl.bindService:1450 android.content.ContextWrapper.bindService:636 amazon.speech.simclient.common.ServiceConnectionManager.bindCommon:327 amazon.speech.simclient.common.AsyncServiceConnectionManager$1.run:78 java.util.concurrent.ThreadPoolExecutor.runWorker:1133 
06-11 05:08:43.483   907  6243 W ContextImpl: Calling a method in the system process without a qualified user: android.app.ContextImpl.startService:1386 android.content.ContextWrapper.startService:613 com.amazon.scf.uss.event.StateReportEventDelegatorService.startActionReportState:84 com.amazon.scf.uss.event.StateReportEventHandler.handleEvent:84 com.amazon.uss.USSEventManager.sendEvent:47 
06-11 05:08:43.504   907  1935 W ContextImpl: Calling a method in the system process without a qualified user: android.app.ContextImpl.bindService:1450 android.content.ContextWrapper.bindService:636 amazon.speech.simclient.common.ServiceConnectionManager.bindCommon:327 amazon.speech.simclient.common.AsyncServiceConnectionManager$1.run:78 java.util.concurrent.ThreadPoolExecutor.runWorker:1133 
06-11 05:08:43.507   907  1935 W ContextImpl: Calling a method in the system process without a qualified user: android.app.ContextImpl.bindService:1450 android.content.ContextWrapper.bindService:636 amazon.speech.simclient.common.ServiceConnectionManager.bindCommon:327 amazon.speech.simclient.common.AsyncServiceConnectionManager$1.run:78 java.util.concurrent.ThreadPoolExecutor.runWorker:1133 
06-11 05:08:44.235   621  6246 I CrashReporterActivityManagerCallback: addErrorToDropBox inserted hashcode=28b3e9d208745b6d53057e56f963971d4ee54279 for eventType wtf.
06-11 05:08:44.260   621   633 I CrashDescriptorUtil: addErrorToCommonLog Hash already present in file
06-11 05:08:44.288   621  6247 I CrashReporterActivityManagerCallback: addErrorToDropBox inserted hashcode=28b3e9d208745b6d53057e56f963971d4ee54279 for eventType wtf.
06-11 05:08:44.306   621  6248 I CrashReporterActivityManagerCallback: addErrorToDropBox inserted hashcode=28b3e9d208745b6d53057e56f963971d4ee54279 for eventType wtf.
06-11 05:08:44.315   621   633 I CrashDescriptorUtil: addErrorToCommonLog Hash already present in file
06-11 05:08:44.327   621   633 I CrashDescriptorUtil: addErrorToCommonLog Hash already present in file
06-11 05:08:58.701   907  1935 W ContextImpl: Calling a method in the system process without a qualified user: android.app.ContextImpl.bindService:1450 android.content.ContextWrapper.bindService:636 amazon.speech.simclient.common.ServiceConnectionManager.bindCommon:327 amazon.speech.simclient.common.AsyncServiceConnectionManager$1.run:78 java.util.concurrent.ThreadPoolExecutor.runWorker:1133 
06-11 05:08:58.703   907  1935 W ContextImpl: Calling a method in the system process without a qualified user: android.app.ContextImpl.bindService:1450 android.content.ContextWrapper.bindService:636 amazon.speech.simclient.common.ServiceConnectionManager.bindCommon:327 amazon.speech.simclient.common.AsyncServiceConnectionManager$1.run:78 java.util.concurrent.ThreadPoolExecutor.runWorker:1133 
06-11 05:08:58.721   907  6275 W ContextImpl: Calling a method in the system process without a qualified user: android.app.ContextImpl.startService:1386 android.content.ContextWrapper.startService:613 com.amazon.scf.uss.event.StateReportEventDelegatorService.startActionReportState:84 com.amazon.scf.uss.event.StateReportEventHandler.handleEvent:84 com.amazon.uss.USSEventManager.sendEvent:47 
06-11 05:08:58.728   907  1935 W ContextImpl: Calling a method in the system process without a qualified user: android.app.ContextImpl.bindService:1450 android.content.ContextWrapper.bindService:636 amazon.speech.simclient.common.ServiceConnectionManager.bindCommon:327 amazon.speech.simclient.common.AsyncServiceConnectionManager$1.run:78 java.util.concurrent.ThreadPoolExecutor.runWorker:1133 
06-11 05:08:58.730   907  1935 W ContextImpl: Calling a method in the system process without a qualified user: android.app.ContextImpl.bindService:1450 android.content.ContextWrapper.bindService:636 amazon.speech.simclient.common.ServiceConnectionManager.bindCommon:327 amazon.speech.simclient.common.AsyncServiceConnectionManager$1.run:78 java.util.concurrent.ThreadPoolExecutor.runWorker:1133 
06-11 05:08:59.441   621  6289 I CrashReporterActivityManagerCallback: addErrorToDropBox inserted hashcode=28b3e9d208745b6d53057e56f963971d4ee54279 for eventType wtf.
06-11 05:08:59.481   621   633 I CrashDescriptorUtil: addErrorToCommonLog Hash already present in file
06-11 05:08:59.548   621   727 I RuntimePersistent: Set process com.amazon.alexa.externalmediaplayer.fireos to non persistent, maxAdj=400
06-11 05:08:59.571   621  6290 I CrashReporterActivityManagerCallback: addErrorToDropBox inserted hashcode=28b3e9d208745b6d53057e56f963971d4ee54279 for eventType wtf.
06-11 05:08:59.580   621  6291 I CrashReporterActivityManagerCallback: addErrorToDropBox inserted hashcode=28b3e9d208745b6d53057e56f963971d4ee54279 for eventType wtf.
06-11 05:08:59.594   621   633 I CrashDescriptorUtil: addErrorToCommonLog Hash already present in file
06-11 05:08:59.597   621   633 I CrashDescriptorUtil: addErrorToCommonLog Hash already present in file
06-11 05:09:40.091   208   268 I touchlogger: Current working frequency: 0x50 0x52
06-11 05:09:40.091   208   268 I touchlogger: Noise value: 0x64 0x64 0x6 0x6 0x8 0x6 0x5 0x5 0x64 0x64 0x64 0x64 0x64 0x64 0x64 0x64 0x64 0x64 0x64 0x64 0x6 0x7 0x5 0x5 0x6 0x6 0x64 0x64 0x64
06-11 05:09:47.875   621  6413 I CrashReporterActivityManagerCallback: addErrorToDropBox inserted hashcode=28b3e9d208745b6d53057e56f963971d4ee54279 for eventType wtf.
06-11 05:09:47.897   621   633 I CrashDescriptorUtil: addErrorToCommonLog Hash already present in file
06-11 05:09:47.915   621  6414 I CrashReporterActivityManagerCallback: addErrorToDropBox inserted hashcode=28b3e9d208745b6d53057e56f963971d4ee54279 for eventType wtf.
06-11 05:09:47.929   621  6415 I CrashReporterActivityManagerCallback: addErrorToDropBox inserted hashcode=28b3e9d208745b6d53057e56f963971d4ee54279 for eventType wtf.
06-11 05:09:47.950   621   633 I CrashDescriptorUtil: addErrorToCommonLog Hash already present in file
06-11 05:09:47.952   621   633 I CrashDescriptorUtil: addErrorToCommonLog Hash already present in file
06-11 05:10:40.096   208   268 I touchlogger: Current working frequency: 0x50 0x52
06-11 05:10:40.096   208   268 I touchlogger: Noise value: 0x64 0x64 0x6 0x6 0x8 0x6 0x5 0x5 0x64 0x64 0x64 0x64 0x64 0x64 0x64 0x64 0x64 0x64 0x64 0x64 0x6 0x7 0x5 0x5 0x6 0x6 0x64 0x64 0x64
06-11 05:10:51.772   621   634 I ActivityManager: Start proc 6564:android.process.media/u0a34 for broadcast com.android.providers.media/.MtpReceiver
06-11 05:10:55.320   621  1438 I ActivityManager: Process com.amazon.afe.app (pid 5894) has died
06-11 05:11:07.972  1447  1850 I ECS_AutoNightMode: evalNightMode lux: 126.00
06-11 05:11:40.108   208   268 I touchlogger: Current working frequency: 0x50 0x52
06-11 05:11:40.108   208   268 I touchlogger: Noise value: 0x64 0x64 0x6 0x6 0x8 0x6 0x5 0x5 0x64 0x64 0x64 0x64 0x64 0x64 0x64 0x64 0x64 0x64 0x64 0x64 0x6 0x7 0x5 0x5 0x6 0x6 0x64 0x64 0x64
06-11 05:11:40.364   621   634 I ActivityManager: Start proc 6663:com.amazon.diode/u0a102 for broadcast com.amazon.diode/.events.ExternalEventReceiver
06-11 05:11:49.009   621  1438 I ActivityManager: Process com.amazon.venezia (pid 6021) has died
06-11 05:12:01.589   621  1463 I ActivityManager: Process com.amazon.securitysyncclient (pid 5851) has died
06-11 05:12:23.389   621  1253 I ActivityManager: Process com.android.providers.downloads (pid 5811) has died
06-11 05:12:28.291   621   683 E ConnectivityService: RemoteException caught trying to send a callback msg for NetworkRequest [ LISTEN id=22, [ Capabilities: NOT_RESTRICTED&TRUSTED&NOT_VPN] ]
06-11 05:12:28.291   621  5880 I ActivityManager: Process com.amazon.diode (pid 6663) has died
06-11 05:12:32.261   621   634 W ActivityManager: Slow operation: 58ms so far, now at startProcess: returned from zygote!
06-11 05:12:32.261   621   634 W ActivityManager: Slow operation: 58ms so far, now at startProcess: done updating battery stats
06-11 05:12:32.261   621   634 W ActivityManager: Slow operation: 59ms so far, now at startProcess: building log message
06-11 05:12:32.262   621   634 I ActivityManager: Start proc 6873:com.amazon.assetsync.service/u0a85 for broadcast com.amazon.assetsync.service/com.amazon.assetsync.arcus.ConfigurationSyncReceiver
06-11 05:12:32.262   621   634 W ActivityManager: Slow operation: 59ms so far, now at startProcess: starting to update pids map
06-11 05:12:32.262   621   634 W ActivityManager: Slow operation: 59ms so far, now at startProcess: done updating pids map
06-11 05:12:32.262   621   634 W ActivityManager: Slow operation: 60ms so far, now at startProcess: done starting proc!
06-11 05:12:32.320   621   621 I ActivityManager: Start proc 6886:com.amazon.webview.chromium:webview_service/u0a134 for service com.amazon.webview.chromium/org.chromium.android_webview.services.AwVariationsSeedFetcher
06-11 05:12:32.450  6873  6873 I FrameworkJumpTable: Successfully loaded all classes
06-11 05:12:32.469  6873  6873 I FrameworkJumpTable: Successfully loaded all methods
06-11 05:12:32.471  6873  6873 I FrameworkJumpTable: Successfully loaded all fields
06-11 05:12:32.471  6873  6873 I FrameworkJumpTable: Successfully loaded all constructors
06-11 05:12:37.019   621  1255 I ActivityManager: Process android.process.media (pid 6564) has died
06-11 05:12:40.112   208   268 I touchlogger: Current working frequency: 0x50 0x52
06-11 05:12:40.112   208   268 I touchlogger: Noise value: 0x64 0x64 0x6 0x6 0x8 0x6 0x5 0x5 0x64 0x64 0x64 0x64 0x64 0x64 0x64 0x64 0x64 0x64 0x64 0x64 0x6 0x7 0x5 0x5 0x6 0x6 0x64 0x64 0x64
06-11 05:12:48.032   621  1255 I ActivityManager: Process com.amazon.cmb (pid 2520) has died
06-11 05:12:53.519   621  2556 I ActivityManager: Process com.amazon.assetsync.service (pid 6873) has died
06-11 05:13:19.814   621   631 I ActivityManager: Process com.amazon.webview.chromium:webview_service (pid 6886) has died
06-11 05:13:40.117   208   268 I touchlogger: Current working frequency: 0x50 0x52
06-11 05:13:40.117   208   268 I touchlogger: Noise value: 0x64 0x64 0x6 0x6 0x8 0x6 0x5 0x5 0x64 0x64 0x64 0x64 0x64 0x64 0x64 0x64 0x64 0x64 0x64 0x64 0x6 0x7 0x5 0x5 0x6 0x6 0x64 0x64 0x64
06-11 05:14:40.120   208   268 I touchlogger: Current working frequency: 0x50 0x52
06-11 05:14:40.120   208   268 I touchlogger: Noise value: 0x64 0x64 0x6 0x6 0x8 0x6 0x5 0x5 0x64 0x64 0x64 0x64 0x64 0x64 0x64 0x64 0x64 0x64 0x64 0x64 0x6 0x7 0x5 0x5 0x6 0x6 0x64 0x64 0x64
06-11 05:15:40.127   208   268 I touchlogger: Current working frequency: 0x50 0x52
06-11 05:15:40.127   208   268 I touchlogger: Noise value: 0x64 0x64 0x6 0x6 0x8 0x6 0x5 0x5 0x64 0x64 0x64 0x64 0x64 0x64 0x64 0x64 0x64 0x64 0x64 0x64 0x6 0x7 0x5 0x5 0x6 0x6 0x64 0x64 0x64
06-11 05:16:08.904  1447  1850 I ECS_AutoNightMode: evalNightMode lux: 121.50
06-11 05:16:29.332   621  7475 I PerfrecoverydHelper: User activity detected within the last 15 mins
06-11 05:16:40.131   208   268 I touchlogger: Current working frequency: 0x50 0x52
06-11 05:16:40.131   208   268 I touchlogger: Noise value: 0x64 0x64 0x6 0x6 0x8 0x6 0x5 0x5 0x64 0x64 0x64 0x64 0x64 0x64 0x64 0x64 0x64 0x64 0x64 0x64 0x6 0x7 0x5 0x5 0x6 0x6 0x64 0x64 0x64
06-11 05:16:40.655   621   634 I ActivityManager: Start proc 7492:com.amazon.diode/u0a102 for broadcast com.amazon.diode/.events.ExternalEventReceiver
06-11 05:16:41.240   621   683 E ConnectivityService: RemoteException caught trying to send a callback msg for NetworkRequest [ LISTEN id=23, [ Capabilities: NOT_RESTRICTED&TRUSTED&NOT_VPN] ]
06-11 05:16:41.240   621  1480 I ActivityManager: Process com.amazon.diode (pid 7492) has died
06-11 05:17:40.135   208   268 I touchlogger: Current working frequency: 0x50 0x52
06-11 05:17:40.135   208   268 I touchlogger: Noise value: 0x64 0x64 0x6 0x6 0x8 0x6 0x5 0x5 0x64 0x64 0x64 0x64 0x64 0x64 0x64 0x64 0x64 0x64 0x64 0x64 0x6 0x7 0x5 0x5 0x6 0x6 0x64 0x64 0x64
06-11 05:18:27.142   621   727 I RuntimePersistent: Set process com.amazon.alexa.externalmediaplayer.fireos to non persistent, maxAdj=400
06-11 05:18:40.138   208   268 I touchlogger: Current working frequency: 0x50 0x52
06-11 05:18:40.138   208   268 I touchlogger: Noise value: 0x64 0x64 0x6 0x6 0x8 0x6 0x5 0x5 0x64 0x64 0x64 0x64 0x64 0x64 0x64 0x64 0x64 0x64 0x64 0x64 0x6 0x7 0x5 0x5 0x6 0x6 0x64 0x64 0x64
06-11 05:19:40.142   208   268 I touchlogger: Current working frequency: 0x50 0x52
06-11 05:19:40.142   208   268 I touchlogger: Noise value: 0x64 0x64 0x6 0x6 0x8 0x6 0x5 0x5 0x64 0x64 0x64 0x64 0x64 0x64 0x64 0x64 0x64 0x64 0x64 0x64 0x6 0x7 0x5 0x5 0x6 0x6 0x64 0x64 0x64
06-11 05:20:40.157   208   268 I touchlogger: Current working frequency: 0x50 0x52
06-11 05:20:40.158   208   268 I touchlogger: Noise value: 0x64 0x64 0x6 0x6 0x8 0x6 0x5 0x5 0x64 0x64 0x64 0x64 0x64 0x64 0x64 0x64 0x64 0x64 0x64 0x64 0x6 0x7 0x5 0x5 0x6 0x6 0x64 0x64 0x64
06-11 05:21:09.624  1447  1850 I ECS_AutoNightMode: evalNightMode lux: 131.50
06-11 05:21:32.715   621  1157 I PropertyCollector@22042726308: Start init service read_diskstat
06-11 05:21:32.717   621  1157 I PropertyCollector@22042726308: Poll init service read_diskstat
06-11 05:21:32.897   621   634 W ProcessCpuTracker: Skipping unknown process pid 8101
06-11 05:21:33.221   621  1157 I PropertyCollector@22042166231: Start init service read_lifetime
06-11 05:21:33.221   621  1157 I PropertyCollector@22042166231: Poll init service read_lifetime
06-11 05:21:33.424   621  1157 I PropertyCollector@22042647769: Start init service read_lifetime
06-11 05:21:33.427   621  1157 I PropertyCollector@22042647769: Poll init service read_lifetime
06-11 05:21:33.537   621  1157 I PropertyCollector@22042570308: Start init service amzn_mmc_utils
06-11 05:21:33.537   621  1157 I PropertyCollector@22042570308: Poll init service amzn_mmc_utils
06-11 05:21:40.164   208   268 I touchlogger: Current working frequency: 0x50 0x52
06-11 05:21:40.165   208   268 I touchlogger: Noise value: 0x64 0x64 0x6 0x6 0x8 0x6 0x5 0x5 0x64 0x64 0x64 0x64 0x64 0x64 0x64 0x64 0x64 0x64 0x64 0x64 0x6 0x7 0x5 0x5 0x6 0x6 0x64 0x64 0x64
06-11 05:21:40.907   621   634 I ActivityManager: Start proc 8139:com.amazon.diode/u0a102 for broadcast com.amazon.diode/.events.ExternalEventReceiver
06-11 05:21:56.508   621   727 I RuntimePersistent: Set process com.amazon.device.smarthome.adapters.echo to non persistent, maxAdj=1001
06-11 05:22:10.098   621  8211 I CrashReporterActivityManagerCallback: addErrorToDropBox inserted hashcode=28b3e9d208745b6d53057e56f963971d4ee54279 for eventType wtf.
06-11 05:22:10.112   621  8212 I CrashReporterActivityManagerCallback: addErrorToDropBox inserted hashcode=28b3e9d208745b6d53057e56f963971d4ee54279 for eventType wtf.
06-11 05:22:10.120   621  8213 I CrashReporterActivityManagerCallback: addErrorToDropBox inserted hashcode=28b3e9d208745b6d53057e56f963971d4ee54279 for eventType wtf.
06-11 05:22:10.128   621   633 I CrashDescriptorUtil: addErrorToCommonLog Hash already present in file
06-11 05:22:10.150   621   633 I CrashDescriptorUtil: addErrorToCommonLog Hash already present in file
06-11 05:22:10.179   621   633 I CrashDescriptorUtil: addErrorToCommonLog Hash already present in file
06-11 05:22:11.085   621   727 I RuntimePersistent: Set process com.amazon.alexa.externalmediaplayer.fireos to non persistent, maxAdj=400
06-11 05:22:28.696   621   683 E ConnectivityService: RemoteException caught trying to send a callback msg for NetworkRequest [ LISTEN id=24, [ Capabilities: NOT_RESTRICTED&TRUSTED&NOT_VPN] ]
06-11 05:22:28.696   621  1257 I ActivityManager: Process com.amazon.diode (pid 8139) has died
06-11 05:22:40.169   208   268 I touchlogger: Current working frequency: 0x50 0x52
06-11 05:22:40.170   208   268 I touchlogger: Noise value: 0x64 0x64 0x6 0x6 0x8 0x6 0x5 0x5 0x64 0x64 0x64 0x64 0x64 0x64 0x64 0x64 0x64 0x64 0x64 0x64 0x6 0x7 0x5 0x5 0x6 0x6 0x64 0x64 0x64
06-11 05:23:40.174   208   268 I touchlogger: Current working frequency: 0x50 0x52
06-11 05:23:40.174   208   268 I touchlogger: Noise value: 0x64 0x64 0x6 0x6 0x7 0x9 0x8 0x9 0x64 0x64 0x64 0x64 0x64 0x64 0x64 0x64 0x64 0x64 0x64 0x64 0x6 0x9 0x7 0x6 0x6 0x6 0x64 0x64 0x64
06-11 05:24:40.178   208   268 I touchlogger: Current working frequency: 0x50 0x52
06-11 05:24:40.178   208   268 I touchlogger: Noise value: 0x64 0x64 0x6 0x6 0x7 0x9 0x8 0x9 0x64 0x64 0x64 0x64 0x64 0x64 0x64 0x64 0x64 0x64 0x64 0x64 0x6 0x9 0x7 0x6 0x6 0x6 0x64 0x64 0x64
06-11 05:25:40.182   208   268 I touchlogger: Current working frequency: 0x50 0x52
06-11 05:25:40.182   208   268 I touchlogger: Noise value: 0x64 0x64 0x6 0x6 0x7 0x9 0x8 0x9 0x64 0x64 0x64 0x64 0x64 0x64 0x64 0x64 0x64 0x64 0x64 0x64 0x6 0x9 0x7 0x6 0x6 0x6 0x64 0x64 0x64
06-11 05:26:10.435  1447  1850 I ECS_AutoNightMode: evalNightMode lux: 112.00
06-11 05:26:27.599   621   633 I UsageStatsService: User[0] Flushing usage stats to disk
06-11 05:26:31.363   621   621 I ActivityManager: Start proc 8798:com.amazon.webview.chromium:webview_service/u0a134 for service com.amazon.webview.chromium/org.chromium.android_webview.services.AwVariationsSeedFetcher
06-11 05:26:31.400   621  1465 I ActivityManager: Start proc 8811:com.amazon.securitysyncclient/u0a118 for broadcast com.amazon.securitysyncclient/com.amazon.remoteconfig.ConfigurationSyncReceiver
06-11 05:26:32.503   621  8847 I CrashReporterActivityManagerCallback: addErrorToDropBox inserted hashcode=28b3e9d208745b6d53057e56f963971d4ee54279 for eventType wtf.
06-11 05:26:32.508   621  8848 I CrashReporterActivityManagerCallback: addErrorToDropBox inserted hashcode=28b3e9d208745b6d53057e56f963971d4ee54279 for eventType wtf.
06-11 05:26:32.511   621  8849 I CrashReporterActivityManagerCallback: addErrorToDropBox inserted hashcode=28b3e9d208745b6d53057e56f963971d4ee54279 for eventType wtf.
06-11 05:26:32.532   621   633 I CrashDescriptorUtil: addErrorToCommonLog Hash already present in file
06-11 05:26:32.542   621   633 I CrashDescriptorUtil: addErrorToCommonLog Hash already present in file
06-11 05:26:32.555   621   633 I CrashDescriptorUtil: addErrorToCommonLog Hash already present in file
06-11 05:26:33.812   621  1490 I ActivityManager: Process com.amazon.securitysyncclient (pid 8811) has died
06-11 05:26:34.044   621  7269 I ActivityManager: Process com.amazon.webview.chromium:webview_service (pid 8798) has died
06-11 05:26:40.186   208   268 I touchlogger: Current working frequency: 0x50 0x52
06-11 05:26:40.186   208   268 I touchlogger: Noise value: 0x64 0x64 0x6 0x6 0x7 0x9 0x8 0x9 0x64 0x64 0x64 0x64 0x64 0x64 0x64 0x64 0x64 0x64 0x64 0x64 0x6 0x9 0x7 0x6 0x6 0x6 0x64 0x64 0x64
06-11 05:26:41.160   621   634 I ActivityManager: Start proc 8975:com.amazon.diode/u0a102 for broadcast com.amazon.diode/.events.ExternalEventReceiver
06-11 05:26:43.411   621   683 E ConnectivityService: RemoteException caught trying to send a callback msg for NetworkRequest [ LISTEN id=26, [ Capabilities: NOT_RESTRICTED&TRUSTED&NOT_VPN] ]
06-11 05:26:43.412   621  1465 I ActivityManager: Process com.amazon.diode (pid 8975) has died
06-11 05:27:40.192   208   268 I touchlogger: Current working frequency: 0x50 0x52
06-11 05:27:40.192   208   268 I touchlogger: Noise value: 0x64 0x64 0x6 0x6 0x7 0x9 0x8 0x9 0x64 0x64 0x64 0x64 0x64 0x64 0x64 0x64 0x64 0x64 0x64 0x64 0x6 0x9 0x7 0x6 0x6 0x6 0x64 0x64 0x64
06-11 05:28:40.196   208   268 I touchlogger: Current working frequency: 0x50 0x52
06-11 05:28:40.196   208   268 I touchlogger: Noise value: 0x64 0x64 0x6 0x6 0x7 0x9 0x8 0x9 0x64 0x64 0x64 0x64 0x64 0x64 0x64 0x64 0x64 0x64 0x64 0x64 0x6 0x9 0x7 0x6 0x6 0x6 0x64 0x64 0x64
--------- beginning of main
06-11 05:28:40.526  1332  2734 I chatty  : uid=10116(com.amazon.paladin) pool-1-thread-1 expire 2 lines
06-11 05:28:40.527  1332  2150 I chatty  : uid=10116(com.amazon.paladin) pool-1-thread-9 expire 4 lines
06-11 05:28:40.532   968  8467 I ...imp/TokenJobQueue[0]: Begin executing task GetToken:com.amazon.paladin/com.amazon.dcp.sso.token.oauth.amazon.access_token
06-11 05:28:40.532   968  8468 I ...vice.framework.b1[0]: Populate change for remote MAP info.
06-11 05:28:40.532   968  8467 I ...imp/TokenJobQueue[0]: Scheduled running concurrent job GetToken:com.amazon.paladin/com.amazon.dcp.sso.token.oauth.amazon.access_token.
06-11 05:28:40.532   968  8468 I ...vice.framework.b1[0]: CacheContainsPartialResults? true
06-11 05:28:40.539   968  8468 I ...imp/TokenJobQueue[0]: Finish executing task GetToken:com.amazon.paladin/com.amazon.dcp.sso.token.oauth.amazon.access_token.
06-11 05:28:40.542  1332  1838 I chatty  : uid=10116(com.amazon.paladin) pool-1-thread-2 expire 4 lines
06-11 05:28:40.543  1332  1332 I chatty  : uid=10116(com.amazon.paladin) expire 23 lines
06-11 05:28:40.545  1332  2266 I chatty  : uid=10116(com.amazon.paladin) pool-1-thread-1 expire 4 lines
06-11 05:28:40.589  1332  1360 I chatty  : uid=10116(com.amazon.paladin) HeapTaskDaemon expire 11 lines
06-11 05:28:40.589  1332  1358 I chatty  : uid=10116(com.amazon.paladin) FinalizerDaemon expire 9 lines
06-11 05:28:41.438  1332  2647 I chatty  : uid=10116(com.amazon.paladin) AsyncTask #1 expire 1 line
06-11 05:28:40.785  1332  2146 I chatty  : uid=10116(com.amazon.paladin) pool-1-thread-7 expire 4 lines
06-11 05:28:41.292  1778  8620 I DSExtensionService: Message received from clientId : -1810236088 with connectionID: 863313692 for method: Register
06-11 05:28:41.293  1778  8620 I amzn_sarasds::logger: SarasAPIModule: Using Datastore Service ARC instance at 0x8a16cd94
06-11 05:28:41.293  1778  8620 I amzn_sarasds::logger: KeyProvider: Attached JVM to thread. Safe to drop!
06-11 05:28:41.294  1778  8620 I DSExtensionService: Sending Message for connectionID: 863313692 from clientID: -1810236088 
06-11 05:28:41.294  1778  8620 I amzn_sarasds::logger: DS:Extension:RegistrationProcessor: Successfully sent RegisterSuccess message to APL
06-11 05:28:41.296  1778  8620 I amzn_sarasds::logger: DS:Extension:DataStoreExtensionRuntime: Registration successful for connection_id=863313692, client_id=-1810236088, duration=2 ms
06-11 05:28:41.297  1778  9247 I amzn_sarasds::logger: DS:Extension:Client: LiveData initialize started for clientId=DEVICEAPP_com.amazon.paladin
06-11 05:28:41.300  1778  9256 I amzn_sarasds::logger: NotificationPublisher: Sending subscription notification for region=com.amazon.knight.ecs.settings, namespace=settings.ecs, keys=normalized_proximity and notification_type=CURRENT_VALUE
06-11 05:28:41.300  1778  9256 I DSExtensionService: Sending Message for connectionID: 863313692 from clientID: -1810236088 
06-11 05:28:41.301  1778  9256 I amzn_sarasds::logger: DS:Extension:LiveDataUpdateProcessor: Successfully updated LiveData for dsProximity
06-11 05:28:41.312  1778  9247 I amzn_sarasds::logger: DS:Extension:UpdateLiveDataBindingsTask: Attempted to updated live data bindings for connection_id=863313692, client_id=-1810236088
06-11 05:28:41.431  1778  8309 I amzn_sarasds::logger: DS:Extension:Client: No pending updates found for LiveData bindings for client: DEVICEAPP_com.amazon.paladin
06-11 05:28:41.431  1778  8309 I amzn_sarasds::logger: DS:Extension:Client: No pending updates found for watched objects for client: DEVICEAPP_com.amazon.paladin
06-11 05:28:41.432  1778  8309 I amzn_sarasds::logger: DS:Extension:DataStoreExtensionRuntime: Successfully enabled proactive updates for connection_id=863313692, client_id=-1810236088
06-11 05:28:40.700  1332  1842 I chatty  : uid=10116(com.amazon.paladin) pool-1-thread-4 expire 5 lines
06-11 05:28:41.469  1332  2247 I chatty  : uid=10116(com.amazon.paladin) pool-1-thread-1 expire 5 lines
06-11 05:28:41.497  1332  2056 I chatty  : uid=10116(com.amazon.paladin) pool-1-thread-5 expire 5 lines
06-11 05:28:41.640   621   735 W Eve     : FLUIDITY_ALERT: last minute: 46|5|229|65|0 total=2428 dropped=1318 max=18 component=com.amazon.paladin/.app.MMLauncherActivity
06-11 05:28:41.640   621   735 W Eve     :   top=com.amazon.paladin/.app.MMLauncherActivity launching=false
06-11 05:28:41.640   621   735 W Eve     :   prev=null screen_on=true thermal=0
06-11 05:28:41.640   621   735 W Eve     :   adb=true downloading=false
06-11 05:28:41.640   621   735 W Eve     :   memory=9999 trim=0 available=285612KB free=57496KB
06-11 05:28:45.296   298   320 I mesh_mgr: idle_event_handler_timeout(L824): handle timeout event
06-11 05:28:45.297   298   320 I mesh_mgr: discover_in_state_handler(L857): start discover one hop node
06-11 05:28:45.297   298   320 I mesh_mgr: neighbor_discover_event_handler_get(L1937): handle get event. client_id = 2, timeout_ms = 10000
06-11 05:28:50.211   907   918 I art     : Background partial concurrent mark sweep GC freed 5(152B) AllocSpace objects, 0(0B) LOS objects, 40% free, 3MB/5MB, paused 8.881ms total 55.739ms
06-11 05:28:52.971  1340  1917 I CSM-ProactiveReporter: Context with namespace KnightHome whitelisted? false. Cloud-configured whitelist? true
06-11 05:28:52.971  1340  1917 W ContextChangeObserver: Context namespace (KnightHome) name (HomeContext) failed proactive check - interface check (FAILED) device policy check (PASSED) change valid check (PASSED)
06-11 05:28:52.973  1340  1917 I CSM-ProactiveReporter: Context with namespace KnightHome whitelisted? false. Cloud-configured whitelist? true
06-11 05:28:52.973  1340  1917 W ContextChangeObserver: Context namespace (KnightHome) name (PageContext.RecentlyPlayedAudioContentProvider) failed proactive check - interface check (FAILED) device policy check (PASSED) change valid check (PASSED)
06-11 05:28:52.984  1332  1332 I chatty  : uid=10116(com.amazon.paladin) expire 25 lines
06-11 05:28:53.021  1332  2144 I chatty  : uid=10116(com.amazon.paladin) pool-1-thread-6 expire 6 lines
06-11 05:28:53.080  1778  9263 I amzn_sarasds::logger: DS:Extension:SendMessageJNICallback: Attached JVM to thread. Safe to drop!
06-11 05:28:53.080  1778  9263 W jni::wrapper::objects..: Dropping a GlobalRef in a detached thread. Fix your code if this message appears frequently (see the GlobalRef docs).
06-11 05:28:53.083  1778  9263 W jni::wrapper::objects..: Dropping a GlobalRef in a detached thread. Fix your code if this message appears frequently (see the GlobalRef docs).
06-11 05:28:53.083  1778  9263 I amzn_sarasds::logger: DS:Extension:DeregisterConnectionTask: Successfully de-registered connection for connection_id=580797266
06-11 05:28:53.221  1332  3341 I chatty  : uid=10116(com.amazon.paladin) pool-2-thread-1 expire 2 lines
06-11 05:28:55.297   298   320 I mesh_mgr: neighbor_notify_get_cb(L1031): notify get cb. client_id = 2, status = 0
06-11 05:28:55.297   298   320 I mesh_mgr: discover_event_handler_discover(L977): handle neighbor get cb event. client_id = 2, status = 0, cnt = 0
06-11 05:28:55.297   298   320 I mesh_mgr: discover_event_handler_discover(L1075): no one hop node is discovered
06-11 05:28:55.297   298   320 I mesh_mgr: netmon_complete(L417): network monitor is completed
06-11 05:28:55.297   298   320 I mesh_mgr: netmon_complete(L455): before consolidate
06-11 05:28:55.297   298   320 I mesh_mgr: netmon_complete(L472): after consolidate
06-11 05:28:55.297   298   320 I mesh_mgr: mesh_mgr_rtable_reachability_table_migrate(L1448): reachability table is not updated
06-11 05:29:02.829  5702  5756 I SpotifyMediaSessionPlayer: [    5] I SpotifyESDKAdapter:SpotifyLogMessage:message=D esdk pump\:APConn \:141 ApSendPacketV Sent (73) to ap Size 4
06-11 05:29:02.829  5702  5756 I SpotifyMediaSessionPlayer: [    5] I SpotifyESDKAdapter:connectionNotify:event=kSpConnectionNotifyTransmittingData
06-11 05:29:04.203   292   292 I perfmonitord:StatUtil: MemoryUtilization is at 72%
06-11 05:29:04.204   292   292 I perfmonitord:VmStatMonitor: pgpgin=3050310,pgpgout=186413,pswpin=45431,pswpout=92255,pgmajfault=71870,workingset_refault=386961,kswapd_low_wmark_hit_quickly=287
06-11 05:29:05.994  1340  1917 I CSM-ProactiveReporter: Context with namespace KnightHome whitelisted? false. Cloud-configured whitelist? true
06-11 05:29:05.995  1340  1917 W ContextChangeObserver: Context namespace (KnightHome) name (PageContext.RecentlyPlayedAudioContentProvider) failed proactive check - interface check (FAILED) device policy check (PASSED) change valid check (PASSED)
06-11 05:29:06.004  1332  1332 I chatty  : uid=10116(com.amazon.paladin) expire 53 lines
06-11 05:29:06.116  1332  9121 I chatty  : uid=10116(com.amazon.paladin) DefaultDispatch expire 3 lines
06-11 05:29:06.117  1332  3447 I chatty  : uid=10116(com.amazon.paladin) pool-2-thread-1 expire 1 line
06-11 05:29:06.124  1332  3309 I chatty  : uid=10116(com.amazon.paladin) pool-2-thread-7 expire 1 line
06-11 05:29:06.163  1332  8883 I chatty  : uid=10116(com.amazon.paladin) DefaultDispatch expire 2 lines
06-11 05:29:06.175  1332  3306 I chatty  : uid=10116(com.amazon.paladin) pool-2-thread-4 expire 1 line
06-11 05:29:06.179  1332  3313 I chatty  : uid=10116(com.amazon.paladin) pool-2-thread-1 expire 2 lines
06-11 05:29:06.181  1332  3711 I chatty  : uid=10116(com.amazon.paladin) Binder:1332_F expire 2 lines
06-11 05:29:06.184  1778  3610 W jni::wrapper::objects..: Dropping a GlobalRef in a detached thread. Fix your code if this message appears frequently (see the GlobalRef docs).
06-11 05:29:06.194  1778  3610 W jni::wrapper::objects..: Dropping a GlobalRef in a detached thread. Fix your code if this message appears frequently (see the GlobalRef docs).
06-11 05:29:06.198   968  8467 I ...imp/TokenJobQueue[0]: Begin executing task GetToken:com.amazon.paladin/com.amazon.dcp.sso.token.oauth.amazon.access_token
06-11 05:29:06.199   968  8468 I ...vice.framework.b1[0]: Populate change for remote MAP info.
06-11 05:29:06.199   968  8467 I ...imp/TokenJobQueue[0]: Scheduled running concurrent job GetToken:com.amazon.paladin/com.amazon.dcp.sso.token.oauth.amazon.access_token.
06-11 05:29:06.199   968  8468 I ...vice.framework.b1[0]: CacheContainsPartialResults? true
06-11 05:29:06.202   968  8468 I ...imp/TokenJobQueue[0]: Finish executing task GetToken:com.amazon.paladin/com.amazon.dcp.sso.token.oauth.amazon.access_token.
06-11 05:29:06.206  1778  3610 W jni::wrapper::objects..: Dropping a GlobalRef in a detached thread. Fix your code if this message appears frequently (see the GlobalRef docs).
06-11 05:29:06.213  1778  3610 W jni::wrapper::objects..: Dropping a GlobalRef in a detached thread. Fix your code if this message appears frequently (see the GlobalRef docs).
06-11 05:29:06.217  1332  3768 I chatty  : uid=10116(com.amazon.paladin) Binder:1332_10 expire 6 lines
06-11 05:29:06.220  1778  3610 W jni::wrapper::objects..: Dropping a GlobalRef in a detached thread. Fix your code if this message appears frequently (see the GlobalRef docs).
06-11 05:29:06.226  1778  3610 W jni::wrapper::objects..: Dropping a GlobalRef in a detached thread. Fix your code if this message appears frequently (see the GlobalRef docs).
06-11 05:29:06.231  1778  3610 W jni::wrapper::objects..: Dropping a GlobalRef in a detached thread. Fix your code if this message appears frequently (see the GlobalRef docs).
06-11 05:29:06.236  1778  3610 W jni::wrapper::objects..: Dropping a GlobalRef in a detached thread. Fix your code if this message appears frequently (see the GlobalRef docs).
06-11 05:29:06.270  1778  9271 I amzn_sarasds::logger: DS:Extension:SendMessageJNICallback: Attached JVM to thread. Safe to drop!
06-11 05:29:06.270  1778  9271 W jni::wrapper::objects..: Dropping a GlobalRef in a detached thread. Fix your code if this message appears frequently (see the GlobalRef docs).
06-11 05:29:06.279  1778  9271 W jni::wrapper::objects..: Dropping a GlobalRef in a detached thread. Fix your code if this message appears frequently (see the GlobalRef docs).
06-11 05:29:06.279  1778  9271 I amzn_sarasds::logger: DS:Extension:DeregisterConnectionTask: Successfully de-registered connection for connection_id=-149029116
06-11 05:29:06.401  1332  1841 I chatty  : uid=10116(com.amazon.paladin) pool-1-thread-3 expire 2 lines
06-11 05:29:06.409  1332  2265 I chatty  : uid=10116(com.amazon.paladin) pool-1-thread-1 expire 2 lines
06-11 05:29:07.296  1778  8309 I DSExtensionService: Message received from clientId : 713432831 with connectionID: -343216331 for method: Register
06-11 05:29:07.296  1778  8309 I amzn_sarasds::logger: SarasAPIModule: Using Datastore Service ARC instance at 0x8a16cd94
06-11 05:29:07.296  1778  8309 I amzn_sarasds::logger: KeyProvider: Attached JVM to thread. Safe to drop!
06-11 05:29:07.297  1778  8309 I DSExtensionService: Sending Message for connectionID: -343216331 from clientID: 713432831 
06-11 05:29:07.298  1778  8309 I amzn_sarasds::logger: DS:Extension:RegistrationProcessor: Successfully sent RegisterSuccess message to APL
06-11 05:29:07.300  1778  8309 I amzn_sarasds::logger: DS:Extension:DataStoreExtensionRuntime: Registration successful for connection_id=-343216331, client_id=713432831, duration=1 ms
06-11 05:29:07.317  1778  9279 I amzn_sarasds::logger: DS:Extension:Client: LiveData initialize started for clientId=DEVICEAPP_com.amazon.paladin
06-11 05:29:07.319  1778  9280 I amzn_sarasds::logger: NotificationPublisher: Sending subscription notification for region=com.amazon.knight.ecs.settings, namespace=settings.ecs, keys=normalized_proximity and notification_type=CURRENT_VALUE
06-11 05:29:07.320  1778  9279 I amzn_sarasds::logger: DS:Extension:UpdateLiveDataBindingsTask: Attempted to updated live data bindings for connection_id=-343216331, client_id=713432831
06-11 05:29:07.320  1778  9280 I DSExtensionService: Sending Message for connectionID: -343216331 from clientID: 713432831
06-11 05:29:07.322  1778  9280 I amzn_sarasds::logger: DS:Extension:LiveDataUpdateProcessor: Successfully updated LiveData for dsProximity
06-11 05:29:07.488  1778  8720 I amzn_sarasds::logger: DS:Extension:Client: No pending updates found for LiveData bindings for client: DEVICEAPP_com.amazon.paladin
06-11 05:29:07.488  1778  8720 I amzn_sarasds::logger: DS:Extension:Client: No pending updates found for watched objects for client: DEVICEAPP_com.amazon.paladin
06-11 05:29:07.489  1778  8720 I amzn_sarasds::logger: DS:Extension:DataStoreExtensionRuntime: Successfully enabled proactive updates for connection_id=-343216331, client_id=713432831
06-11 05:29:07.500  1778  8620 I DSExtensionService: Message received from clientId : 713432831 with connectionID: -343216331 for method: Command
06-11 05:29:07.501  1778  9279 I DSExtensionService: Sending Message for connectionID: -343216331 from clientID: 713432831 
06-11 05:29:07.501  1778  9281 I amzn_sarasds::logger: NotificationPublisher: Sending subscription notification for region=com.amazon.knight.ecs.settings, namespace=settings.ecs, keys=normalized_proximity and notification_type=CURRENT_VALUE
06-11 05:29:07.503  1778  9281 I DSExtensionService: Sending Message for connectionID: -343216331 from clientID: 713432831
06-11 05:29:07.503  1332  2652 I chatty  : uid=10116(com.amazon.paladin) AsyncTask #3 expire 1 line
06-11 05:29:07.527  1778  9279 I amzn_sarasds::logger: DS:Extension:ExecuteCommandTask: Successfully executed command for connection_id=-343216331, client_id=713432831
06-11 05:29:07.559  1332  2147 I chatty  : uid=10116(com.amazon.paladin) pool-1-thread-8 expire 3 lines
06-11 05:29:07.751  1332  1360 I chatty  : uid=10116(com.amazon.paladin) HeapTaskDaemon expire 9 lines
06-11 05:29:07.826  1332  1332 I chatty  : uid=10116(com.amazon.paladin) expire 26 lines
06-11 05:29:19.033  1340  1917 I CSM-ProactiveReporter: Context with namespace KnightHome whitelisted? false. Cloud-configured whitelist? true
06-11 05:29:19.033  1340  1917 W ContextChangeObserver: Context namespace (KnightHome) name (HomeContext) failed proactive check - interface check (FAILED) device policy check (PASSED) change valid check (PASSED)
06-11 05:29:19.077  1332  2735 I chatty  : uid=10116(com.amazon.paladin) pool-1-thread-1 expire 4 lines
06-11 05:29:19.080  1332  8883 I chatty  : uid=10116(com.amazon.paladin) DefaultDispatch expire 4 lines
06-11 05:29:19.201  1332  3768 I chatty  : uid=10116(com.amazon.paladin) Binder:1332_10 expire 10 lines
06-11 05:29:19.205  1778  3610 W jni::wrapper::objects..: Dropping a GlobalRef in a detached thread. Fix your code if this message appears frequently (see the GlobalRef docs).
06-11 05:29:19.216  1778  3610 W jni::wrapper::objects..: Dropping a GlobalRef in a detached thread. Fix your code if this message appears frequently (see the GlobalRef docs).
06-11 05:29:19.221  1778  3610 W jni::wrapper::objects..: Dropping a GlobalRef in a detached thread. Fix your code if this message appears frequently (see the GlobalRef docs).
06-11 05:29:19.232  1778  3610 W jni::wrapper::objects..: Dropping a GlobalRef in a detached thread. Fix your code if this message appears frequently (see the GlobalRef docs).
06-11 05:29:19.248  1778  3610 W jni::wrapper::objects..: Dropping a GlobalRef in a detached thread. Fix your code if this message appears frequently (see the GlobalRef docs).
06-11 05:29:19.253  1332  9121 I chatty  : uid=10116(com.amazon.paladin) DefaultDispatch expire 1 line
06-11 05:29:19.256  1778  3610 W jni::wrapper::objects..: Dropping a GlobalRef in a detached thread. Fix your code if this message appears frequently (see the GlobalRef docs).
06-11 05:29:19.256  1332  3310 I chatty  : uid=10116(com.amazon.paladin) pool-2-thread-8 expire 2 lines
06-11 05:29:19.268  1778  3610 W jni::wrapper::objects..: Dropping a GlobalRef in a detached thread. Fix your code if this message appears frequently (see the GlobalRef docs).
06-11 05:29:19.275  1332  1361 I chatty  : uid=10116(com.amazon.paladin) Binder:1332_1 expire 1 line
06-11 05:29:19.276  1332  1332 I chatty  : uid=10116(com.amazon.paladin) expire 121 lines
06-11 05:29:19.279  1778  3610 W jni::wrapper::objects..: Dropping a GlobalRef in a detached thread. Fix your code if this message appears frequently (see the GlobalRef docs).
06-11 05:29:19.310  1332  9064 I chatty  : uid=10116(com.amazon.paladin) DefaultDispatch expire 2 lines
06-11 05:29:19.332  1332  3343 I chatty  : uid=10116(com.amazon.paladin) pool-2-thread-1 expire 1 line
06-11 05:29:19.335  1332  3450 I chatty  : uid=10116(com.amazon.paladin) pool-2-thread-1 expire 2 lines
06-11 05:29:19.351  1332  2146 I chatty  : uid=10116(com.amazon.paladin) pool-1-thread-7 expire 2 lines
06-11 05:29:19.391  1332  2120 I chatty  : uid=10116(com.amazon.paladin) BatchTransmitte expire 1 line
06-11 05:29:19.401  1332  1841 I chatty  : uid=10116(com.amazon.paladin) pool-1-thread-3 expire 2 lines
06-11 05:29:19.460  1332  1692 I chatty  : uid=10116(com.amazon.paladin) pool-1-thread-1 expire 2 lines
06-11 05:29:19.463  1332  2268 I chatty  : uid=10116(com.amazon.paladin) pool-1-thread-1 expire 2 lines
06-11 05:29:19.463  1332  1842 I chatty  : uid=10116(com.amazon.paladin) pool-1-thread-4 expire 2 lines
06-11 05:29:19.468  1332  2267 I chatty  : uid=10116(com.amazon.paladin) pool-1-thread-1 expire 2 lines
06-11 05:29:19.468  1332  2247 I chatty  : uid=10116(com.amazon.paladin) pool-1-thread-1 expire 2 lines
06-11 05:29:19.472  1332  2150 I chatty  : uid=10116(com.amazon.paladin) pool-1-thread-9 expire 2 lines
06-11 05:29:19.703  1332  2122 I chatty  : uid=10116(com.amazon.paladin) BatchTransmitte expire 1 line
06-11 05:29:19.777  1332  1358 I chatty  : uid=10116(com.amazon.paladin) FinalizerDaemon expire 2 lines
06-11 05:29:19.945  1332  1838 I chatty  : uid=10116(com.amazon.paladin) pool-1-thread-2 expire 2 lines
06-11 05:29:20.283  1778  8309 I DSExtensionService: Message received from clientId : -852810717 with connectionID: 1997927300 for method: Register
06-11 05:29:20.283  1778  8309 I amzn_sarasds::logger: SarasAPIModule: Using Datastore Service ARC instance at 0x8a16cd94
06-11 05:29:20.283  1778  8309 I amzn_sarasds::logger: KeyProvider: Attached JVM to thread. Safe to drop!
06-11 05:29:20.284  1778  8309 I DSExtensionService: Sending Message for connectionID: 1997927300 from clientID: -852810717 
06-11 05:29:20.286  1778  8309 I amzn_sarasds::logger: DS:Extension:RegistrationProcessor: Successfully sent RegisterSuccess message to APL
06-11 05:29:20.292  1778  8309 I amzn_sarasds::logger: DS:Extension:DataStoreExtensionRuntime: Registration successful for connection_id=1997927300, client_id=-852810717, duration=2 ms
06-11 05:29:20.303  1778  9295 I amzn_sarasds::logger: DS:Extension:Client: LiveData initialize started for clientId=DEVICEAPP_com.amazon.paladin
06-11 05:29:20.307  1778  9296 I amzn_sarasds::logger: NotificationPublisher: Sending subscription notification for region=com.amazon.knight.ecs.settings, namespace=settings.ecs, keys=normalized_proximity and notification_type=CURRENT_VALUE
06-11 05:29:20.308  1778  9296 I DSExtensionService: Sending Message for connectionID: 1997927300 from clientID: -852810717 
06-11 05:29:20.311  1778  9295 I amzn_sarasds::logger: DS:Extension:UpdateLiveDataBindingsTask: Attempted to updated live data bindings for connection_id=1997927300, client_id=-852810717
06-11 05:29:20.313  1778  9296 I amzn_sarasds::logger: DS:Extension:LiveDataUpdateProcessor: Successfully updated LiveData for dsProximity
06-11 05:29:20.367  1332  2647 I chatty  : uid=10116(com.amazon.paladin) AsyncTask #1 expire 5 lines
06-11 05:29:20.462  1778  8720 I amzn_sarasds::logger: DS:Extension:Client: No pending updates found for LiveData bindings for client: DEVICEAPP_com.amazon.paladin
06-11 05:29:20.462  1778  8720 I amzn_sarasds::logger: DS:Extension:Client: No pending updates found for watched objects for client: DEVICEAPP_com.amazon.paladin
06-11 05:29:20.463  1778  8720 I amzn_sarasds::logger: DS:Extension:DataStoreExtensionRuntime: Successfully enabled proactive updates for connection_id=1997927300, client_id=-852810717
06-11 05:29:20.483  1778  8620 I DSExtensionService: Message received from clientId : -852810717 with connectionID: 1997927300 for method: Command
06-11 05:29:20.485  1778  9295 I DSExtensionService: Sending Message for connectionID: 1997927300 from clientID: -852810717 
06-11 05:29:20.485  1778  9297 I amzn_sarasds::logger: NotificationPublisher: Sending subscription notification for region=com.amazon.knight.ecs.settings, namespace=settings.ecs, keys=normalized_proximity and notification_type=CURRENT_VALUE
06-11 05:29:20.487  1778  9297 I DSExtensionService: Sending Message for connectionID: 1997927300 from clientID: -852810717 
06-11 05:29:20.489  1778  9295 I amzn_sarasds::logger: DS:Extension:ExecuteCommandTask: Successfully executed command for connection_id=1997927300, client_id=-852810717
06-11 05:29:20.507  1332  2266 I chatty  : uid=10116(com.amazon.paladin) pool-1-thread-1 expire 3 lines
06-11 05:29:20.511  1332  2056 I chatty  : uid=10116(com.amazon.paladin) pool-1-thread-5 expire 3 lines
06-11 05:29:27.283  1332  1332 I chatty  : uid=10116(com.amazon.paladin) expire 4020 lines
06-11 05:29:28.603  1078  1141 I Metrics:BatchTransmitte: QueuePusher.sendBatches - Drained batch queue.; Number of HIGH_NON_ANONYMOUS queue batches sent: 0
06-11 05:29:28.603  1078  1140 I Metrics:BatchTransmitte: QueuePusher.sendBatches - Drained batch queue.; Number of HIGH_ANONYMOUS queue batches sent: 0
06-11 05:29:32.069  1340  1917 I CSM-ProactiveReporter: Context with namespace KnightHome whitelisted? false. Cloud-configured whitelist? true
06-11 05:29:32.069  1340  1917 W ContextChangeObserver: Context namespace (KnightHome) name (HomeContext) failed proactive check - interface check (FAILED) device policy check (PASSED) change valid check (PASSED)
06-11 05:29:32.120  1332  2734 I chatty  : uid=10116(com.amazon.paladin) pool-1-thread-1 expire 6 lines
06-11 05:29:32.123  1332  9064 I chatty  : uid=10116(com.amazon.paladin) DefaultDispatch expire 4 lines
06-11 05:29:32.198  1332  1360 I chatty  : uid=10116(com.amazon.paladin) HeapTaskDaemon expire 5 lines
06-11 05:29:32.231  1332  3768 I chatty  : uid=10116(com.amazon.paladin) Binder:1332_10 expire 10 lines
06-11 05:29:32.244  1778  3610 W jni::wrapper::objects..: Dropping a GlobalRef in a detached thread. Fix your code if this message appears frequently (see the GlobalRef docs).
06-11 05:29:32.252  1778  3610 W jni::wrapper::objects..: Dropping a GlobalRef in a detached thread. Fix your code if this message appears frequently (see the GlobalRef docs).
06-11 05:29:32.260  1778  3610 W jni::wrapper::objects..: Dropping a GlobalRef in a detached thread. Fix your code if this message appears frequently (see the GlobalRef docs).
06-11 05:29:32.265  1778  3610 W jni::wrapper::objects..: Dropping a GlobalRef in a detached thread. Fix your code if this message appears frequently (see the GlobalRef docs).
06-11 05:29:32.272  1778  3610 W jni::wrapper::objects..: Dropping a GlobalRef in a detached thread. Fix your code if this message appears frequently (see the GlobalRef docs).
06-11 05:29:32.281  1778  3610 W jni::wrapper::objects..: Dropping a GlobalRef in a detached thread. Fix your code if this message appears frequently (see the GlobalRef docs).
06-11 05:29:32.289  1778  3610 W jni::wrapper::objects..: Dropping a GlobalRef in a detached thread. Fix your code if this message appears frequently (see the GlobalRef docs).
06-11 05:29:32.315  1778  3610 W jni::wrapper::objects..: Dropping a GlobalRef in a detached thread. Fix your code if this message appears frequently (see the GlobalRef docs).
06-11 05:29:32.331  1332  9065 I chatty  : uid=10116(com.amazon.paladin) DefaultDispatch expire 1 line
06-11 05:29:32.339  1332  3304 I chatty  : uid=10116(com.amazon.paladin) pool-2-thread-2 expire 1 line
06-11 05:29:32.341  1332  3311 I chatty  : uid=10116(com.amazon.paladin) pool-2-thread-9 expire 1 line
06-11 05:29:32.395  1332  9121 I chatty  : uid=10116(com.amazon.paladin) DefaultDispatch expire 2 lines
06-11 05:29:32.425  1778  9303 I amzn_sarasds::logger: DS:Extension:SendMessageJNICallback: Attached JVM to thread. Safe to drop!
06-11 05:29:32.425  1778  9303 W jni::wrapper::objects..: Dropping a GlobalRef in a detached thread. Fix your code if this message appears frequently (see the GlobalRef docs).
06-11 05:29:32.434  1332  3449 I chatty  : uid=10116(com.amazon.paladin) pool-2-thread-1 expire 1 line
06-11 05:29:32.446  1332  3307 I chatty  : uid=10116(com.amazon.paladin) pool-2-thread-5 expire 2 lines
06-11 05:29:32.447  1778  9303 W jni::wrapper::objects..: Dropping a GlobalRef in a detached thread. Fix your code if this message appears frequently (see the GlobalRef docs).
06-11 05:29:32.447  1778  9303 I amzn_sarasds::logger: DS:Extension:DeregisterConnectionTask: Successfully de-registered connection for connection_id=766660516
06-11 05:29:32.454  1332  1358 I chatty  : uid=10116(com.amazon.paladin) FinalizerDaemon expire 13 lines
06-11 05:29:32.459  1332  1841 I chatty  : uid=10116(com.amazon.paladin) pool-1-thread-3 expire 2 lines
06-11 05:29:32.476  1332  2144 I chatty  : uid=10116(com.amazon.paladin) pool-1-thread-6 expire 2 lines
06-11 05:29:32.485  1332  1692 I chatty  : uid=10116(com.amazon.paladin) pool-1-thread-1 expire 2 lines
06-11 05:29:32.493  1332  2147 I chatty  : uid=10116(com.amazon.paladin) pool-1-thread-8 expire 2 lines
06-11 05:29:32.494  1332  2247 I chatty  : uid=10116(com.amazon.paladin) pool-1-thread-1 expire 2 lines
06-11 05:29:32.507  1332  2267 I chatty  : uid=10116(com.amazon.paladin) pool-1-thread-1 expire 2 lines
06-11 05:29:32.516  1332  1838 I chatty  : uid=10116(com.amazon.paladin) pool-1-thread-2 expire 1 line
06-11 05:29:32.738  1332  2265 I chatty  : uid=10116(com.amazon.paladin) pool-1-thread-1 expire 2 lines
06-11 05:29:32.745  1332  2056 I chatty  : uid=10116(com.amazon.paladin) pool-1-thread-5 expire 2 lines
06-11 05:29:33.215  1332  2652 I chatty  : uid=10116(com.amazon.paladin) AsyncTask #3 expire 1 line
06-11 05:29:33.271  1332  1842 I chatty  : uid=10116(com.amazon.paladin) pool-1-thread-4 expire 3 lines
