06-11 05:06:44.995   621  1437 W ActivityManager: Slow operation: 75ms so far, now at startProcess: done updating battery stats
06-11 05:06:44.995   621  1437 W ActivityManager: Slow operation: 75ms so far, now at startProcess: building log message
06-11 05:06:44.996   621  1437 I ActivityManager: Start proc 2743:android.process.media/u0a34 for broadcast com.android.providers.media/.MediaScannerReceiver
06-11 05:06:44.996   621  1437 W ActivityManager: Slow operation: 76ms so far, now at startProcess: starting to update pids map
06-11 05:06:44.996   621  1437 W ActivityManager: Slow operation: 76ms so far, now at startProcess: done updating pids map
06-11 05:06:44.996   621  1437 W ActivityManager: Slow operation: 84ms so far, now at startProcess: done starting proc!
06-11 05:06:45.182   621   634 W BroadcastQueue: Permission Denial: broadcasting Intent { act=android.intent.action.BATTERY_CHANGED flg=0x60000010 (has extras) } from null (pid=-1, uid=-1) requires com.amazon.selector.clock.BATTERY_INDICATOR_CONSUMER due to registered receiver BroadcastFilter{f3cb796 u0 ReceiverList{b58c6b1 1332 com.amazon.paladin/10116/u0 remote:8cb8558}}
06-11 05:06:45.364  1447  1447 E ECS_DiscoveryManager: Occupancy Reporting Discovery Should Retry: ERROR_RUNTIME_EXCEPTION
06-11 05:06:45.365  1447  1447 I ECS_DiscoveryManager: Retry count: 2 - Retry publishing capabilities in 4 sec
06-11 05:06:45.954   621   727 I RuntimePersistent: Set process com.amazon.paladin to non persistent, maxAdj=1001
06-11 05:06:46.214   621  1500 E WindowManager: App trying to use insecure INPUT_FEATURE_NO_INPUT_CHANNEL flag. Ignoring
06-11 05:06:46.225   621  1261 W ActivityManager: Unable to start service Intent { cmp=com.amazon.paladin/com.amazon.knight.blink.communication.NotificationPullService } U=0: not found
06-11 05:06:46.231   621  1500 W ActivityManager: Unbind failed: could not find connection for android.os.BinderProxy@cf66e82
06-11 05:06:46.232   621  1261 W ActivityManager: Unable to start service Intent { cmp=com.amazon.paladin/com.amazon.knight.blink.communication.NotificationPullService } U=0: not found
06-11 05:06:46.840   621   727 I RuntimePersistent: Set process com.amazon.paladin to non persistent, maxAdj=1001
06-11 05:06:47.099  1879  2706 I FrameworkJumpTable: Successfully loaded all classes
06-11 05:06:47.134  1879  2706 I FrameworkJumpTable: Successfully loaded all methods
06-11 05:06:47.136  1879  2706 I FrameworkJumpTable: Successfully loaded all fields
06-11 05:06:47.136  1879  2706 I FrameworkJumpTable: Successfully loaded all constructors
06-11 05:06:47.853   621  1257 E WindowManager: App trying to use insecure INPUT_FEATURE_NO_INPUT_CHANNEL flag. Ignoring
06-11 05:06:47.904   621  1000 W PowerPolicyManagerService: Not valid activity or service not runfalse/com.amazon.paladin/com.amazon.paladin
06-11 05:06:48.248   621  1257 I ActivityManager: Start proc 2896:com.amazon.device.smarthome.dshs.services/u0a53 for broadcast com.amazon.device.smarthome.dshs.services/.devicesmarthomeservice.BootCompleteReceiver
06-11 05:06:48.248   621  1500 I AmazonPowerManagerVendorCallback: Wakelock acquired UID:1041 PID:0 Tag:AudioIn
06-11 05:06:48.249   621  1438 I AmazonPowerManagerVendorCallback: Wakelock released UID:1041 PID:0 Tag:AudioIn
06-11 05:06:48.251  1447  1447 I ECS_NightModeManager: Received event: WAKELOCK_ACQUIRED
06-11 05:06:48.251  1447  1447 I ECS_ECService: Received event: WAKELOCK_ACQUIRED
06-11 05:06:48.251  1447  1447 I ECS_ECStateMachine: Received event: WAKELOCK_ACQUIRED
06-11 05:06:48.251  1447  1447 I ECS_ProximityNormalizationLayer: Handling event: WAKELOCK_ACQUIRED
06-11 05:06:48.258  1447  1972 I ECS_ECStateMachine: handleEventInternal: WAKELOCK_ACQUIRED
06-11 05:06:48.266  1447  1447 I ECS_TimeoutManager: com.amazon.paladin acquired wakelock
06-11 05:06:48.277  1447  1447 I ECS_TimeoutManager: com.netflix.mediaclient.echo is not top package but something has a wakelock, ignoring
06-11 05:06:48.278  1447  1447 I ECS_NightModeManager: Received event: WAKELOCK_RELEASED
06-11 05:06:48.278  1447  1447 I ECS_ECService: Received event: WAKELOCK_RELEASED
06-11 05:06:48.278  1447  1447 I ECS_ECStateMachine: Received event: WAKELOCK_RELEASED
06-11 05:06:48.278  1447  1447 I ECS_ProximityNormalizationLayer: Handling event: WAKELOCK_RELEASED
06-11 05:06:48.278  1447  1447 I ECS_TimeoutManager: Wakelock release event
06-11 05:06:48.364  1447  1972 I ECS_ECStateMachine: handleEventInternal: WAKELOCK_RELEASED
06-11 05:06:48.596   621  1257 I AmazonPowerManagerVendorCallback: Wakelock acquired UID:1041 PID:0 Tag:AudioIn
06-11 05:06:48.599  1447  1447 I ECS_NightModeManager: Received event: WAKELOCK_ACQUIRED
06-11 05:06:48.599  1447  1447 I ECS_ECService: Received event: WAKELOCK_ACQUIRED
06-11 05:06:48.599  1447  1447 I ECS_ECStateMachine: Received event: WAKELOCK_ACQUIRED
06-11 05:06:48.599  1447  1447 I ECS_ProximityNormalizationLayer: Handling event: WAKELOCK_ACQUIRED
06-11 05:06:48.601  1447  1447 I ECS_TimeoutManager: com.amazon.paladin acquired wakelock
06-11 05:06:48.602  1447  1447 I ECS_TimeoutManager: com.netflix.mediaclient.echo is not top package but something has a wakelock, ignoring
06-11 05:06:48.640  1447  1972 I ECS_ECStateMachine: handleEventInternal: WAKELOCK_ACQUIRED
06-11 05:06:48.672   621  1500 I AmazonPowerManagerVendorCallback: Wakelock acquired UID:1041 PID:0 Tag:AudioIn
06-11 05:06:48.673   621  1500 I AmazonPowerManagerVendorCallback: Wakelock released UID:1041 PID:0 Tag:AudioIn
06-11 05:06:48.674  1447  1447 I ECS_NightModeManager: Received event: WAKELOCK_ACQUIRED
06-11 05:06:48.674  1447  1447 I ECS_ECService: Received event: WAKELOCK_ACQUIRED
06-11 05:06:48.674  1447  1447 I ECS_ProximityNormalizationLayer: Handling event: WAKELOCK_ACQUIRED
06-11 05:06:48.676  1447  1447 I ECS_TimeoutManager: com.amazon.paladin acquired wakelock
06-11 05:06:48.676  1447  1447 I ECS_TimeoutManager: com.netflix.mediaclient.echo is not top package but something has a wakelock, ignoring
06-11 05:06:48.677  1447  1447 I ECS_NightModeManager: Received event: WAKELOCK_RELEASED
06-11 05:06:48.677  1447  1447 I ECS_ECService: Received event: WAKELOCK_RELEASED
06-11 05:06:48.677  1447  1447 I ECS_ECStateMachine: Received event: WAKELOCK_RELEASED
06-11 05:06:48.677  1447  1447 I ECS_ProximityNormalizationLayer: Handling event: WAKELOCK_RELEASED
06-11 05:06:48.677  1447  1447 I ECS_TimeoutManager: Wakelock release event
06-11 05:06:48.704  1447  1972 I ECS_ECStateMachine: handleEventInternal: WAKELOCK_ACQUIRED
06-11 05:06:48.704  1447  1972 I ECS_ECStateMachine: handleEventInternal: WAKELOCK_RELEASED
06-11 05:06:48.909   621  1257 I AmazonPowerManagerVendorCallback: Wakelock acquired UID:1041 PID:0 Tag:AudioIn
06-11 05:06:48.919  1447  1447 I ECS_NightModeManager: Received event: WAKELOCK_ACQUIRED
06-11 05:06:48.919  1447  1447 I ECS_ECService: Received event: WAKELOCK_ACQUIRED
06-11 05:06:48.919  1447  1447 I ECS_ECStateMachine: Received event: WAKELOCK_ACQUIRED
06-11 05:06:48.919  1447  1447 I ECS_ProximityNormalizationLayer: Handling event: WAKELOCK_ACQUIRED
06-11 05:06:48.920  1447  1447 I ECS_TimeoutManager: com.amazon.paladin acquired wakelock
06-11 05:06:48.920  1447  1447 I ECS_TimeoutManager: com.netflix.mediaclient.echo is not top package but something has a wakelock, ignoring
06-11 05:06:48.922  1447  1972 I ECS_ECStateMachine: handleEventInternal: WAKELOCK_ACQUIRED
06-11 05:06:48.983   621  1257 W ActivityManager: Slow operation: 51ms so far, now at startProcess: returned from zygote!
06-11 05:06:48.983   621  1257 W ActivityManager: Slow operation: 51ms so far, now at startProcess: done updating battery stats
06-11 05:06:48.983   621  1257 W ActivityManager: Slow operation: 52ms so far, now at startProcess: building log message
06-11 05:06:48.983   621  1257 I ActivityManager: Start proc 2930:com.amazon.bluestone.keyboard/u0a65 for service com.amazon.bluestone.keyboard/.DictationIME
06-11 05:06:48.983   621  1257 W ActivityManager: Slow operation: 52ms so far, now at startProcess: starting to update pids map
06-11 05:06:48.983   621  1257 W ActivityManager: Slow operation: 52ms so far, now at startProcess: done updating pids map
06-11 05:06:48.983   621  1257 W ActivityManager: Slow operation: 53ms so far, now at startProcess: done starting proc!
06-11 05:06:49.074   621   728 W ContextImpl: Calling a method in the system process without a qualified user: android.app.ContextImpl.bindService:1450 com.amazon.android.service.banyannativesystemservice.BanyanNativeSystemService$2.run:201 <bottom of call stack> <bottom of call stack> <bottom of call stack> 
06-11 05:06:49.154   621   632 W ContextImpl: Calling a method in the system process without a qualified user: android.app.ContextImpl.bindService:1450 com.amazon.android.service.davsnativesystemservice.DAVSNativeSystemService.tryGetDAVS:154 com.amazon.android.service.davsnativesystemservice.DAVSNativeSystemService.-wrap0:-1 com.amazon.android.service.davsnativesystemservice.DAVSNativeSystemService$BinderService.registerClient:209 com.amazon.android.service.davsnativesystemservice.IDAVSSystemServerInterface$Stub.onTransact:52 
06-11 05:06:49.262   621  1255 W ContextImpl: Calling a method in the system process without a qualified user: android.app.ContextImpl.bindService:1450 com.amazon.android.service.davsnativesystemservice.DAVSNativeSystemService.tryGetDAVS:154 com.amazon.android.service.davsnativesystemservice.DAVSNativeSystemService.-wrap0:-1 com.amazon.android.service.davsnativesystemservice.DAVSNativeSystemService$BinderService.registerClient:209 com.amazon.android.service.davsnativesystemservice.IDAVSSystemServerInterface$Stub.onTransact:52 
06-11 05:06:49.271   621   967 W ContextImpl: Calling a method in the system process without a qualified user: android.app.ContextImpl.bindService:1450 com.amazon.android.service.davsnativesystemservice.DAVSNativeSystemService.tryGetDAVS:154 com.amazon.android.service.davsnativesystemservice.DAVSNativeSystemService.-wrap0:-1 com.amazon.android.service.davsnativesystemservice.DAVSNativeSystemService$BinderService.registerClient:209 com.amazon.android.service.davsnativesystemservice.IDAVSSystemServerInterface$Stub.onTransact:52 
06-11 05:06:49.349   621  1280 I ActivityManager: Start proc 2979:com.amazon.device.smarthome.adapters.ble/u0a48 for broadcast com.amazon.device.smarthome.adapters.ble/.BluetoothLEAdapterReceiver
06-11 05:06:49.366  1447  2030 I ECS_DiscoveryManager: Starting Occupancy Reporting capability publishing
06-11 05:06:49.885   621  3019 I BootReceiver: Copying audit failures to DropBox
06-11 05:06:49.885   621  3019 I BootReceiver: Checking for fsck errors
06-11 05:06:49.905   621   621 W ActivityManager: Slow operation: 86ms so far, now at startProcess: returned from zygote!
06-11 05:06:49.905   621   621 W ActivityManager: Slow operation: 86ms so far, now at startProcess: done updating battery stats
06-11 05:06:49.905   621   621 W ActivityManager: Slow operation: 86ms so far, now at startProcess: building log message
06-11 05:06:49.905   621   621 I ActivityManager: Start proc 3023:com.amazon.d3/u0a99 for broadcast com.amazon.d3/.receivers.BootCompleteReceiver
06-11 05:06:49.905   621   621 W ActivityManager: Slow operation: 86ms so far, now at startProcess: starting to update pids map
06-11 05:06:49.905   621   621 W ActivityManager: Slow operation: 86ms so far, now at startProcess: done updating pids map
06-11 05:06:49.905   621   621 W ActivityManager: Slow operation: 87ms so far, now at startProcess: done starting proc!
06-11 05:06:50.493   621  1437 W ActivityManager: Slow operation: 148ms so far, now at attachApplicationLocked: after sendPendingBroadcastsLocked
06-11 05:06:50.743   621   727 I RuntimePersistent: Set process com.amazon.device.smarthome.adapters.echo to non persistent, maxAdj=1001
06-11 05:06:50.871   621   912 W ContextImpl: Calling a method in the system process without a qualified user: android.app.ContextImpl.bindService:1450 com.amazon.incore.InCoreConnectorImp.tryGetINCORE:162 com.amazon.incore.InCoreConnectorImp$3.run:61 android.os.Handler.handleCallback:751 android.os.Handler.dispatchMessage:95 
06-11 05:06:51.235  2930  2930 I FrameworkJumpTable: Successfully loaded all classes
06-11 05:06:51.258  2930  2930 I FrameworkJumpTable: Successfully loaded all methods
06-11 05:06:51.262  2930  2930 I FrameworkJumpTable: Successfully loaded all fields
06-11 05:06:51.263  2930  2930 I FrameworkJumpTable: Successfully loaded all constructors
06-11 05:06:51.548   621  1438 I ActivityManager: Start proc 3111:com.amazon.providers.contentsupport/u0a7 for content provider com.amazon.providers.contentsupport/.ContentSupportProvider
06-11 05:06:52.730   621  1159 W ActivityManager: Unbind failed: could not find connection for android.app.LoadedApk$ServiceDispatcher$InnerConnection@b6f1885
06-11 05:06:52.759   621  1165 W ActivityManager: Unbind failed: could not find connection for android.app.LoadedApk$ServiceDispatcher$InnerConnection@3cf28e7
06-11 05:06:52.855  1287  1287 I FrameworkJumpTable: Successfully loaded all classes
06-11 05:06:52.890  1287  1287 I FrameworkJumpTable: Successfully loaded all methods
06-11 05:06:52.894  1287  1287 I FrameworkJumpTable: Successfully loaded all fields
06-11 05:06:52.894  1287  1287 I FrameworkJumpTable: Successfully loaded all constructors
06-11 05:06:52.970  2979  3154 I FrameworkJumpTable: Successfully loaded all classes
06-11 05:06:53.169  2979  3154 I FrameworkJumpTable: Successfully loaded all methods
06-11 05:06:53.308  2979  3154 I FrameworkJumpTable: Successfully loaded all fields
06-11 05:06:53.308  2979  3154 I FrameworkJumpTable: Successfully loaded all constructors
06-11 05:06:53.835   621  1257 I AmazonPowerManagerVendorCallback: Wakelock acquired UID:1041 PID:0 Tag:AudioMix
06-11 05:06:53.837  1447  1447 I ECS_NightModeManager: Received event: WAKELOCK_ACQUIRED
06-11 05:06:53.837  1447  1447 I ECS_ECService: Received event: WAKELOCK_ACQUIRED
06-11 05:06:53.837  1447  1447 I ECS_ProximityNormalizationLayer: Handling event: WAKELOCK_ACQUIRED
06-11 05:06:53.838  1447  1447 I ECS_TimeoutManager: com.amazon.paladin acquired wakelock
06-11 05:06:53.841  1447  1447 I ECS_TimeoutManager: com.netflix.mediaclient.echo is not top package but something has a wakelock, ignoring
06-11 05:06:53.849  1447  1972 I ECS_ECStateMachine: handleEventInternal: WAKELOCK_ACQUIRED
06-11 05:06:54.079  3023  3023 I FrameworkJumpTable: Successfully loaded all classes
06-11 05:06:54.115  3023  3023 I FrameworkJumpTable: Successfully loaded all methods
06-11 05:06:54.117  3023  3023 I FrameworkJumpTable: Successfully loaded all fields
06-11 05:06:54.117  3023  3023 I FrameworkJumpTable: Successfully loaded all constructors
06-11 05:06:54.660   621   633 E RemotePrintSpooler: Error removing obsolete print jobs .
06-11 05:06:54.660   621   633 E RemotePrintSpooler: java.util.concurrent.TimeoutException: Cannot get spooler!
06-11 05:06:54.660   621   633 E RemotePrintSpooler: 	at com.android.server.print.RemotePrintSpooler.bindLocked(RemotePrintSpooler.java:633)
06-11 05:06:54.660   621   633 E RemotePrintSpooler: 	at com.android.server.print.RemotePrintSpooler.getRemoteInstanceLazy(RemotePrintSpooler.java:602)
06-11 05:06:54.660   621   633 E RemotePrintSpooler: 	at com.android.server.print.RemotePrintSpooler.removeObsoletePrintJobs(RemotePrintSpooler.java:537)
06-11 05:06:54.660   621   633 E RemotePrintSpooler: 	at com.android.server.print.UserState.removeObsoletePrintJobs(UserState.java:200)
06-11 05:06:54.660   621   633 E RemotePrintSpooler: 	at com.android.server.print.PrintManagerService$PrintManagerImpl$3.run(PrintManagerService.java:881)
06-11 05:06:54.660   621   633 E RemotePrintSpooler: 	at android.os.Handler.handleCallback(Handler.java:751)
06-11 05:06:54.660   621   633 E RemotePrintSpooler: 	at android.os.Handler.dispatchMessage(Handler.java:95)
06-11 05:06:54.660   621   633 E RemotePrintSpooler: 	at android.os.Looper.loop(Looper.java:154)
06-11 05:06:54.660   621   633 E RemotePrintSpooler: 	at android.os.HandlerThread.run(HandlerThread.java:61)
06-11 05:06:54.661   621   633 I UsageStatsService: Time changed in UsageStats by 56478 seconds
06-11 05:06:54.661   621   633 I UsageStatsService: User[0] Flushing usage stats to disk
06-11 05:06:54.808   621  1257 I ActivityManager: Process com.amazon.d3 (pid 3023) has died
06-11 05:06:54.884   621   634 I ActivityManager: Start proc 3249:com.amazon.spotlight/u0a122 for broadcast com.amazon.spotlight/.receivers.SystemEventsReceiver
06-11 05:06:55.434   621  1490 W ActivityManager: Slow operation: 309ms so far, now at attachApplicationLocked: before bindApplication
06-11 05:06:55.434   621  1490 W ActivityManager: Slow operation: 309ms so far, now at attachApplicationLocked: immediately before bindApplication
06-11 05:06:55.471   621  1490 W ActivityManager: Slow operation: 346ms so far, now at attachApplicationLocked: immediately after bindApplication
06-11 05:06:55.471   621  1490 W ActivityManager: Slow operation: 346ms so far, now at attachApplicationLocked: after updateLruProcessLocked
06-11 05:06:55.471   621  1490 W ActivityManager: Slow operation: 346ms so far, now at attachApplicationLocked: after mServices.attachApplicationLocked
06-11 05:06:55.475   621  1490 W ActivityManager: Slow operation: 350ms so far, now at attachApplicationLocked: after sendPendingBroadcastsLocked
06-11 05:06:55.523   621  3267 I CrashReporterActivityManagerCallback: addErrorToDropBox inserted hashcode=869ea0404fceb2089a151c3067deda422b5c2c3 for eventType wtf.
06-11 05:06:55.680   621  3269 I CrashReporterActivityManagerCallback: addErrorToDropBox inserted hashcode=28b3e9d208745b6d53057e56f963971d4ee54279 for eventType wtf.
06-11 05:06:56.488   621  3276 I CrashReporterActivityManagerCallback: addErrorToDropBox inserted hashcode=28b3e9d208745b6d53057e56f963971d4ee54279 for eventType wtf.
06-11 05:06:56.535   621   633 I UsageStatsDatabase: Time changed by +15h41m18s44ms. files deleted: 0 files moved: 4
06-11 05:06:56.570   621  3277 I CrashReporterActivityManagerCallback: addErrorToDropBox inserted hashcode=28b3e9d208745b6d53057e56f963971d4ee54279 for eventType wtf.
06-11 05:06:57.063   621   633 I UsageStatsService: User[0] Rollover scheduled @ 2024-06-12 09:07:33(1718163453890)
06-11 05:06:57.126   621  3281 I CrashReporterActivityManagerCallback: addErrorToDropBox inserted hashcode=869ea0404fceb2089a151c3067deda422b5c2c3 for eventType wtf.
06-11 05:06:57.401   621   631 I AmazonPowerManagerVendorCallback: Wakelock released UID:1041 PID:0 Tag:AudioMix
06-11 05:06:57.406  1447  1447 I ECS_NightModeManager: Received event: WAKELOCK_RELEASED
06-11 05:06:57.406  1447  1447 I ECS_ECService: Received event: WAKELOCK_RELEASED
06-11 05:06:57.406  1447  1447 I ECS_ECStateMachine: Received event: WAKELOCK_RELEASED
06-11 05:06:57.406  1447  1447 I ECS_ProximityNormalizationLayer: Handling event: WAKELOCK_RELEASED
06-11 05:06:57.406  1447  1447 I ECS_TimeoutManager: Wakelock release event
06-11 05:06:57.407  1447  1972 I ECS_ECStateMachine: handleEventInternal: WAKELOCK_RELEASED
06-11 05:06:58.221   621   633 I CrashDescriptorUtil: addErrorToCommonLog Hash already present in file
06-11 05:06:58.252   621   634 I ActivityManager: Waited long enough for: ServiceRecord{aed5f69 u0 com.amazon.cmb/.CmbService}
06-11 05:06:58.414  1447  1447 I ECS_DiscoveryManager: Occupancy Reporting Discovery Success: SUCCESS_NOOP
06-11 05:06:59.881   621  1261 W ActivityManager: Unable to start service Intent { cmp=com.amazon.tv.csg.dnwstateservice/.DNWStateService } U=0: not found
06-11 05:06:59.945   621   727 I RuntimePersistent: Set process com.amazon.device.software.ota to persistent, maxAdj=1001
06-11 05:06:59.953   621   727 I RuntimePersistent: Set process com.amazon.device.software.ota to persistent, maxAdj=-800
06-11 05:07:00.008  1551  1551 I FrameworkJumpTable: Successfully loaded all classes
06-11 05:07:00.062  1551  1551 I FrameworkJumpTable: Successfully loaded all methods
06-11 05:07:00.075  1551  1551 I FrameworkJumpTable: Successfully loaded all fields
06-11 05:07:00.075  1551  1551 I FrameworkJumpTable: Successfully loaded all constructors
06-11 05:07:00.158   621  1465 W ActivityManager: Slow operation: 89ms so far, now at startProcess: returned from zygote!
06-11 05:07:00.158   621  1465 W ActivityManager: Slow operation: 89ms so far, now at startProcess: done updating battery stats
06-11 05:07:00.159   621  1465 W ActivityManager: Slow operation: 90ms so far, now at startProcess: building log message
06-11 05:07:00.159   621  1465 I ActivityManager: Start proc 3351:com.amazon.whisperjoin.middleware.np/u0a130 for broadcast com.amazon.whisperjoin.middleware.np/com.amazon.whisperjoin.middleware.receivers.BootCompleteReceiver
06-11 05:07:00.159   621  1465 W ActivityManager: Slow operation: 90ms so far, now at startProcess: starting to update pids map
06-11 05:07:00.159   621  1465 W ActivityManager: Slow operation: 90ms so far, now at startProcess: done updating pids map
06-11 05:07:00.159   621  1465 W ActivityManager: Slow operation: 94ms so far, now at startProcess: done starting proc!
06-11 05:07:00.757   621   727 I RuntimePersistent: Set process com.amazon.device.software.ota to non persistent, maxAdj=1001
06-11 05:07:01.120   621   727 I RuntimePersistent: Set process com.amazon.device.software.ota to persistent, maxAdj=1001
06-11 05:07:01.304   621  1463 I ActivityManager: Start proc 3404:com.amazon.whisperjoin.wss.wifiprovisioner/u0a131 for broadcast com.amazon.whisperjoin.wss.wifiprovisioner/.receivers.BootCompleteReceiver
06-11 05:07:01.305   621  3402 I CrashReporterActivityManagerCallback: addErrorToDropBox inserted hashcode=28b3e9d208745b6d53057e56f963971d4ee54279 for eventType wtf.
06-11 05:07:01.387   621   727 I RuntimePersistent: Set process com.amazon.device.software.ota to non persistent, maxAdj=1001
06-11 05:07:01.408   621  3418 I CrashReporterActivityManagerCallback: addErrorToDropBox inserted hashcode=28b3e9d208745b6d53057e56f963971d4ee54279 for eventType wtf.
06-11 05:07:01.417   621   727 I RuntimePersistent: Set process com.amazon.device.software.ota to persistent, maxAdj=1001
06-11 05:07:01.434   621  3419 I CrashReporterActivityManagerCallback: addErrorToDropBox inserted hashcode=28b3e9d208745b6d53057e56f963971d4ee54279 for eventType wtf.
06-11 05:07:01.573   621   727 I RuntimePersistent: Set process com.amazon.device.software.ota to non persistent, maxAdj=1001
06-11 05:07:01.982  3351  3427 I FrameworkJumpTable: Successfully loaded all classes
06-11 05:07:02.336  3351  3427 I FrameworkJumpTable: Successfully loaded all methods
06-11 05:07:02.339  3351  3427 I FrameworkJumpTable: Successfully loaded all fields
06-11 05:07:02.339  3351  3427 I FrameworkJumpTable: Successfully loaded all constructors
06-11 05:07:03.203   621   634 I ActivityManager: Waited long enough for: ServiceRecord{f0192b4 u0 com.android.providers.media/.MediaScannerService}
06-11 05:07:04.086   621  3478 I ActivityManager: Start proc 3482:com.amazon.kindleautomatictimezone/u0a109 for service com.amazon.kindleautomatictimezone/.AutomaticTimeZoneService
06-11 05:07:04.568   621  3515 I CrashReporterActivityManagerCallback: addErrorToDropBox inserted hashcode=869ea0404fceb2089a151c3067deda422b5c2c3 for eventType wtf.
06-11 05:07:04.663   621   993 I ActivityManager: Start proc 3518:com.amazon.device.logmanager/u0a31 for broadcast com.amazon.device.logmanager/.LogManagerBootUpReceiver
06-11 05:07:05.462   621  3544 I CrashReporterActivityManagerCallback: addErrorToDropBox inserted hashcode=28b3e9d208745b6d53057e56f963971d4ee54279 for eventType wtf.
06-11 05:07:05.885   621  1463 W ActivityManager: Slow operation: 59ms so far, now at startProcess: returned from zygote!
06-11 05:07:05.885   621  1463 W ActivityManager: Slow operation: 59ms so far, now at startProcess: done updating battery stats
06-11 05:07:05.885   621  1463 W ActivityManager: Slow operation: 59ms so far, now at startProcess: building log message
06-11 05:07:05.885   621  1463 I ActivityManager: Start proc 3550:amazon.speech.wakeword.datacollectservice/u0a153 for broadcast amazon.speech.wakeword.datacollectservice/.BootCompleteReceiver
06-11 05:07:05.885   621  1463 W ActivityManager: Slow operation: 59ms so far, now at startProcess: starting to update pids map
06-11 05:07:05.885   621  1463 W ActivityManager: Slow operation: 59ms so far, now at startProcess: done updating pids map
06-11 05:07:05.885   621  1463 W ActivityManager: Slow operation: 59ms so far, now at startProcess: done starting proc!
06-11 05:07:05.913   621  3556 I CrashReporterActivityManagerCallback: addErrorToDropBox inserted hashcode=28b3e9d208745b6d53057e56f963971d4ee54279 for eventType wtf.
06-11 05:07:06.179   621  3566 I CrashReporterActivityManagerCallback: addErrorToDropBox inserted hashcode=28b3e9d208745b6d53057e56f963971d4ee54279 for eventType wtf.
06-11 05:07:06.248   621   633 I CrashDescriptorUtil: addErrorToCommonLog Hash already present in file
06-11 05:07:06.257   621   633 I CrashDescriptorUtil: addErrorToCommonLog Hash already present in file
06-11 05:07:06.268   621   633 I CrashDescriptorUtil: addErrorToCommonLog Hash already present in file
06-11 05:07:06.291   621   633 I CrashDescriptorUtil: addErrorToCommonLog Hash already present in file
06-11 05:07:06.293   621   633 I CrashDescriptorUtil: addErrorToCommonLog Hash already present in file
06-11 05:07:06.337   621   633 I CrashDescriptorUtil: addErrorToCommonLog Hash already present in file
06-11 05:07:06.344   621   633 I CrashDescriptorUtil: addErrorToCommonLog Hash already present in file
06-11 05:07:06.363   621   633 I CrashDescriptorUtil: addErrorToCommonLog Hash already present in file
06-11 05:07:06.388   621   633 I CrashDescriptorUtil: addErrorToCommonLog Hash already present in file
06-11 05:07:06.400   621   633 I CrashDescriptorUtil: addErrorToCommonLog Hash already present in file
06-11 05:07:06.402   621   633 I CrashDescriptorUtil: addErrorToCommonLog Hash already present in file
06-11 05:07:06.404   621   633 I CrashDescriptorUtil: addErrorToCommonLog Hash already present in file
06-11 05:07:06.406   621   633 I CrashDescriptorUtil: addErrorToCommonLog Hash already present in file
06-11 05:07:06.950   621  1256 W ActivityManager: Slow operation: 70ms so far, now at startProcess: returned from zygote!
06-11 05:07:06.950   621  1256 W ActivityManager: Slow operation: 70ms so far, now at startProcess: done updating battery stats
06-11 05:07:06.950   621  1256 W ActivityManager: Slow operation: 70ms so far, now at startProcess: building log message
06-11 05:07:06.950   621  1256 I ActivityManager: Start proc 3578:com.amazon.adep/u0a69 for broadcast com.amazon.adep/.nimh.device.management.scheduler.SyncScheduleReceiver
06-11 05:07:06.950   621  1256 W ActivityManager: Slow operation: 70ms so far, now at startProcess: starting to update pids map
06-11 05:07:06.950   621  1256 W ActivityManager: Slow operation: 70ms so far, now at startProcess: done updating pids map
06-11 05:07:06.950   621  1256 W ActivityManager: Slow operation: 71ms so far, now at startProcess: done starting proc!
06-11 05:07:07.918   621  3617 I CrashReporterActivityManagerCallback: addErrorToDropBox inserted hashcode=869ea0404fceb2089a151c3067deda422b5c2c3 for eventType wtf.
06-11 05:07:07.933   621  3618 I CrashReporterActivityManagerCallback: addErrorToDropBox inserted hashcode=869ea0404fceb2089a151c3067deda422b5c2c3 for eventType wtf.
06-11 05:07:07.983  3578  3578 I FrameworkJumpTable: Successfully loaded all classes
06-11 05:07:07.998   621   633 I CrashDescriptorUtil: addErrorToCommonLog Hash already present in file
06-11 05:07:08.007   621   633 I CrashDescriptorUtil: addErrorToCommonLog Hash already present in file
06-11 05:07:08.035  3578  3578 I FrameworkJumpTable: Successfully loaded all methods
06-11 05:07:08.037  3578  3578 I FrameworkJumpTable: Successfully loaded all fields
06-11 05:07:08.037  3578  3578 I FrameworkJumpTable: Successfully loaded all constructors
06-11 05:07:08.085   621  3621 I CrashReporterActivityManagerCallback: addErrorToDropBox inserted hashcode=28b3e9d208745b6d53057e56f963971d4ee54279 for eventType wtf.
06-11 05:07:08.244   621  3627 I CrashReporterActivityManagerCallback: addErrorToDropBox inserted hashcode=28b3e9d208745b6d53057e56f963971d4ee54279 for eventType wtf.
06-11 05:07:08.253   621  3628 I CrashReporterActivityManagerCallback: addErrorToDropBox inserted hashcode=28b3e9d208745b6d53057e56f963971d4ee54279 for eventType wtf.
06-11 05:07:08.294   621   633 I CrashDescriptorUtil: addErrorToCommonLog Hash already present in file
06-11 05:07:08.302   621   633 I CrashDescriptorUtil: addErrorToCommonLog Hash already present in file
06-11 05:07:08.326   621   633 I CrashDescriptorUtil: addErrorToCommonLog Hash already present in file
06-11 05:07:08.349   621  3478 I WifiService: WifiService trying to set country code to IN with persist set to true
06-11 05:07:08.533   621   621 W ActivityManager: Slow operation: 82ms so far, now at startProcess: returned from zygote!
06-11 05:07:08.533   621   621 W ActivityManager: Slow operation: 82ms so far, now at startProcess: done updating battery stats
06-11 05:07:08.533   621   621 W ActivityManager: Slow operation: 82ms so far, now at startProcess: building log message
06-11 05:07:08.533   621   621 I ActivityManager: Start proc 3638:com.amazon.logan:a11ymetrics/u0a32 for service com.amazon.logan/.metrics.AppUsageMetricsReporter
06-11 05:07:08.533   621   621 W ActivityManager: Slow operation: 82ms so far, now at startProcess: starting to update pids map
06-11 05:07:08.533   621   621 W ActivityManager: Slow operation: 82ms so far, now at startProcess: done updating pids map
06-11 05:07:08.533   621   621 W ActivityManager: Slow operation: 82ms so far, now at startProcess: done starting proc!
06-11 05:07:08.554   621  3643 I CrashReporterActivityManagerCallback: addErrorToDropBox inserted hashcode=28b3e9d208745b6d53057e56f963971d4ee54279 for eventType wtf.
06-11 05:07:08.623   621  2556 I ActivityManager: Start proc 3652:com.amazon.afe.app/u0a70 for broadcast com.amazon.afe.app/.services.settings.TapToAlexaToggleReceiver
06-11 05:07:09.138   621  3681 I CrashReporterActivityManagerCallback: addErrorToDropBox inserted hashcode=28b3e9d208745b6d53057e56f963971d4ee54279 for eventType wtf.
06-11 05:07:09.352   621  3690 I CrashReporterActivityManagerCallback: addErrorToDropBox inserted hashcode=28b3e9d208745b6d53057e56f963971d4ee54279 for eventType wtf.
06-11 05:07:09.831   621  3707 I CrashReporterActivityManagerCallback: addErrorToDropBox inserted hashcode=869ea0404fceb2089a151c3067deda422b5c2c3 for eventType wtf.
06-11 05:07:10.051   621  3716 I CrashReporterActivityManagerCallback: addErrorToDropBox inserted hashcode=869ea0404fceb2089a151c3067deda422b5c2c3 for eventType wtf.
06-11 05:07:10.061   621  3717 I CrashReporterActivityManagerCallback: addErrorToDropBox inserted hashcode=869ea0404fceb2089a151c3067deda422b5c2c3 for eventType wtf.
06-11 05:07:10.176   621   633 I CrashDescriptorUtil: addErrorToCommonLog Hash already present in file
06-11 05:07:10.178   621   633 I CrashDescriptorUtil: addErrorToCommonLog Hash already present in file
06-11 05:07:10.183   621   633 I CrashDescriptorUtil: addErrorToCommonLog Hash already present in file
06-11 05:07:10.189   621  3720 I CrashReporterActivityManagerCallback: addErrorToDropBox inserted hashcode=869ea0404fceb2089a151c3067deda422b5c2c3 for eventType wtf.
06-11 05:07:10.194   621   633 I CrashDescriptorUtil: addErrorToCommonLog Hash already present in file
06-11 05:07:10.207   621   633 I CrashDescriptorUtil: addErrorToCommonLog Hash already present in file
06-11 05:07:10.213   621   633 I CrashDescriptorUtil: addErrorToCommonLog Hash already present in file
06-11 05:07:10.221   621   633 I CrashDescriptorUtil: addErrorToCommonLog Hash already present in file
06-11 05:07:10.503   621  3727 I CrashReporterActivityManagerCallback: addErrorToDropBox inserted hashcode=28b3e9d208745b6d53057e56f963971d4ee54279 for eventType wtf.
06-11 05:07:10.643   621  3732 I CrashReporterActivityManagerCallback: addErrorToDropBox inserted hashcode=28b3e9d208745b6d53057e56f963971d4ee54279 for eventType wtf.
06-11 05:07:10.655   621   633 I CrashDescriptorUtil: addErrorToCommonLog Hash already present in file
06-11 05:07:10.665   621   633 I CrashDescriptorUtil: addErrorToCommonLog Hash already present in file
06-11 05:07:10.887   621  3742 I CrashReporterActivityManagerCallback: addErrorToDropBox inserted hashcode=28b3e9d208745b6d53057e56f963971d4ee54279 for eventType wtf.
06-11 05:07:10.926  3652  3652 I FrameworkJumpTable: Successfully loaded all classes
06-11 05:07:10.947  3652  3652 I FrameworkJumpTable: Successfully loaded all methods
06-11 05:07:10.949  3652  3652 I FrameworkJumpTable: Successfully loaded all fields
06-11 05:07:10.949  3652  3652 I FrameworkJumpTable: Successfully loaded all constructors
06-11 05:07:10.978   621  3753 I CrashReporterActivityManagerCallback: addErrorToDropBox inserted hashcode=28b3e9d208745b6d53057e56f963971d4ee54279 for eventType wtf.
06-11 05:07:10.985   621   633 I CrashDescriptorUtil: addErrorToCommonLog Hash already present in file
06-11 05:07:11.029   621  3758 I CrashReporterActivityManagerCallback: addErrorToDropBox inserted hashcode=28b3e9d208745b6d53057e56f963971d4ee54279 for eventType wtf.
06-11 05:07:11.082   621  3761 I CrashReporterActivityManagerCallback: addErrorToDropBox inserted hashcode=28b3e9d208745b6d53057e56f963971d4ee54279 for eventType wtf.
06-11 05:07:11.092   621   633 I CrashDescriptorUtil: addErrorToCommonLog Hash already present in file
06-11 05:07:11.108   621   727 I RuntimePersistent: Set process com.amazon.alarms to persistent, maxAdj=1001
06-11 05:07:11.234   621   727 I RuntimePersistent: Set process com.amazon.alarms to non persistent, maxAdj=1001
06-11 05:07:11.272   621   633 I CrashDescriptorUtil: addErrorToCommonLog Hash already present in file
06-11 05:07:11.284   621   633 I CrashDescriptorUtil: addErrorToCommonLog Hash already present in file
06-11 05:07:11.642   621  3770 I CrashReporterActivityManagerCallback: addErrorToDropBox inserted hashcode=28b3e9d208745b6d53057e56f963971d4ee54279 for eventType wtf.
06-11 05:07:11.677   621   633 I CrashDescriptorUtil: addErrorToCommonLog Hash already present in file
06-11 05:07:11.691   621  3771 I CrashReporterActivityManagerCallback: addErrorToDropBox inserted hashcode=28b3e9d208745b6d53057e56f963971d4ee54279 for eventType wtf.
06-11 05:07:11.707   621   993 I ActivityManager: Killing 1494:com.android.keychain/1000 (adj 903): empty #17
06-11 05:07:11.762   621  1465 I ActivityManager: Start proc 3772:com.amazon.alta.h2clientservice/u0a105 for broadcast com.amazon.alta.h2clientservice/.receivers.SyncReceiver
06-11 05:07:11.899   621   633 I CrashDescriptorUtil: addErrorToCommonLog Hash already present in file
06-11 05:07:11.915   621  3785 I CrashReporterActivityManagerCallback: addErrorToDropBox inserted hashcode=28b3e9d208745b6d53057e56f963971d4ee54279 for eventType wtf.
06-11 05:07:11.972   621   633 I CrashDescriptorUtil: addErrorToCommonLog Hash already present in file
06-11 05:07:12.226   621  3790 I CrashReporterActivityManagerCallback: addErrorToDropBox inserted hashcode=28b3e9d208745b6d53057e56f963971d4ee54279 for eventType wtf.
06-11 05:07:12.286   621   633 I CrashDescriptorUtil: addErrorToCommonLog Hash already present in file
06-11 05:07:12.297   621  3791 I CrashReporterActivityManagerCallback: addErrorToDropBox inserted hashcode=28b3e9d208745b6d53057e56f963971d4ee54279 for eventType wtf.
06-11 05:07:12.311   621  3792 I CrashReporterActivityManagerCallback: addErrorToDropBox inserted hashcode=28b3e9d208745b6d53057e56f963971d4ee54279 for eventType wtf.
06-11 05:07:12.333   621   633 I CrashDescriptorUtil: addErrorToCommonLog Hash already present in file
06-11 05:07:12.339   621  3793 I CrashReporterActivityManagerCallback: addErrorToDropBox inserted hashcode=869ea0404fceb2089a151c3067deda422b5c2c3 for eventType wtf.
06-11 05:07:12.365  3772  3772 I FrameworkJumpTable: Successfully loaded all classes
06-11 05:07:12.370   621  3794 I CrashReporterActivityManagerCallback: addErrorToDropBox inserted hashcode=869ea0404fceb2089a151c3067deda422b5c2c3 for eventType wtf.
06-11 05:07:12.402   621   633 I CrashDescriptorUtil: addErrorToCommonLog Hash already present in file
06-11 05:07:12.408   621   633 I CrashDescriptorUtil: addErrorToCommonLog Hash already present in file
06-11 05:07:12.413  3772  3772 I FrameworkJumpTable: Successfully loaded all methods
06-11 05:07:12.416  3772  3772 I FrameworkJumpTable: Successfully loaded all fields
06-11 05:07:12.416  3772  3772 I FrameworkJumpTable: Successfully loaded all constructors
06-11 05:07:12.428   621   633 I CrashDescriptorUtil: addErrorToCommonLog Hash already present in file
06-11 05:07:12.446   621  1256 I ActivityManager: Start proc 3796:com.amazon.android.service.wifiprofilemanager/u0a154 for broadcast com.amazon.android.service.wifiprofilemanager/.WifiProfileManagerReceiver
06-11 05:07:12.451   621  1256 I ActivityManager: Killing 1194:com.amazon.wirelessmetrics.service/u0a135 (adj 903): empty #17
06-11 05:07:12.461   621  3801 I CrashReporterActivityManagerCallback: addErrorToDropBox inserted hashcode=869ea0404fceb2089a151c3067deda422b5c2c3 for eventType wtf.
06-11 05:07:12.477   621   633 I CrashDescriptorUtil: addErrorToCommonLog Hash already present in file
06-11 05:07:12.575   621  3810 I CrashReporterActivityManagerCallback: addErrorToDropBox inserted hashcode=869ea0404fceb2089a151c3067deda422b5c2c3 for eventType wtf.
06-11 05:07:12.677   621   633 I CrashDescriptorUtil: addErrorToCommonLog Hash already present in file
06-11 05:07:12.762   621  1255 I ActivityManager: Start proc 3816:com.amazon.assetsync.service/u0a85 for broadcast com.amazon.assetsync.service/com.amazon.assetsync.arcus.ConfigurationSyncReceiver
06-11 05:07:13.107  3816  3816 I FrameworkJumpTable: Successfully loaded all classes
06-11 05:07:13.134  3816  3816 I FrameworkJumpTable: Successfully loaded all methods
06-11 05:07:13.139  3816  3816 I FrameworkJumpTable: Successfully loaded all fields
06-11 05:07:13.140  3816  3816 I FrameworkJumpTable: Successfully loaded all constructors
06-11 05:07:13.163   621  3832 I CrashReporterActivityManagerCallback: addErrorToDropBox inserted hashcode=28b3e9d208745b6d53057e56f963971d4ee54279 for eventType wtf.
06-11 05:07:13.193   621   633 I CrashDescriptorUtil: addErrorToCommonLog Hash already present in file
06-11 05:07:13.461   621  3846 I CrashReporterActivityManagerCallback: addErrorToDropBox inserted hashcode=28b3e9d208745b6d53057e56f963971d4ee54279 for eventType wtf.
06-11 05:07:13.473   621   633 I CrashDescriptorUtil: addErrorToCommonLog Hash already present in file
06-11 05:07:13.477   621  3847 I CrashReporterActivityManagerCallback: addErrorToDropBox inserted hashcode=28b3e9d208745b6d53057e56f963971d4ee54279 for eventType wtf.
06-11 05:07:13.494   621   633 I CrashDescriptorUtil: addErrorToCommonLog Hash already present in file
06-11 05:07:13.516   621  3848 I CrashReporterActivityManagerCallback: addErrorToDropBox inserted hashcode=28b3e9d208745b6d53057e56f963971d4ee54279 for eventType wtf.
06-11 05:07:13.528   621  3849 I CrashReporterActivityManagerCallback: addErrorToDropBox inserted hashcode=28b3e9d208745b6d53057e56f963971d4ee54279 for eventType wtf.
06-11 05:07:13.540   621   633 I CrashDescriptorUtil: addErrorToCommonLog Hash already present in file
06-11 05:07:13.540   621  3850 I CrashReporterActivityManagerCallback: addErrorToDropBox inserted hashcode=28b3e9d208745b6d53057e56f963971d4ee54279 for eventType wtf.
06-11 05:07:13.552   621   633 I CrashDescriptorUtil: addErrorToCommonLog Hash already present in file
06-11 05:07:13.561   621  2562 I ActivityManager: Killing 2179:com.amazon.device.smarthome.dshs.multimodalux/u0a51 (adj 903): empty #17
06-11 05:07:13.569   621   633 I CrashDescriptorUtil: addErrorToCommonLog Hash already present in file
06-11 05:07:13.605   621  3853 I CrashReporterActivityManagerCallback: addErrorToDropBox inserted hashcode=28b3e9d208745b6d53057e56f963971d4ee54279 for eventType wtf.
06-11 05:07:13.615   621  3854 I CrashReporterActivityManagerCallback: addErrorToDropBox inserted hashcode=28b3e9d208745b6d53057e56f963971d4ee54279 for eventType wtf.
06-11 05:07:13.635   621  3856 I CrashReporterActivityManagerCallback: addErrorToDropBox inserted hashcode=28b3e9d208745b6d53057e56f963971d4ee54279 for eventType wtf.
06-11 05:07:13.692   621  1480 I ActivityManager: Killing 2127:com.amazon.identity.auth.device.authorization/u0a106 (adj 903): empty #17
06-11 05:07:13.725   621   633 I CrashDescriptorUtil: addErrorToCommonLog Hash already present in file
06-11 05:07:13.730   621   633 I CrashDescriptorUtil: addErrorToCommonLog Hash already present in file
06-11 05:07:13.742   621   633 I CrashDescriptorUtil: addErrorToCommonLog Hash already present in file
06-11 05:07:14.124   621  1256 I ActivityManager: Start proc 3867:com.amazon.device.crashmanager/u0a8 for broadcast com.amazon.device.crashmanager/.CrashManagerSystemReceiver
06-11 05:07:14.140   621  3872 I CrashReporterActivityManagerCallback: addErrorToDropBox inserted hashcode=28b3e9d208745b6d53057e56f963971d4ee54279 for eventType wtf.
06-11 05:07:14.193   621   633 I CrashDescriptorUtil: addErrorToCommonLog Hash already present in file
06-11 05:07:14.252   621  3883 I CrashReporterActivityManagerCallback: addErrorToDropBox inserted hashcode=28b3e9d208745b6d53057e56f963971d4ee54279 for eventType wtf.
06-11 05:07:14.256   621  3882 I CrashReporterActivityManagerCallback: addErrorToDropBox inserted hashcode=28b3e9d208745b6d53057e56f963971d4ee54279 for eventType wtf.
06-11 05:07:14.400   621   633 I CrashDescriptorUtil: addErrorToCommonLog Hash already present in file
06-11 05:07:14.415   621   633 I CrashDescriptorUtil: addErrorToCommonLog Hash already present in file
06-11 05:07:14.526   621  1465 I AmazonPowerManagerVendorCallback: Wakelock acquired UID:1041 PID:0 Tag:AudioMix
06-11 05:07:14.552  1447  1447 I ECS_NightModeManager: Received event: WAKELOCK_ACQUIRED
06-11 05:07:14.553  1447  1447 I ECS_ECService: Received event: WAKELOCK_ACQUIRED
06-11 05:07:14.553  1447  1447 I ECS_ECStateMachine: Received event: WAKELOCK_ACQUIRED
06-11 05:07:14.553  1447  1447 I ECS_ProximityNormalizationLayer: Handling event: WAKELOCK_ACQUIRED
06-11 05:07:14.555  1447  1447 I ECS_TimeoutManager: com.amazon.paladin acquired wakelock
06-11 05:07:14.556  1447  1447 I ECS_TimeoutManager: com.netflix.mediaclient.echo is not top package but something has a wakelock, ignoring
06-11 05:07:14.569  1447  1972 I ECS_ECStateMachine: handleEventInternal: WAKELOCK_ACQUIRED
06-11 05:07:15.320   621  1480 I ActivityManager: Start proc 3911:com.amazon.device.ddx/1002 for broadcast com.amazon.device.ddx/.DDXReceiver
06-11 05:07:15.510   621  3932 I CrashReporterActivityManagerCallback: addErrorToDropBox inserted hashcode=869ea0404fceb2089a151c3067deda422b5c2c3 for eventType wtf.
06-11 05:07:15.542   621  3940 I CrashReporterActivityManagerCallback: addErrorToDropBox inserted hashcode=869ea0404fceb2089a151c3067deda422b5c2c3 for eventType wtf.
06-11 05:07:15.617   621  1256 I ActivityManager: Start proc 3942:com.amazon.comms.multimodaltachyonarm:CommsWeblabFeatureLoaderService/u0a94 for service com.amazon.comms.multimodaltachyonarm/com.amazon.comms.devicecalling.weblabloaderservice.CommsWeblabFeatureLoaderService
06-11 05:07:15.719  2597  2597 I FrameworkJumpTable: Successfully loaded all classes
06-11 05:07:15.759  2597  2597 I FrameworkJumpTable: Successfully loaded all methods
06-11 05:07:15.761  2597  2597 I FrameworkJumpTable: Successfully loaded all fields
06-11 05:07:15.761  2597  2597 I FrameworkJumpTable: Successfully loaded all constructors
06-11 05:07:16.165   621  1256 I ActivityManager: Start proc 3965:com.amazon.device.echoaudioservice/u0a20 for broadcast com.amazon.device.echoaudioservice/.BootCompleteReceiver
06-11 05:07:16.277   621   634 I ActivityManager: Waited long enough for: ServiceRecord{8e50b77 u0 com.amazon.whisperjoin.middleware.np/com.amazon.whisperjoin.middleware.services.MiddlewareService}
06-11 05:07:16.376   621  3983 I CrashReporterActivityManagerCallback: addErrorToDropBox inserted hashcode=869ea0404fceb2089a151c3067deda422b5c2c3 for eventType wtf.
06-11 05:07:16.393   621  3982 I CrashReporterActivityManagerCallback: addErrorToDropBox inserted hashcode=28b3e9d208745b6d53057e56f963971d4ee54279 for eventType wtf.
06-11 05:07:16.517   621  1255 I ActivityManager: Process com.amazon.ods.kindleconnect (pid 1603) has died
06-11 05:07:16.524   621   683 E ConnectivityService: RemoteException caught trying to send a callback msg for NetworkRequest [ TRACK_DEFAULT id=10, [ Capabilities: INTERNET&NOT_RESTRICTED&TRUSTED&NOT_VPN] ]
06-11 05:07:16.786   621  3988 I CrashReporterActivityManagerCallback: addErrorToDropBox inserted hashcode=28b3e9d208745b6d53057e56f963971d4ee54279 for eventType wtf.
06-11 05:07:16.844   621   634 W BroadcastQueue: Permission Denial: broadcasting Intent { act=android.net.conn.CONNECTIVITY_CHANGE flg=0x4000010 (has extras) } from null (pid=-1, uid=-1) requires android.permission.ACCESS_NETWORK_STATE due to registered receiver BroadcastFilter{a75e77b u0 ReceiverList{a5ce30a 2597 com.amazon.comms.multimodaltachyonarm/10094/u0 remote:5c16775}}
06-11 05:07:16.855   621  3991 I CrashReporterActivityManagerCallback: addErrorToDropBox inserted hashcode=28b3e9d208745b6d53057e56f963971d4ee54279 for eventType wtf.
06-11 05:07:17.248   621   633 I CrashDescriptorUtil: addErrorToCommonLog Hash already present in file
06-11 05:07:17.261   621   633 I CrashDescriptorUtil: addErrorToCommonLog Hash already present in file
06-11 05:07:17.269   621   633 I CrashDescriptorUtil: addErrorToCommonLog Hash already present in file
06-11 05:07:17.272   621   633 I CrashDescriptorUtil: addErrorToCommonLog Hash already present in file
06-11 05:07:17.275   621   633 I CrashDescriptorUtil: addErrorToCommonLog Hash already present in file
06-11 05:07:17.276   621   633 I CrashDescriptorUtil: addErrorToCommonLog Hash already present in file
06-11 05:07:17.301   621  4006 I CrashReporterActivityManagerCallback: addErrorToDropBox inserted hashcode=28b3e9d208745b6d53057e56f963971d4ee54279 for eventType wtf.
06-11 05:07:17.306   621  4007 I CrashReporterActivityManagerCallback: addErrorToDropBox inserted hashcode=28b3e9d208745b6d53057e56f963971d4ee54279 for eventType wtf.
06-11 05:07:17.337   621  4008 I CrashReporterActivityManagerCallback: addErrorToDropBox inserted hashcode=28b3e9d208745b6d53057e56f963971d4ee54279 for eventType wtf.
06-11 05:07:17.393   621   633 I CrashDescriptorUtil: addErrorToCommonLog Hash already present in file
06-11 05:07:17.432   621   633 I CrashDescriptorUtil: addErrorToCommonLog Hash already present in file
06-11 05:07:17.438   621   633 I CrashDescriptorUtil: addErrorToCommonLog Hash already present in file
06-11 05:07:17.531   621   967 I AmazonPowerManagerVendorCallback: Wakelock released UID:1041 PID:0 Tag:AudioMix
06-11 05:07:17.538  1447  1447 I ECS_NightModeManager: Received event: WAKELOCK_RELEASED
06-11 05:07:17.538  1447  1447 I ECS_ECService: Received event: WAKELOCK_RELEASED
06-11 05:07:17.538  1447  1447 I ECS_ECStateMachine: Received event: WAKELOCK_RELEASED
06-11 05:07:17.538  1447  1447 I ECS_ProximityNormalizationLayer: Handling event: WAKELOCK_RELEASED
06-11 05:07:17.538  1447  1447 I ECS_TimeoutManager: Wakelock release event
06-11 05:07:17.557  1447  1972 I ECS_ECStateMachine: handleEventInternal: WAKELOCK_RELEASED
06-11 05:07:18.013   621   634 I ActivityManager: Waited long enough for: ServiceRecord{40e1c26 u0 com.amazon.whisperjoin.wss.wifiprovisioner/.services.ResumeProvisioningServiceAfterDelayJobService}
06-11 05:07:18.068  1457  3904 I FrameworkJumpTable: Successfully loaded all classes
06-11 05:07:18.097  1457  3904 I FrameworkJumpTable: Successfully loaded all methods
06-11 05:07:18.103  1457  3904 I FrameworkJumpTable: Successfully loaded all fields
06-11 05:07:18.103  1457  3904 I FrameworkJumpTable: Successfully loaded all constructors
06-11 05:07:18.272   621   632 W ActivityManager: Slow operation: 99ms so far, now at startProcess: returned from zygote!
06-11 05:07:18.272   621   632 W ActivityManager: Slow operation: 101ms so far, now at startProcess: done updating battery stats
06-11 05:07:18.272   621   632 W ActivityManager: Slow operation: 101ms so far, now at startProcess: building log message
06-11 05:07:18.272   621   632 I ActivityManager: Start proc 4083:com.amazon.device.metrics/u0a133 for broadcast com.amazon.device.metrics/.MetricsReceiver
06-11 05:07:18.272   621   632 W ActivityManager: Slow operation: 102ms so far, now at startProcess: starting to update pids map
06-11 05:07:18.272   621   632 W ActivityManager: Slow operation: 102ms so far, now at startProcess: done updating pids map
06-11 05:07:18.272   621   632 W ActivityManager: Slow operation: 102ms so far, now at startProcess: done starting proc!
06-11 05:07:18.737   621  1500 I ActivityManager: Process com.amazon.device.software.ota (pid 1551) has died
06-11 05:07:18.745   621  3293 I ActivityManager: Process com.amazon.comms.multimodaltachyonarm:CommsWeblabFeatureLoaderService (pid 3942) has died
06-11 05:07:18.896   621  3293 I ActivityManager: Start proc 4124:com.amazon.device.rdmapplication/u0a42 for broadcast com.amazon.device.rdmapplication/.receivers.BootReceiver
06-11 05:07:18.911   621  4129 I CrashReporterActivityManagerCallback: addErrorToDropBox inserted hashcode=28b3e9d208745b6d53057e56f963971d4ee54279 for eventType wtf.
06-11 05:07:18.950   621   633 I CrashDescriptorUtil: addErrorToCommonLog Hash already present in file
